---------------- d ALACChannelLayoutTags
---------------- t APCM_inverse_quantization
---------------- d AdaptCoeff1
---------------- d AdaptCoeff2
---------------- d AdaptationTable
---------------- T BitBufferAdvance
---------------- T BitBufferByteAlign
---------------- T BitBufferGetPosition
---------------- T BitBufferInit
---------------- T BitBufferPeek
---------------- T BitBufferPeekOne
---------------- T BitBufferRead
---------------- T BitBufferReadOne
---------------- T BitBufferReadSmall
---------------- T BitBufferReset
---------------- T BitBufferRewind
---------------- T BitBufferUnpackBERSize
---------------- T BitBufferWrite
---------------- t Decoding_of_the_coded_Log_Area_Ratios
---------------- t EncodeMono
---------------- t EncodeStereo
---------------- t EncodeStereoEscape
---------------- t Fast_Short_term_analysis_filtering
---------------- t Fast_Short_term_synthesis_filtering
---------------- T Gsm_Coder
---------------- T Gsm_Decoder
---------------- T Gsm_LPC_Analysis
---------------- T Gsm_Long_Term_Predictor
---------------- T Gsm_Long_Term_Synthesis_Filtering
---------------- T Gsm_Preprocess
---------------- T Gsm_RPE_Decoding
---------------- T Gsm_RPE_Encoding
---------------- T Gsm_Short_Term_Analysis_Filter
---------------- T Gsm_Short_Term_Synthesis_Filter
---------------- d MSGUID_SUBTYPE_ALAW
---------------- d MSGUID_SUBTYPE_ALAW.1434
---------------- d MSGUID_SUBTYPE_ALAW.1549
---------------- d MSGUID_SUBTYPE_AMBISONIC_B_FORMAT_IEEE_FLOAT
---------------- d MSGUID_SUBTYPE_AMBISONIC_B_FORMAT_IEEE_FLOAT.1433
---------------- d MSGUID_SUBTYPE_AMBISONIC_B_FORMAT_IEEE_FLOAT.1548
---------------- d MSGUID_SUBTYPE_AMBISONIC_B_FORMAT_PCM
---------------- d MSGUID_SUBTYPE_AMBISONIC_B_FORMAT_PCM.1431
---------------- d MSGUID_SUBTYPE_AMBISONIC_B_FORMAT_PCM.1546
---------------- d MSGUID_SUBTYPE_IEEE_FLOAT
---------------- d MSGUID_SUBTYPE_IEEE_FLOAT.1432
---------------- d MSGUID_SUBTYPE_IEEE_FLOAT.1547
---------------- d MSGUID_SUBTYPE_MS_ADPCM
---------------- d MSGUID_SUBTYPE_MULAW
---------------- d MSGUID_SUBTYPE_MULAW.1435
---------------- d MSGUID_SUBTYPE_MULAW.1550
---------------- d MSGUID_SUBTYPE_PCM
---------------- d MSGUID_SUBTYPE_PCM.1430
---------------- d MSGUID_SUBTYPE_PCM.1545
---------------- t Short_term_analysis_filtering
---------------- t Short_term_synthesis_filtering
---------------- d SndfileErrors
                 U __assert_fail
                 U __ctype_b_loc
                 U __ctype_tolower_loc
                 U __errno_location
                 U __isoc99_sscanf
---------------- d _dqlntab
---------------- d _dqlntab.1640
---------------- d _dqlntab.1643
---------------- d _dqlntab.1646
---------------- d _fitab
---------------- d _fitab.1642
---------------- d _fitab.1645
---------------- d _fitab.1648
---------------- d _witab
---------------- d _witab.1641
---------------- d _witab.1644
---------------- d _witab.1647
                 U access
---------------- T adpcm_decode
---------------- T adpcm_encode
---------------- T aiff_caf_find_channel_layout_tag
---------------- T aiff_caf_of_channel_layout_tag
---------------- t aiff_close
---------------- t aiff_command
---------------- t aiff_get_chunk_data
---------------- t aiff_get_chunk_size
---------------- t aiff_ima_decode_block
---------------- t aiff_ima_encode_block
---------------- T aiff_ima_init
---------------- t aiff_ima_seek
---------------- t aiff_next_chunk_iterator
---------------- T aiff_open
---------------- t aiff_set_chunk
---------------- t aiff_write_header
---------------- t aiff_write_strings
---------------- t alac_byterate
---------------- t alac_close
---------------- T alac_decode
---------------- t alac_decode_block
---------------- T alac_decoder_init
---------------- T alac_encode
---------------- t alac_encode_block
---------------- T alac_encoder_init
---------------- d alac_error_string.errstr
---------------- T alac_get_desc_chunk_items
---------------- T alac_get_magic_cookie
---------------- T alac_get_magic_cookie_size
---------------- T alac_get_source_format
---------------- T alac_init
---------------- t alac_read_d
---------------- t alac_read_f
---------------- t alac_read_i
---------------- t alac_read_s
---------------- t alac_seek
---------------- T alac_set_fastmode
---------------- t alac_write_d
---------------- t alac_write_f
---------------- t alac_write_i
---------------- t alac_write_s
---------------- d alaw_decode
---------------- d alaw_encode
---------------- T alaw_init
---------------- t alaw_read_alaw2d
---------------- t alaw_read_alaw2f
---------------- t alaw_read_alaw2i
---------------- t alaw_read_alaw2s
---------------- t alaw_write_d2alaw
---------------- t alaw_write_f2alaw
---------------- t alaw_write_i2alaw
---------------- t alaw_write_s2alaw
---------------- T append_snprintf
---------------- t au_close
---------------- T au_open
---------------- t au_write_header
---------------- T audio_detect
---------------- t avr_close
---------------- T avr_open
---------------- t avr_write_header
---------------- d bad_header
                 U bcmp
---------------- d bitoff
---------------- T broadcast_var_alloc
---------------- T broadcast_var_get
---------------- T broadcast_var_set
---------------- t caf_close
---------------- t caf_command
---------------- t caf_get_chunk_data
---------------- t caf_get_chunk_size
---------------- t caf_next_chunk_iterator
---------------- T caf_open
---------------- t caf_read_chanmap
---------------- t caf_read_strings
---------------- t caf_set_chunk
---------------- t caf_write_header
---------------- t caf_write_strings
                 U calloc
---------------- T cart_var_alloc
---------------- T cart_var_get
---------------- T cart_var_set
---------------- d channel_mask_bits
                 U close
---------------- t codec_close
---------------- T copyPredictorTo20
---------------- T copyPredictorTo24
---------------- T copyPredictorTo24Shift
---------------- T copyPredictorTo32
---------------- T copyPredictorTo32Shift
---------------- T copy_coefs
---------------- t d2bei_array
---------------- t d2bei_clip_array
---------------- t d2bes_array
---------------- t d2bes_clip_array
---------------- t d2bet_array
---------------- t d2bet_clip_array
---------------- t d2i_array
---------------- t d2i_clip_array
---------------- t d2lei_array
---------------- t d2lei_clip_array
---------------- t d2les_array
---------------- t d2les_clip_array
---------------- t d2let_array
---------------- t d2let_clip_array
---------------- t d2s_array
---------------- t d2s_clip_array
---------------- t d2sc_array
---------------- t d2sc_clip_array
---------------- t d2uc_array
---------------- t d2uc_clip_array
---------------- d data_MARKER16
---------------- T dither_init
---------------- t dither_read_int
---------------- t dither_read_short
---------------- t dither_write_double
---------------- t dither_write_float
---------------- t dither_write_int
---------------- t dither_write_short
---------------- T double64_be_read
---------------- T double64_be_write
---------------- T double64_init
---------------- T double64_le_read
---------------- T double64_le_write
---------------- t dpcm_read_dles2d
---------------- t dpcm_read_dles2f
---------------- t dpcm_read_dles2i
---------------- t dpcm_read_dles2s
---------------- t dpcm_read_dsc2d
---------------- t dpcm_read_dsc2f
---------------- t dpcm_read_dsc2i
---------------- t dpcm_read_dsc2s
---------------- t dpcm_seek
---------------- t dpcm_write_d2dles
---------------- t dpcm_write_d2dsc
---------------- t dpcm_write_f2dles
---------------- t dpcm_write_f2dsc
---------------- t dpcm_write_i2dles
---------------- t dpcm_write_i2dsc
---------------- t dpcm_write_s2dles
---------------- t dpcm_write_s2dsc
---------------- T dwd_open
---------------- t dwvw_byterate
---------------- t dwvw_close
---------------- d dwvw_close.last_values
---------------- t dwvw_decode_data
---------------- t dwvw_decode_load_bits
---------------- t dwvw_encode_data
---------------- T dwvw_init
---------------- t dwvw_read_d
---------------- t dwvw_read_f
---------------- t dwvw_read_i
---------------- t dwvw_read_s
---------------- t dwvw_seek
---------------- t dwvw_write_d
---------------- t dwvw_write_f
---------------- t dwvw_write_i
---------------- t dwvw_write_s
---------------- T dyn_comp
---------------- T dyn_decomp
---------------- d eight_chan
                 U exit
---------------- t f2bei_array
---------------- t f2bei_clip_array
---------------- t f2bes_array
---------------- t f2bes_clip_array
---------------- t f2bet_array
---------------- t f2bet_clip_array
---------------- t f2i_array
---------------- t f2i_clip_array
---------------- t f2lei_array
---------------- t f2lei_clip_array
---------------- t f2les_array
---------------- t f2les_clip_array
---------------- t f2let_array
---------------- t f2let_clip_array
---------------- t f2s_array
---------------- t f2s_clip_array
---------------- t f2sc_array
---------------- t f2sc_clip_array
---------------- t f2uc_array
---------------- t f2uc_clip_array
---------------- d fact_MARKER16
                 U fclose
---------------- d five_chan
---------------- d five_channel_dvd_11
---------------- d five_channel_dvd_18
---------------- d five_channel_dvd_6
---------------- d five_channel_mpeg_50_a
---------------- d five_channel_mpeg_50_b
---------------- d five_channel_mpeg_50_c
---------------- d five_channel_mpeg_50_d
---------------- d five_channel_pentagonal
---------------- T flac_open
---------------- T float32_be_read
---------------- T float32_be_write
---------------- T float32_init
---------------- T float32_le_read
---------------- T float32_le_write
                 U fmod
---------------- d fmt_MARKER16
---------------- t fmult
                 U fopen
---------------- t format_from_extension
---------------- d format_map
---------------- d four_chan
---------------- d four_channel_ambisonc_b
---------------- d four_channel_dvd_10
---------------- d four_channel_dvd_5
---------------- d four_channel_itu_23
---------------- d four_channel_mpeg_40a
---------------- d four_channel_mpeg_40b
---------------- d four_channel_quad
                 U fprintf
                 U fread
                 U free
                 U frexp
                 U fseek
                 U fstat
                 U fsync
                 U ftruncate
                 U fwrite
---------------- T g721_decoder
---------------- T g721_encoder
---------------- T g723_16_decoder
---------------- T g723_16_encoder
---------------- T g723_24_decoder
---------------- T g723_24_encoder
---------------- T g723_40_decoder
---------------- T g723_40_encoder
---------------- t g72x_close
---------------- T g72x_decode_block
---------------- T g72x_encode_block
---------------- T g72x_init
---------------- t g72x_read_block
---------------- t g72x_read_d
---------------- t g72x_read_f
---------------- t g72x_read_i
---------------- t g72x_read_s
---------------- T g72x_reader_init
---------------- t g72x_seek
---------------- t g72x_write_block
---------------- t g72x_write_d
---------------- t g72x_write_f
---------------- t g72x_write_i
---------------- t g72x_write_s
---------------- T g72x_writer_init
                 U getenv
                 U gettimeofday
                 U gmtime_r
---------------- t gsm610_close
---------------- t gsm610_decode_block
---------------- t gsm610_encode_block
---------------- T gsm610_init
---------------- t gsm610_read_d
---------------- t gsm610_read_f
---------------- t gsm610_read_i
---------------- t gsm610_read_s
---------------- t gsm610_seek
---------------- t gsm610_wav_decode_block
---------------- t gsm610_wav_encode_block
---------------- t gsm610_write_d
---------------- t gsm610_write_f
---------------- t gsm610_write_i
---------------- t gsm610_write_s
---------------- D gsm_A
---------------- D gsm_B
---------------- D gsm_DLB
---------------- D gsm_FAC
---------------- D gsm_H
---------------- D gsm_INVA
---------------- T gsm_L_add
---------------- T gsm_L_asl
---------------- T gsm_L_asr
---------------- T gsm_L_mult
---------------- T gsm_L_sub
---------------- D gsm_MAC
---------------- D gsm_MIC
---------------- D gsm_NRFAC
---------------- D gsm_QLB
---------------- T gsm_abs
---------------- T gsm_add
---------------- T gsm_asl
---------------- T gsm_asr
---------------- T gsm_create
---------------- T gsm_decode
---------------- T gsm_destroy
---------------- T gsm_div
---------------- T gsm_encode
---------------- T gsm_init
---------------- T gsm_mult
---------------- T gsm_mult_r
---------------- T gsm_norm
---------------- T gsm_option
---------------- T gsm_sub
---------------- t header_read
---------------- t header_seek
---------------- t host_read_d
---------------- t host_read_d2f
---------------- t host_read_d2i
---------------- t host_read_d2s
---------------- t host_read_f
---------------- t host_read_f2d
---------------- t host_read_f2i
---------------- t host_read_f2s
---------------- t host_write_d
---------------- t host_write_d2f
---------------- t host_write_f
---------------- t host_write_f2d
---------------- t host_write_i2d
---------------- t host_write_i2f
---------------- t host_write_s2d
---------------- t host_write_s2f
---------------- t htk_close
---------------- T htk_open
---------------- t htk_write_header
---------------- T id3_lookup_v1_genre
---------------- T id3_process_v2_genre
---------------- T id3_skip
---------------- t ima_close
---------------- d ima_indx_adjust
---------------- T ima_oki_adpcm_decode_block
---------------- T ima_oki_adpcm_encode_block
---------------- T ima_oki_adpcm_init
---------------- t ima_read_d
---------------- t ima_read_f
---------------- t ima_read_i
---------------- t ima_read_s
---------------- t ima_reader_init
---------------- d ima_step_size
---------------- d ima_steps
---------------- t ima_write_d
---------------- t ima_write_f
---------------- t ima_write_i
---------------- t ima_write_s
---------------- t ima_writer_init
---------------- T init_coefs
---------------- T interleave_init
---------------- t interleave_read_double
---------------- t interleave_read_float
---------------- t interleave_read_int
---------------- t interleave_read_short
---------------- t interleave_seek
---------------- t ircam_close
---------------- T ircam_open
---------------- t ircam_write_header
---------------- D kALACEncoderMagic
---------------- D kDefaultMixBits
---------------- D kDefaultMixRes
---------------- D kDefaultNumUV
---------------- D kMaxBitDepth
---------------- D kMaxRes
---------------- D kMaxSampleSize
---------------- D kMaxUV
---------------- D kMinUV
                 U ldexp
                 U lseek
---------------- T macos_guess_file_type
---------------- d macos_guess_file_type.rsrc_name
---------------- T main
---------------- d major_formats
                 U malloc
---------------- d map
---------------- t mat4_close
---------------- d mat4_marker_to_str.str
---------------- T mat4_open
---------------- t mat4_write_header
---------------- t mat5_close
---------------- T mat5_open
---------------- t mat5_write_header
---------------- T mix16
---------------- T mix20
---------------- T mix24
---------------- T mix32
---------------- t mpc2k_close
---------------- T mpc2k_open
---------------- t mpc2k_write_header
---------------- T mpeg_decoder_init
---------------- T mpeg_init
---------------- T mpeg_l3_encoder_init
---------------- T mpeg_open
---------------- t msadpcm_close
---------------- t msadpcm_decode_block
---------------- t msadpcm_encode_block
---------------- t msadpcm_read_d
---------------- t msadpcm_read_f
---------------- t msadpcm_read_i
---------------- t msadpcm_read_s
---------------- t msadpcm_seek
---------------- t msadpcm_write_d
---------------- t msadpcm_write_f
---------------- t msadpcm_write_i
---------------- t msadpcm_write_s
---------------- t nist_close
---------------- T nist_open
---------------- t nist_write_header
---------------- t nms_adpcm_close
---------------- T nms_adpcm_init
---------------- t nms_adpcm_read_block
---------------- t nms_adpcm_read_d
---------------- t nms_adpcm_read_f
---------------- t nms_adpcm_read_i
---------------- t nms_adpcm_read_s
---------------- t nms_adpcm_seek
---------------- t nms_adpcm_update
---------------- t nms_adpcm_write_d
---------------- t nms_adpcm_write_f
---------------- t nms_adpcm_write_i
---------------- t nms_adpcm_write_s
---------------- T ogg_open
---------------- T ogg_opus_open
---------------- T ogg_pcm_open
---------------- T ogg_speex_open
---------------- T ogg_vorbis_open
---------------- d oki_steps
---------------- d one_chan
---------------- d one_chan_mono
                 U open
---------------- t paf24_close
---------------- t paf24_read_block
---------------- t paf24_read_d
---------------- t paf24_read_f
---------------- t paf24_read_i
---------------- t paf24_read_s
---------------- t paf24_seek
---------------- t paf24_write_block
---------------- t paf24_write_d
---------------- t paf24_write_f
---------------- t paf24_write_i
---------------- t paf24_write_s
---------------- T paf_open
---------------- t paf_write_header
---------------- t parse_str_rsrc
---------------- T pc_block
---------------- T pcm_init
---------------- t pcm_read_bei2d
---------------- t pcm_read_bei2f
---------------- t pcm_read_bei2i
---------------- t pcm_read_bei2s
---------------- t pcm_read_bes2d
---------------- t pcm_read_bes2f
---------------- t pcm_read_bes2i
---------------- t pcm_read_bes2s
---------------- t pcm_read_bet2d
---------------- t pcm_read_bet2f
---------------- t pcm_read_bet2i
---------------- t pcm_read_bet2s
---------------- t pcm_read_lei2d
---------------- t pcm_read_lei2f
---------------- t pcm_read_lei2i
---------------- t pcm_read_lei2s
---------------- t pcm_read_les2d
---------------- t pcm_read_les2f
---------------- t pcm_read_les2i
---------------- t pcm_read_les2s
---------------- t pcm_read_let2d
---------------- t pcm_read_let2f
---------------- t pcm_read_let2i
---------------- t pcm_read_let2s
---------------- t pcm_read_sc2d
---------------- t pcm_read_sc2f
---------------- t pcm_read_sc2i
---------------- t pcm_read_sc2s
---------------- t pcm_read_uc2d
---------------- t pcm_read_uc2f
---------------- t pcm_read_uc2i
---------------- t pcm_read_uc2s
---------------- t pcm_write_d2bei
---------------- t pcm_write_d2bes
---------------- t pcm_write_d2bet
---------------- t pcm_write_d2lei
---------------- t pcm_write_d2les
---------------- t pcm_write_d2let
---------------- t pcm_write_d2sc
---------------- t pcm_write_d2uc
---------------- t pcm_write_f2bei
---------------- t pcm_write_f2bes
---------------- t pcm_write_f2bet
---------------- t pcm_write_f2lei
---------------- t pcm_write_f2les
---------------- t pcm_write_f2let
---------------- t pcm_write_f2sc
---------------- t pcm_write_f2uc
---------------- t pcm_write_i2bei
---------------- t pcm_write_i2bes
---------------- t pcm_write_i2bet
---------------- t pcm_write_i2lei
---------------- t pcm_write_i2les
---------------- t pcm_write_i2let
---------------- t pcm_write_i2sc
---------------- t pcm_write_i2uc
---------------- t pcm_write_s2bei
---------------- t pcm_write_s2bes
---------------- t pcm_write_s2bet
---------------- t pcm_write_s2lei
---------------- t pcm_write_s2les
---------------- t pcm_write_s2let
---------------- t pcm_write_s2sc
---------------- t pcm_write_s2uc
---------------- T predictor_pole
---------------- T predictor_zero
                 U printf
---------------- T private_init_state
---------------- T program_name
---------------- T psf_allocate
---------------- T psf_asciiheader_printf
---------------- T psf_binheader_readf
---------------- T psf_binheader_writef
---------------- T psf_calc_max_all_channels
---------------- T psf_calc_signal_max
---------------- t psf_close
---------------- T psf_close_rsrc
---------------- T psf_copy_filename
---------------- T psf_cues_alloc
---------------- T psf_cues_dup
---------------- T psf_d2i_array
---------------- T psf_d2i_clip_array
---------------- T psf_d2s_array
---------------- T psf_d2s_clip_array
---------------- T psf_decode_frame_count
---------------- T psf_default_seek
---------------- T psf_f2i_array
---------------- T psf_f2i_clip_array
---------------- T psf_f2s_array
---------------- T psf_f2s_clip_array
---------------- T psf_fclose
---------------- T psf_fgets
---------------- T psf_file_valid
---------------- T psf_find_read_chunk_iterator
---------------- T psf_find_read_chunk_m32
---------------- T psf_find_read_chunk_str
---------------- T psf_fopen
---------------- T psf_fread
---------------- T psf_fseek
---------------- T psf_fsync
---------------- T psf_ftell
---------------- T psf_ftruncate
---------------- T psf_fwrite
---------------- t psf_g72x_decode_block
---------------- T psf_get_chunk_iterator
---------------- T psf_get_cues
---------------- T psf_get_date_str
---------------- T psf_get_filelen
---------------- T psf_get_format_info
---------------- T psf_get_format_major
---------------- T psf_get_format_major_count
---------------- T psf_get_format_simple
---------------- T psf_get_format_simple_count
---------------- T psf_get_format_subtype
---------------- T psf_get_format_subtype_count
---------------- T psf_get_max_all_channels
---------------- T psf_get_signal_max
---------------- T psf_get_string
---------------- T psf_hexdump
---------------- T psf_init_files
---------------- T psf_instrument_alloc
---------------- T psf_is_pipe
---------------- T psf_isprint
---------------- T psf_location_string_count
---------------- T psf_log_SF_INFO
---------------- T psf_log_printf
---------------- t psf_log_syserr
---------------- T psf_memdup
---------------- T psf_memset
---------------- T psf_next_chunk_iterator
---------------- t psf_nms_adpcm_encode_block
---------------- T psf_open_file
---------------- T psf_open_rsrc
---------------- T psf_open_tmpfile
---------------- T psf_rand_int32
---------------- d psf_rand_int32.value
---------------- T psf_sanitize_string
---------------- T psf_save_write_chunk
---------------- T psf_set_file
---------------- T psf_set_stdio
---------------- T psf_set_string
---------------- T psf_store_read_chunk_str
---------------- T psf_store_read_chunk_u32
---------------- T psf_store_string
---------------- T psf_strlcat
---------------- T psf_strlcpy
---------------- T psf_strlcpy_crlf
---------------- T psf_use_rsrc
                 U putc
                 U putchar
                 U puts
---------------- t pvf_close
---------------- T pvf_open
---------------- t pvf_write_header
---------------- d qtab_721
---------------- d qtab_723_16
---------------- d qtab_723_24
---------------- d qtab_723_40
---------------- T quantize
---------------- T raw_open
                 U read
                 U realloc
---------------- T reconstruct
                 U remove
---------------- t replace_read_d
---------------- t replace_read_d2f
---------------- t replace_read_d2i
---------------- t replace_read_d2s
---------------- t replace_read_f
---------------- t replace_read_f2d
---------------- t replace_read_f2i
---------------- t replace_read_f2s
---------------- t replace_write_d
---------------- t replace_write_d2f
---------------- t replace_write_f
---------------- t replace_write_f2d
---------------- t replace_write_i2d
---------------- t replace_write_i2f
---------------- t replace_write_s2d
---------------- t replace_write_s2f
---------------- t rf64_close
---------------- t rf64_command
---------------- t rf64_get_chunk_data
---------------- t rf64_get_chunk_size
---------------- t rf64_next_chunk_iterator
---------------- T rf64_open
---------------- t rf64_set_chunk
---------------- t rf64_write_header
---------------- d riff_MARKER16
---------------- T rx2_open
---------------- d sChannelMaps
---------------- T s_bitwidth_to_subformat
---------------- d s_bitwidth_to_subformat.array
---------------- t sd2_close
---------------- T sd2_open
---------------- t sds_2byte_read
---------------- t sds_2byte_write
---------------- t sds_3byte_read
---------------- t sds_3byte_write
---------------- t sds_4byte_read
---------------- t sds_4byte_write
---------------- t sds_byterate
---------------- t sds_close
---------------- T sds_open
---------------- t sds_read_d
---------------- t sds_read_f
---------------- t sds_read_i
---------------- t sds_read_s
---------------- t sds_seek
---------------- t sds_write_d
---------------- t sds_write_f
---------------- t sds_write_header
---------------- t sds_write_i
---------------- t sds_write_s
---------------- T set_ag_params
---------------- T set_standard_ag_params
---------------- d seven_chan
---------------- T sf_close
---------------- T sf_command
---------------- T sf_current_byterate
---------------- D sf_errno
---------------- T sf_error
---------------- T sf_error_number
---------------- T sf_error_str
---------------- T sf_format_check
---------------- T sf_get_chunk_data
---------------- T sf_get_chunk_iterator
---------------- T sf_get_chunk_size
---------------- T sf_get_string
---------------- T sf_next_chunk_iterator
---------------- T sf_open
---------------- T sf_open_fd
---------------- T sf_open_virtual
---------------- d sf_parselog
---------------- T sf_perror
---------------- T sf_read_double
---------------- T sf_read_float
---------------- T sf_read_int
---------------- T sf_read_raw
---------------- T sf_read_short
---------------- T sf_readf_double
---------------- T sf_readf_float
---------------- T sf_readf_int
---------------- T sf_readf_short
---------------- T sf_seek
---------------- T sf_set_chunk
---------------- T sf_set_string
---------------- T sf_strerror
---------------- d sf_syserr
---------------- T sf_version_string
---------------- T sf_write_double
---------------- T sf_write_float
---------------- T sf_write_int
---------------- T sf_write_raw
---------------- T sf_write_short
---------------- T sf_write_sync
---------------- T sf_writef_double
---------------- T sf_writef_float
---------------- T sf_writef_int
---------------- T sf_writef_short
---------------- T sfe_apply_metadata_changes
---------------- T sfe_codec_name
---------------- T sfe_container_name
---------------- T sfe_copy_data_fp
---------------- d sfe_copy_data_fp.data
---------------- d sfe_copy_data_fp.max
---------------- T sfe_copy_data_int
---------------- d sfe_copy_data_int.data
---------------- T sfe_dump_format_map
---------------- T sfe_endian_name
---------------- T sfe_file_type_of_ext
---------------- d simple_formats
---------------- d six_chan
---------------- d six_channel_aac_60
---------------- d six_channel_aac_61
---------------- d six_channel_audio_unit_60
---------------- d six_channel_mpeg_51_a
---------------- d six_channel_mpeg_51_b
---------------- d six_channel_mpeg_51_c
---------------- d six_channel_mpeg_51_d
---------------- d six_channel_mpeg_61a
                 U snprintf
                 U stat
                 U stderr
                 U stdout
---------------- d step_changes
---------------- T step_size
---------------- T str_of_endianness
---------------- T str_of_major_format
---------------- T str_of_minor_format
---------------- T str_of_open_mode
                 U strcmp
                 U strerror
                 U strlen
                 U strncat
                 U strncmp
                 U strncpy
                 U strnlen
                 U strrchr
                 U strstr
                 U strtod
                 U strtol
                 U strtoll
---------------- T subformat_to_bytewidth
---------------- d subtype_formats
---------------- t svx_close
---------------- T svx_open
---------------- t svx_write_header
---------------- d svx_write_header.annotation
---------------- d table_expn
---------------- d table_scale_factor_step
---------------- d table_step
---------------- d table_step_search
---------------- d three_chan
---------------- d three_channel_dvd_4
---------------- d three_channel_itu_21
---------------- d three_channel_mpeg_30a
---------------- d three_channel_mpeg_30b
                 U time
---------------- t try_resource_fork
---------------- d two_chan
---------------- d two_channel_stereo
---------------- T txw_open
---------------- T u_bitwidth_to_subformat
---------------- d u_bitwidth_to_subformat.array
---------------- d ulaw_decode
---------------- d ulaw_encode
---------------- T ulaw_init
---------------- t ulaw_read_ulaw2d
---------------- t ulaw_read_ulaw2f
---------------- t ulaw_read_ulaw2i
---------------- t ulaw_read_ulaw2s
---------------- t ulaw_write_d2ulaw
---------------- t ulaw_write_f2ulaw
---------------- t ulaw_write_i2ulaw
---------------- t ulaw_write_s2ulaw
---------------- T unmix16
---------------- T unmix20
---------------- T unmix24
---------------- T unmix32
---------------- T unpc_block
---------------- T update
---------------- t validate_psf
---------------- t voc_close
---------------- T voc_open
---------------- t voc_write_header
---------------- T vox_adpcm_init
---------------- t vox_read_block
---------------- t vox_read_d
---------------- t vox_read_f
---------------- t vox_read_i
---------------- t vox_read_s
---------------- t vox_write_d
---------------- t vox_write_f
---------------- t vox_write_i
---------------- t vox_write_s
                 U vsnprintf
---------------- t w64_close
---------------- T w64_open
---------------- t w64_write_header
---------------- t wav_close
---------------- t wav_command
---------------- t wav_get_chunk_data
---------------- t wav_get_chunk_size
---------------- t wav_next_chunk_iterator
---------------- T wav_open
---------------- t wav_set_chunk
---------------- t wav_write_header
---------------- d wave_MARKER16
---------------- d wave_descs
---------------- T wavlike_analyze
---------------- T wavlike_format_str
---------------- T wavlike_gen_channel_mask
---------------- t wavlike_ima_decode_block
---------------- t wavlike_ima_encode_block
---------------- T wavlike_ima_init
---------------- t wavlike_ima_seek
---------------- T wavlike_msadpcm_init
---------------- T wavlike_msadpcm_write_adapt_coeffs
---------------- T wavlike_read_bext_chunk
---------------- T wavlike_read_cart_chunk
---------------- T wavlike_read_fmt_chunk
---------------- T wavlike_read_peak_chunk
---------------- T wavlike_srate2blocksize
---------------- T wavlike_subchunk_parse
---------------- T wavlike_write_bext_chunk
---------------- T wavlike_write_cart_chunk
---------------- T wavlike_write_custom_chunks
---------------- T wavlike_write_guid
---------------- T wavlike_write_peak_chunk
---------------- T wavlike_write_strings
                 U write
---------------- t wve_close
---------------- T wve_open
---------------- t wve_write_header
---------------- t xi_close
---------------- T xi_open
---------------- t xi_write_header
---------------- d zero_chan
