project=masscan
source=/home/jimi/PaperExperiment/CompilerOptimization/Target/masscan
start_utc=2026-03-22T02:28:26Z
policy=README make flow; clang-14 only; -O2 -g
make: Entering directory '/home/jimi/PaperExperiment/CompilerOptimization/CompilerResult/masscan/LLVM14-O2-g/work/masscan-src'
rm -f tmp/*.o
rm -f bin/masscan
make: Leaving directory '/home/jimi/PaperExperiment/CompilerOptimization/CompilerResult/masscan/LLVM14-O2-g/work/masscan-src'
make: Entering directory '/home/jimi/PaperExperiment/CompilerOptimization/CompilerResult/masscan/LLVM14-O2-g/work/masscan-src'
clang-14 -g -ggdb -Wall -O2 -c src/crypto-base64.c -o tmp/crypto-base64.o
clang-14 -g -ggdb -Wall -O2 -c src/crypto-blackrock.c -o tmp/crypto-blackrock.o
clang-14 -g -ggdb -Wall -O2 -c src/crypto-blackrock2.c -o tmp/crypto-blackrock2.o
clang-14 -g -ggdb -Wall -O2 -c src/crypto-lcg.c -o tmp/crypto-lcg.o
clang-14 -g -ggdb -Wall -O2 -c src/crypto-primegen.c -o tmp/crypto-primegen.o
clang-14 -g -ggdb -Wall -O2 -c src/crypto-siphash24.c -o tmp/crypto-siphash24.o
clang-14 -g -ggdb -Wall -O2 -c src/event-timeout.c -o tmp/event-timeout.o
clang-14 -g -ggdb -Wall -O2 -c src/in-binary.c -o tmp/in-binary.o
clang-14 -g -ggdb -Wall -O2 -c src/in-filter.c -o tmp/in-filter.o
clang-14 -g -ggdb -Wall -O2 -c src/in-report.c -o tmp/in-report.o
clang-14 -g -ggdb -Wall -O2 -c src/main-conf.c -o tmp/main-conf.o -DGIT=\"1.3.2-213-gb99d433\"
clang-14 -g -ggdb -Wall -O2 -c src/main-dedup.c -o tmp/main-dedup.o
clang-14 -g -ggdb -Wall -O2 -c src/main-initadapter.c -o tmp/main-initadapter.o
clang-14 -g -ggdb -Wall -O2 -c src/main-listscan.c -o tmp/main-listscan.o
clang-14 -g -ggdb -Wall -O2 -c src/main-ptrace.c -o tmp/main-ptrace.o
clang-14 -g -ggdb -Wall -O2 -c src/main-readrange.c -o tmp/main-readrange.o
clang-14 -g -ggdb -Wall -O2 -c src/main-status.c -o tmp/main-status.o
clang-14 -g -ggdb -Wall -O2 -c src/main-throttle.c -o tmp/main-throttle.o
clang-14 -g -ggdb -Wall -O2 -c src/main.c -o tmp/main.o
clang-14 -g -ggdb -Wall -O2 -c src/masscan-app.c -o tmp/masscan-app.o
clang-14 -g -ggdb -Wall -O2 -c src/massip-addr.c -o tmp/massip-addr.o
clang-14 -g -ggdb -Wall -O2 -c src/massip-parse.c -o tmp/massip-parse.o
clang-14 -g -ggdb -Wall -O2 -c src/massip-rangesv4.c -o tmp/massip-rangesv4.o
clang-14 -g -ggdb -Wall -O2 -c src/massip-rangesv6.c -o tmp/massip-rangesv6.o
clang-14 -g -ggdb -Wall -O2 -c src/massip.c -o tmp/massip.o
clang-14 -g -ggdb -Wall -O2 -c src/misc-rstfilter.c -o tmp/misc-rstfilter.o
src/massip-addr.c:292:19: warning: excess elements in union initializer [-Wexcess-initializers]
      {NULL, {{0, 0}, 0}}
                  ^
src/massip-addr.c:296:13: warning: unused variable 'ip' [-Wunused-variable]
  ipaddress ip;
            ^
clang-14 -g -ggdb -Wall -O2 -c src/out-binary.c -o tmp/out-binary.o
clang-14 -g -ggdb -Wall -O2 -c src/out-certs.c -o tmp/out-certs.o
clang-14 -g -ggdb -Wall -O2 -c src/out-grepable.c -o tmp/out-grepable.o
clang-14 -g -ggdb -Wall -O2 -c src/out-hostonly.c -o tmp/out-hostonly.o
2 warnings generated.
clang-14 -g -ggdb -Wall -O2 -c src/out-json.c -o tmp/out-json.o
clang-14 -g -ggdb -Wall -O2 -c src/out-ndjson.c -o tmp/out-ndjson.o
clang-14 -g -ggdb -Wall -O2 -c src/out-null.c -o tmp/out-null.o
clang-14 -g -ggdb -Wall -O2 -c src/out-redis.c -o tmp/out-redis.o
clang-14 -g -ggdb -Wall -O2 -c src/out-tcp-services.c -o tmp/out-tcp-services.o
clang-14 -g -ggdb -Wall -O2 -c src/out-text.c -o tmp/out-text.o
clang-14 -g -ggdb -Wall -O2 -c src/out-unicornscan.c -o tmp/out-unicornscan.o
clang-14 -g -ggdb -Wall -O2 -c src/out-xml.c -o tmp/out-xml.o
clang-14 -g -ggdb -Wall -O2 -c src/output.c -o tmp/output.o
clang-14 -g -ggdb -Wall -O2 -c src/pixie-backtrace.c -o tmp/pixie-backtrace.o
clang-14 -g -ggdb -Wall -O2 -c src/pixie-file.c -o tmp/pixie-file.o
clang-14 -g -ggdb -Wall -O2 -c src/pixie-threads.c -o tmp/pixie-threads.o
clang-14 -g -ggdb -Wall -O2 -c src/pixie-timer.c -o tmp/pixie-timer.o
clang-14 -g -ggdb -Wall -O2 -c src/proto-arp.c -o tmp/proto-arp.o
clang-14 -g -ggdb -Wall -O2 -c src/proto-banner1.c -o tmp/proto-banner1.o
clang-14 -g -ggdb -Wall -O2 -c src/proto-banout.c -o tmp/proto-banout.o
clang-14 -g -ggdb -Wall -O2 -c src/proto-coap.c -o tmp/proto-coap.o
clang-14 -g -ggdb -Wall -O2 -c src/proto-dns.c -o tmp/proto-dns.o
clang-14 -g -ggdb -Wall -O2 -c src/proto-ftp.c -o tmp/proto-ftp.o
clang-14 -g -ggdb -Wall -O2 -c src/proto-http.c -o tmp/proto-http.o
clang-14 -g -ggdb -Wall -O2 -c src/proto-icmp.c -o tmp/proto-icmp.o
clang-14 -g -ggdb -Wall -O2 -c src/proto-imap4.c -o tmp/proto-imap4.o
clang-14 -g -ggdb -Wall -O2 -c src/proto-isakmp.c -o tmp/proto-isakmp.o
clang-14 -g -ggdb -Wall -O2 -c src/proto-mc.c -o tmp/proto-mc.o
clang-14 -g -ggdb -Wall -O2 -c src/proto-memcached.c -o tmp/proto-memcached.o
clang-14 -g -ggdb -Wall -O2 -c src/proto-netbios.c -o tmp/proto-netbios.o
clang-14 -g -ggdb -Wall -O2 -c src/proto-ntlmssp.c -o tmp/proto-ntlmssp.o
clang-14 -g -ggdb -Wall -O2 -c src/proto-ntp.c -o tmp/proto-ntp.o
clang-14 -g -ggdb -Wall -O2 -c src/proto-oproto.c -o tmp/proto-oproto.o
clang-14 -g -ggdb -Wall -O2 -c src/proto-pop3.c -o tmp/proto-pop3.o
clang-14 -g -ggdb -Wall -O2 -c src/proto-preprocess.c -o tmp/proto-preprocess.o
clang-14 -g -ggdb -Wall -O2 -c src/proto-sctp.c -o tmp/proto-sctp.o
clang-14 -g -ggdb -Wall -O2 -c src/proto-smb.c -o tmp/proto-smb.o
clang-14 -g -ggdb -Wall -O2 -c src/proto-smtp.c -o tmp/proto-smtp.o
clang-14 -g -ggdb -Wall -O2 -c src/proto-snmp.c -o tmp/proto-snmp.o
clang-14 -g -ggdb -Wall -O2 -c src/proto-ssh.c -o tmp/proto-ssh.o
clang-14 -g -ggdb -Wall -O2 -c src/proto-ssl-test.c -o tmp/proto-ssl-test.o
clang-14 -g -ggdb -Wall -O2 -c src/proto-ssl.c -o tmp/proto-ssl.o
clang-14 -g -ggdb -Wall -O2 -c src/proto-tcp-rdp.c -o tmp/proto-tcp-rdp.o
clang-14 -g -ggdb -Wall -O2 -c src/proto-tcp-telnet.c -o tmp/proto-tcp-telnet.o
clang-14 -g -ggdb -Wall -O2 -c src/proto-udp.c -o tmp/proto-udp.o
clang-14 -g -ggdb -Wall -O2 -c src/proto-versioning.c -o tmp/proto-versioning.o
clang-14 -g -ggdb -Wall -O2 -c src/proto-vnc.c -o tmp/proto-vnc.o
clang-14 -g -ggdb -Wall -O2 -c src/proto-x509.c -o tmp/proto-x509.o
clang-14 -g -ggdb -Wall -O2 -c src/proto-zeroaccess.c -o tmp/proto-zeroaccess.o
clang-14 -g -ggdb -Wall -O2 -c src/rawsock-getif.c -o tmp/rawsock-getif.o
clang-14 -g -ggdb -Wall -O2 -c src/rawsock-getip.c -o tmp/rawsock-getip.o
clang-14 -g -ggdb -Wall -O2 -c src/rawsock-getip6.c -o tmp/rawsock-getip6.o
clang-14 -g -ggdb -Wall -O2 -c src/rawsock-getmac.c -o tmp/rawsock-getmac.o
clang-14 -g -ggdb -Wall -O2 -c src/rawsock-getroute.c -o tmp/rawsock-getroute.o
clang-14 -g -ggdb -Wall -O2 -c src/rawsock-pcapfile.c -o tmp/rawsock-pcapfile.o
clang-14 -g -ggdb -Wall -O2 -c src/rawsock.c -o tmp/rawsock.o
clang-14 -g -ggdb -Wall -O2 -c src/read-service-probes.c -o tmp/read-service-probes.o
clang-14 -g -ggdb -Wall -O2 -c src/rte-ring.c -o tmp/rte-ring.o
clang-14 -g -ggdb -Wall -O2 -c src/scripting-banner.c -o tmp/scripting-banner.o
clang-14 -g -ggdb -Wall -O2 -c src/scripting-masscan.c -o tmp/scripting-masscan.o
clang-14 -g -ggdb -Wall -O2 -c src/scripting.c -o tmp/scripting.o
clang-14 -g -ggdb -Wall -O2 -c src/smack1.c -o tmp/smack1.o
clang-14 -g -ggdb -Wall -O2 -c src/smackqueue.c -o tmp/smackqueue.o
clang-14 -g -ggdb -Wall -O2 -c src/stack-arpv4.c -o tmp/stack-arpv4.o
clang-14 -g -ggdb -Wall -O2 -c src/stack-if.c -o tmp/stack-if.o
clang-14 -g -ggdb -Wall -O2 -c src/stack-ndpv6.c -o tmp/stack-ndpv6.o
clang-14 -g -ggdb -Wall -O2 -c src/stack-queue.c -o tmp/stack-queue.o
clang-14 -g -ggdb -Wall -O2 -c src/stack-src.c -o tmp/stack-src.o
clang-14 -g -ggdb -Wall -O2 -c src/stack-tcp-app.c -o tmp/stack-tcp-app.o
clang-14 -g -ggdb -Wall -O2 -c src/stack-tcp-core.c -o tmp/stack-tcp-core.o
clang-14 -g -ggdb -Wall -O2 -c src/stub-lua.c -o tmp/stub-lua.o
clang-14 -g -ggdb -Wall -O2 -c src/stub-pcap.c -o tmp/stub-pcap.o
clang-14 -g -ggdb -Wall -O2 -c src/stub-pfring.c -o tmp/stub-pfring.o
clang-14 -g -ggdb -Wall -O2 -c src/syn-cookie.c -o tmp/syn-cookie.o
clang-14 -g -ggdb -Wall -O2 -c src/templ-nmap-payloads.c -o tmp/templ-nmap-payloads.o
clang-14 -g -ggdb -Wall -O2 -c src/templ-payloads.c -o tmp/templ-payloads.o
clang-14 -g -ggdb -Wall -O2 -c src/templ-pkt.c -o tmp/templ-pkt.o
clang-14 -g -ggdb -Wall -O2 -c src/templ-tcp-hdr.c -o tmp/templ-tcp-hdr.o
clang-14 -g -ggdb -Wall -O2 -c src/util-checksum.c -o tmp/util-checksum.o
clang-14 -g -ggdb -Wall -O2 -c src/util-errormsg.c -o tmp/util-errormsg.o
clang-14 -g -ggdb -Wall -O2 -c src/util-extract.c -o tmp/util-extract.o
clang-14 -g -ggdb -Wall -O2 -c src/util-logger.c -o tmp/util-logger.o
clang-14 -g -ggdb -Wall -O2 -c src/util-malloc.c -o tmp/util-malloc.o
clang-14 -g -ggdb -Wall -O2 -c src/util-safefunc.c -o tmp/util-safefunc.o
clang-14 -g -ggdb -Wall -O2 -c src/vulncheck-heartbleed.c -o tmp/vulncheck-heartbleed.o
clang-14 -g -ggdb -Wall -O2 -c src/vulncheck-ntp-monlist.c -o tmp/vulncheck-ntp-monlist.o
clang-14 -g -ggdb -Wall -O2 -c src/vulncheck-sslv3.c -o tmp/vulncheck-sslv3.o
clang-14 -g -ggdb -Wall -O2 -c src/vulncheck.c -o tmp/vulncheck.o
clang-14 -g -ggdb -Wall -O2 -c src/xring.c -o tmp/xring.o
clang-14 -g -ggdb -Wall -O2 -o bin/masscan tmp/crypto-base64.o tmp/crypto-blackrock.o tmp/crypto-blackrock2.o tmp/crypto-lcg.o tmp/crypto-primegen.o tmp/crypto-siphash24.o tmp/event-timeout.o tmp/in-binary.o tmp/in-filter.o tmp/in-report.o tmp/main-conf.o tmp/main-dedup.o tmp/main-initadapter.o tmp/main-listscan.o tmp/main-ptrace.o tmp/main-readrange.o tmp/main-status.o tmp/main-throttle.o tmp/main.o tmp/masscan-app.o tmp/massip-addr.o tmp/massip-parse.o tmp/massip-rangesv4.o tmp/massip-rangesv6.o tmp/massip.o tmp/misc-rstfilter.o tmp/out-binary.o tmp/out-certs.o tmp/out-grepable.o tmp/out-hostonly.o tmp/out-json.o tmp/out-ndjson.o tmp/out-null.o tmp/out-redis.o tmp/out-tcp-services.o tmp/out-text.o tmp/out-unicornscan.o tmp/out-xml.o tmp/output.o tmp/pixie-backtrace.o tmp/pixie-file.o tmp/pixie-threads.o tmp/pixie-timer.o tmp/proto-arp.o tmp/proto-banner1.o tmp/proto-banout.o tmp/proto-coap.o tmp/proto-dns.o tmp/proto-ftp.o tmp/proto-http.o tmp/proto-icmp.o tmp/proto-imap4.o tmp/proto-isakmp.o tmp/proto-mc.o tmp/proto-memcached.o tmp/proto-netbios.o tmp/proto-ntlmssp.o tmp/proto-ntp.o tmp/proto-oproto.o tmp/proto-pop3.o tmp/proto-preprocess.o tmp/proto-sctp.o tmp/proto-smb.o tmp/proto-smtp.o tmp/proto-snmp.o tmp/proto-ssh.o tmp/proto-ssl-test.o tmp/proto-ssl.o tmp/proto-tcp-rdp.o tmp/proto-tcp-telnet.o tmp/proto-udp.o tmp/proto-versioning.o tmp/proto-vnc.o tmp/proto-x509.o tmp/proto-zeroaccess.o tmp/rawsock-getif.o tmp/rawsock-getip.o tmp/rawsock-getip6.o tmp/rawsock-getmac.o tmp/rawsock-getroute.o tmp/rawsock-pcapfile.o tmp/rawsock.o tmp/read-service-probes.o tmp/rte-ring.o tmp/scripting-banner.o tmp/scripting-masscan.o tmp/scripting.o tmp/smack1.o tmp/smackqueue.o tmp/stack-arpv4.o tmp/stack-if.o tmp/stack-ndpv6.o tmp/stack-queue.o tmp/stack-src.o tmp/stack-tcp-app.o tmp/stack-tcp-core.o tmp/stub-lua.o tmp/stub-pcap.o tmp/stub-pfring.o tmp/syn-cookie.o tmp/templ-nmap-payloads.o tmp/templ-payloads.o tmp/templ-pkt.o tmp/templ-tcp-hdr.o tmp/util-checksum.o tmp/util-errormsg.o tmp/util-extract.o tmp/util-logger.o tmp/util-malloc.o tmp/util-safefunc.o tmp/vulncheck-heartbleed.o tmp/vulncheck-ntp-monlist.o tmp/vulncheck-sslv3.o tmp/vulncheck.o tmp/xring.o   -lm -lrt -ldl -lpthread
make: Leaving directory '/home/jimi/PaperExperiment/CompilerOptimization/CompilerResult/masscan/LLVM14-O2-g/work/masscan-src'
done_utc=2026-03-22T02:28:46Z
