---------------- t ASN1_push
---------------- T CALLOC
---------------- t EQUALS
---------------- T ERRMSG
---------------- d ERRMSG._table
---------------- T ERRMSGip
---------------- d ERRMSGip._table
---------------- T LOG
---------------- T LOG_add_level
---------------- T LOGip
---------------- T LOGnet
---------------- t LOGtcb
---------------- T MALLOC
---------------- D PCAP
---------------- D PFRING
---------------- T PFRING_init
---------------- T PFRING_is_installed
---------------- T REALLOC
---------------- T REALLOCARRAY
---------------- d SB1
---------------- d SB2
---------------- d SB3
---------------- d SB4
---------------- d SB5
---------------- d SB6
---------------- d SB7
---------------- d SB8
---------------- t SET_arpscan
---------------- t SET_banners
---------------- t SET_banners_rawudp
---------------- t SET_capture
---------------- t SET_debug_tcp
---------------- t SET_hello
---------------- t SET_hello_file
---------------- t SET_hello_string
---------------- t SET_hello_timeout
---------------- t SET_http_cookie
---------------- t SET_http_header
---------------- t SET_http_host
---------------- t SET_http_method
---------------- t SET_http_payload
---------------- t SET_http_url
---------------- t SET_http_user_agent
---------------- t SET_http_version
---------------- t SET_min_packet
---------------- t SET_nmap_payloads
---------------- t SET_nmap_service_probes
---------------- t SET_nobanners
---------------- t SET_noreset
---------------- t SET_offline
---------------- t SET_output_append
---------------- t SET_output_filename
---------------- t SET_output_format
---------------- t SET_output_noshow
---------------- t SET_output_show
---------------- t SET_output_show_open
---------------- t SET_output_stylesheet
---------------- t SET_pcap_filename
---------------- t SET_pcap_payloads
---------------- t SET_randomize_hosts
---------------- t SET_rate
---------------- t SET_resume_count
---------------- t SET_resume_index
---------------- t SET_retries
---------------- t SET_rotate_directory
---------------- t SET_rotate_filesize
---------------- t SET_rotate_offset
---------------- t SET_rotate_time
---------------- t SET_script
---------------- t SET_seed
---------------- t SET_shard
---------------- t SET_space
---------------- t SET_status_json
---------------- t SET_status_ndjson
---------------- t SET_tcp_mss
---------------- t SET_tcp_sackok
---------------- t SET_tcp_tsecho
---------------- t SET_tcp_wscale
---------------- t SET_topports
---------------- T STRDUP
---------------- t UNENCRYPT
                 U __assert_fail
                 U __ctype_b_loc
                 U __ctype_tolower_loc
                 U __ctype_toupper_loc
                 U __errno_location
                 U __sched_cpucount
---------------- t _adjust_length
---------------- d _append_hex2.hex
---------------- t _consistancy_check
---------------- d _entropy
---------------- t _normalize_padding
---------------- t _parse_response
---------------- t _parser_next
---------------- d _selftests_run.templ
---------------- t _tcb_seg_recv
---------------- t _tcb_seg_resend
---------------- t _tcb_seg_send
---------------- t _tcp_seg_acknowledge
---------------- t _template_init
                 U abort
                 U access
---------------- D adapter_name_count
---------------- D adapter_names
---------------- d afp_hello
---------------- T application_event
---------------- T arp_recv_response
---------------- t asn1_length
                 U backtrace
                 U backtrace_symbols
---------------- T banner1_create
---------------- T banner1_destroy
---------------- T banner1_parse
---------------- T banner1_selftest
---------------- T banner1_test
---------------- D banner_afp
---------------- D banner_dicom
---------------- D banner_dns
---------------- D banner_docker
---------------- T banner_flush
---------------- D banner_ftp
---------------- D banner_genericlines
---------------- D banner_http
---------------- D banner_imap4
---------------- T banner_is_heartbleed
---------------- D banner_javarmi
---------------- D banner_kerberos
---------------- D banner_ldap
---------------- D banner_mc
---------------- D banner_memcached
---------------- D banner_mongodb
---------------- D banner_ms_sql_s
---------------- D banner_notes_rpc
---------------- T banner_parse
---------------- D banner_pop3
---------------- D banner_rdp
---------------- D banner_redis
---------------- D banner_rpc
---------------- D banner_rtsp
---------------- D banner_scripting
---------------- T banner_set_small_window
---------------- T banner_set_sslhello
---------------- D banner_sip
---------------- D banner_smb0
---------------- D banner_smb1
---------------- D banner_smtp
---------------- D banner_ssh
---------------- D banner_ssl
---------------- D banner_ssl_12
---------------- D banner_telnet
---------------- D banner_versioning
---------------- D banner_vnc
---------------- D banner_x11
---------------- T banout_append
---------------- T banout_append_base64
---------------- T banout_append_char
---------------- T banout_append_hexint
---------------- T banout_append_unicode
---------------- T banout_end
---------------- T banout_finalize_base64
---------------- T banout_init
---------------- T banout_init_base64
---------------- T banout_is_contains
---------------- T banout_is_equal
---------------- T banout_newline
---------------- T banout_printf
---------------- T banout_release
---------------- T banout_selftest
---------------- T banout_string
---------------- T banout_string_length
---------------- T base64_decode
---------------- d base64_decode.rstr
---------------- T base64_encode
---------------- T base64_selftest
                 U bcmp
---------------- t binary_out_banner
---------------- t binary_out_close
---------------- t binary_out_open
---------------- t binary_out_status
---------------- D binary_output
---------------- T blackrock2_benchmark
---------------- T blackrock2_init
---------------- T blackrock2_selftest
---------------- T blackrock2_shuffle
---------------- T blackrock2_unshuffle
---------------- T blackrock_benchmark
---------------- T blackrock_init
---------------- T blackrock_selftest
---------------- T blackrock_shuffle
---------------- T blackrock_unshuffle
                 U calloc
---------------- t cert_out_banner
---------------- t cert_out_close
---------------- t cert_out_open
---------------- t cert_out_status
---------------- D certs_output
---------------- T checksum_ipv4
---------------- T checksum_ipv6
---------------- T checksum_selftest
                 U clock
                 U clock_gettime
                 U close
---------------- T coap_handle_response
---------------- t coap_parse
---------------- T coap_udp_set_cookie
---------------- D config_parameters
---------------- d config_top_ports.top_tcp_ports
---------------- d config_top_ports.top_udp_ports
                 U connect
---------------- t control_c_handler
---------------- d control_c_handler.control_c_pressed
---------------- D counts
---------------- d crc32_table
---------------- d crc_c
---------------- t crypto_auth
---------------- d db
---------------- T dedup_create
---------------- T dedup_destroy
---------------- T dedup_is_duplicate
---------------- T dedup_selftest
---------------- d default_arp_template
---------------- d default_icmp_ping_template
---------------- d default_icmp_timestamp_template
---------------- d default_sctp_template
---------------- d default_tcp_template
---------------- T default_udp_parse
---------------- d default_udp_template
---------------- d deltainverse
---------------- T dequeue
---------------- d dicom_hello
                 U dlopen
                 U dlsym
---------------- d dns_hello
---------------- T dns_name_skip
---------------- T dns_set_cookie
---------------- d docker_hello
---------------- T e_next_byte
---------------- T e_next_int32
---------------- T e_next_long64
---------------- T e_next_short16
---------------- T enqueue
---------------- T errmsg_init
---------------- D error_codes
                 U exit
                 U fclose
                 U feof
                 U fflush
                 U fgets
---------------- T field_name
---------------- D fnv1a_seed
                 U fopen
                 U fopen64
---------------- d for12
---------------- d for4
---------------- d for6
                 U fprintf
                 U fputc
                 U fputs
                 U fread
                 U free
                 U freeifaddrs
                 U fseek
                 U fseeko64
                 U ftell
                 U ftello64
---------------- t ftp_init
---------------- t ftp_parse
---------------- t ftp_selftest
                 U fwrite
---------------- d genericlines_hello
---------------- T get_entropy
---------------- t get_next_line
                 U getcwd
                 U getifaddrs
                 U getpid
                 U getprotobynumber
                 U getservbyport_r
---------------- d global_debug_level
---------------- d global_mib
---------------- d global_mib.1791
---------------- D global_now
---------------- D global_self
---------------- d global_xnames
                 U gmtime
---------------- D google_cert
---------------- D google_cert_size
---------------- t grepable_out_banner
---------------- t grepable_out_close
---------------- t grepable_out_open
---------------- t grepable_out_status
---------------- D grepable_output
---------------- d hand_shake_ptr
---------------- T handle_dns
---------------- T handle_icmp
---------------- d handle_icmp.echo_reply_dedup
---------------- T handle_nbtstat
---------------- t handle_nbtstat_rr
---------------- T handle_oproto
---------------- T handle_sctp
---------------- t handle_segfault
---------------- T handle_snmp
---------------- T handle_udp
---------------- T handle_zeroaccess
---------------- D hard_coded_oproto_payloads
---------------- D hard_coded_udp_payloads
---------------- t hostonly_out_banner
---------------- t hostonly_out_close
---------------- t hostonly_out_open
---------------- t hostonly_out_status
---------------- D hostonly_output
---------------- T http_change_field
---------------- T http_change_requestline
---------------- d http_hello
---------------- t http_init
---------------- t http_parse
---------------- t http_selftest
---------------- d http_selftest_config.fieldsamples
                 U if_indextoname
---------------- t imap4_init
---------------- t imap4_parse
---------------- t imap4_selftest
                 U ioctl
---------------- T ipaddress_fmt
---------------- T ipv4address_fmt
---------------- T ipv4address_selftest
---------------- T ipv6address_add
---------------- T ipv6address_add_uint64
---------------- T ipv6address_fmt
---------------- T ipv6address_is_equal_prefixed
---------------- T ipv6address_selftest
---------------- T ipv6address_subtract
---------------- t isBoolean
---------------- t isInteger
---------------- t is_attr_char
---------------- T is_my_ip
---------------- T is_my_port
---------------- T is_myself
---------------- d is_pcap_file
---------------- t is_pfring_dna
---------------- D is_rx_done
---------------- d is_singleton.singletons
---------------- D is_tcp_debug
---------------- D is_tx_done
---------------- T isakmp_parse
---------------- T isakmp_set_cookie
---------------- d javarmi_hello
---------------- t json_out_banner
---------------- t json_out_close
---------------- t json_out_open
---------------- t json_out_status
---------------- D json_output
---------------- d kerberos_hello
---------------- t kludge_next
---------------- T lcg_calculate_constants
---------------- T lcg_rand
---------------- T lcg_selftest
---------------- d ldap_hello
                 U localtime
---------------- D luaL_checkinteger
---------------- D luaL_checklstring
---------------- D luaL_checkudata
---------------- D luaL_len
---------------- D luaL_loadbufferx
---------------- D luaL_loadfilex
---------------- D luaL_loadstring
---------------- D luaL_newmetatable
---------------- D luaL_newstate
---------------- D luaL_openlibs
---------------- D luaL_ref
---------------- D luaL_setfuncs
---------------- D luaL_setmetatable
---------------- D luaL_unref
---------------- D lua_close
---------------- D lua_getfield
---------------- D lua_getglobal
---------------- D lua_geti
---------------- D lua_gettop
---------------- D lua_iscfunction
---------------- D lua_isinteger
---------------- D lua_isnumber
---------------- D lua_isstring
---------------- D lua_isuserdata
---------------- D lua_newthread
---------------- D lua_newuserdata
---------------- D lua_pcallk
---------------- D lua_pushcclosure
---------------- D lua_pushinteger
---------------- D lua_pushlstring
---------------- D lua_pushnumber
---------------- D lua_pushstring
---------------- D lua_pushvalue
---------------- D lua_resume
---------------- D lua_setfield
---------------- D lua_setglobal
---------------- D lua_seti
---------------- D lua_settop
---------------- D lua_toboolean
---------------- D lua_tointegerx
---------------- D lua_tolstring
---------------- D lua_tonumberx
---------------- D lua_type
---------------- D lua_typename
---------------- D lua_version
---------------- D lua_xmove
---------------- D lua_yieldk
---------------- T macaddress_fmt
---------------- T main
---------------- T main_listscan
---------------- T main_readrange
---------------- T mainconf_selftest
                 U malloc
---------------- t mass_gc
---------------- t mass_setconfig
---------------- T masscan_app_selftest
---------------- T masscan_app_to_string
---------------- d masscan_app_to_string.tmp
---------------- T masscan_command_line
---------------- T masscan_conf_contains
---------------- T masscan_echo
---------------- T masscan_echo_cidr
---------------- t masscan_echo_nic
---------------- t masscan_help
---------------- T masscan_initialize_adapter
---------------- T masscan_load_database_files
---------------- T masscan_read_config_file
---------------- T masscan_save_state
---------------- T masscan_set_parameter
---------------- T masscan_string_to_app
---------------- d masscan_string_to_app.list
---------------- T masscan_usage
---------------- T massint128_bitcount
---------------- T massip_add_port_string
---------------- T massip_add_target_string
---------------- T massip_apply_excludes
---------------- T massip_has_ip
---------------- T massip_has_ipv4_targets
---------------- T massip_has_ipv6_targets
---------------- T massip_has_port
---------------- T massip_has_target_ports
---------------- T massip_optimize
---------------- T massip_parse_file
---------------- T massip_parse_ipv4
---------------- T massip_parse_ipv6
---------------- T massip_parse_range
---------------- T massip_parse_selftest
---------------- T massip_pick
---------------- T massip_range
---------------- T massip_selftest
---------------- t mc_init
---------------- t mc_parse
---------------- t mc_selftest
---------------- t memcached_init
---------------- d memcached_responses
---------------- t memcached_selftest
---------------- d memcached_stats
---------------- t memcached_tcp_parse
---------------- T memcached_udp_parse
---------------- T memcached_udp_set_cookie
---------------- T memcasecmp
                 U memchr
---------------- d mib
---------------- d mib.1792
                 U mktime
---------------- d mongodb_hello
---------------- d ms_sql_s_hello
---------------- D mynames
---------------- t name_equals
---------------- T name_from_ip_proto
                 U nanosleep
---------------- t ndjson_out_banner
---------------- t ndjson_out_close
---------------- t ndjson_out_open
---------------- t ndjson_out_status
---------------- D ndjson_output
---------------- T nmapserviceprobes_free
---------------- T nmapserviceprobes_print
---------------- t nmapserviceprobes_print_dstring
---------------- t nmapserviceprobes_print_ports
---------------- T nmapserviceprobes_read_file
---------------- T nmapserviceprobes_selftest
---------------- T normalize_string
---------------- d notes_rpc_hello
---------------- T ntlmssp_cleanup
---------------- T ntlmssp_decode
---------------- T ntlmssp_decode_init
---------------- T ntp_handle_response
---------------- T ntp_selftest
---------------- T ntp_set_cookie
---------------- t null_PCAP_ACTIVATE
---------------- t null_PCAP_CAN_SET_RFMON
---------------- t null_PCAP_CLOSE
---------------- t null_PCAP_CREATE
---------------- t null_PCAP_DATALINK
---------------- t null_PCAP_DATALINK_VAL_TO_NAME
---------------- t null_PCAP_DEV_DESCRIPTION
---------------- t null_PCAP_DEV_NAME
---------------- t null_PCAP_DEV_NEXT
---------------- t null_PCAP_DISPATCH
---------------- t null_PCAP_FINDALLDEVS
---------------- t null_PCAP_FREEALLDEVS
---------------- t null_PCAP_GETERR
---------------- t null_PCAP_LIB_VERSION
---------------- t null_PCAP_LOOKUPDEV
---------------- t null_PCAP_MAJOR_VERSION
---------------- t null_PCAP_MINOR_VERSION
---------------- t null_PCAP_NEXT
---------------- t null_PCAP_OPEN_LIVE
---------------- t null_PCAP_OPEN_OFFLINE
---------------- t null_PCAP_PERROR
---------------- t null_PCAP_SENDPACKET
---------------- t null_PCAP_SETDIRECTION
---------------- t null_PCAP_SET_BUFFER_SIZE
---------------- t null_PCAP_SET_IMMEDIATE_MODE
---------------- t null_PCAP_SET_PROMISC
---------------- t null_PCAP_SET_RFMON
---------------- t null_PCAP_SET_SNAPLEN
---------------- t null_PCAP_SET_TIMEOUT
---------------- t null_out_banner
---------------- t null_out_close
---------------- t null_out_open
---------------- t null_out_status
---------------- D null_output
---------------- t open_rotate
---------------- T oproto_service_name
---------------- d oproto_services
---------------- D options
---------------- T output_create
---------------- T output_destroy
---------------- t output_do_rotate
---------------- T output_report_banner
---------------- T output_report_status
---------------- T output_selftest
---------------- d packet_template
---------------- T packet_trace
---------------- D params
---------------- t parseBoolean
---------------- t parseInt
---------------- t parseTime
---------------- t parse_banner4
---------------- t parse_c_string
---------------- t parse_fallback
---------------- d parse_handshake.heartbleed_request
---------------- t parse_ipv4
---------------- t parse_line
---------------- t parse_links
---------------- t parse_mac_address
---------------- t parse_number
---------------- t parse_ports
---------------- t parse_status
---------------- t parse_status2
---------------- t parse_status6
---------------- d parse_type.name_to_types
---------------- D patterns
---------------- t payloads_datagram_add
---------------- t payloads_datagram_add_nocookie
---------------- T payloads_oproto_create
---------------- T payloads_oproto_trim
---------------- T payloads_read_pcap
---------------- T payloads_udp_create
---------------- T payloads_udp_destroy
---------------- T payloads_udp_lookup
---------------- T payloads_udp_readfile
---------------- T payloads_udp_trim
---------------- T pcap_init
---------------- T pcapfile_close
---------------- T pcapfile_datalink
---------------- T pcapfile_get_timestamps
---------------- T pcapfile_openappend
---------------- T pcapfile_openread
---------------- T pcapfile_openwrite
---------------- T pcapfile_percentdone
---------------- T pcapfile_readframe
---------------- T pcapfile_writeframe
                 U perror
---------------- T pixie_backtrace_finish
---------------- T pixie_backtrace_init
---------------- T pixie_begin_thread
---------------- T pixie_cpu_get_count
---------------- T pixie_cpu_raise_priority
---------------- T pixie_cpu_set_affinity
---------------- T pixie_fopen_shareable
---------------- T pixie_gettime
---------------- T pixie_mssleep
---------------- T pixie_nanotime
---------------- T pixie_thread_join
---------------- T pixie_time_selftest
---------------- T pixie_usleep
---------------- d pop
---------------- t pop3_init
---------------- t pop3_parse
---------------- t pop3_selftest
---------------- T preprocess_frame
---------------- T primegen_count
---------------- T primegen_fill
---------------- T primegen_init
---------------- T primegen_next
---------------- T primegen_peek
---------------- T primegen_sieve
---------------- T primegen_skipto
---------------- t print_nmap_help
---------------- t print_version
                 U printf
---------------- t proto_arp_parse
---------------- T proto_coap_selftest
---------------- T proto_dns_parse
---------------- T proto_isakmp_selftest
                 U pthread_attr_destroy
                 U pthread_attr_getschedpolicy
                 U pthread_attr_init
                 U pthread_create
                 U pthread_join
                 U pthread_self
                 U pthread_setaffinity_np
                 U pthread_setschedprio
                 U putchar
                 U puts
---------------- D qq60tab
---------------- D qqtab
                 U qsort
---------------- T queue_create
---------------- T queue_destroy
---------------- T queue_has_more_items
---------------- t range6_compare
---------------- T range6_is_bad_address
---------------- T range6list_add_range
---------------- T range6list_count
---------------- T range6list_exclude
---------------- T range6list_is_contains
---------------- T range6list_merge
---------------- T range6list_optimize
---------------- T range6list_pick
---------------- T range6list_remove_all
---------------- T range6list_remove_range
---------------- T range6list_remove_range2
---------------- T range6list_sort
---------------- t range_compare
---------------- T range_first_cidr
---------------- T range_is_cidr
---------------- T range_is_valid
---------------- T range_parse_ipv4
---------------- t rangefile_test_error
---------------- T rangelist_add_range
---------------- T rangelist_add_range_tcp
---------------- T rangelist_add_range_udp
---------------- T rangelist_count
---------------- T rangelist_exclude
---------------- T rangelist_is_contains
---------------- T rangelist_merge
---------------- T rangelist_optimize
---------------- T rangelist_parse_ports
---------------- T rangelist_pick
---------------- T rangelist_remove_all
---------------- t rangelist_remove_range
---------------- T rangelist_sort
---------------- T ranges6_selftest
---------------- T ranges_selftest
---------------- T rawsock_flush
---------------- T rawsock_get_adapter_ip
---------------- T rawsock_get_adapter_ipv6
---------------- T rawsock_get_adapter_mac
---------------- T rawsock_get_default_gateway
---------------- T rawsock_get_default_interface
---------------- T rawsock_ignore_transmits
---------------- T rawsock_init
---------------- T rawsock_init_adapter
---------------- T rawsock_is_adapter_names_equal
---------------- T rawsock_list_adapters
---------------- T rawsock_recv_packet
---------------- T rawsock_selftest
---------------- T rawsock_selftest_if
---------------- T rawsock_send_packet
---------------- T rawsock_send_probe_ipv4
---------------- T rawsock_send_probe_ipv6
---------------- T rawsock_win_name
---------------- d rdp_hello
---------------- t rdp_init
---------------- t rdp_parse
---------------- t rdp_selftest
---------------- d rdp_selftest.test1
---------------- d rdp_selftest.test2
---------------- t rdp_selftest_item
---------------- T read_nmap_payloads
                 U readlink
---------------- T readscan_binary_scanfile
---------------- T readscan_filter_pass
---------------- T readscan_report
---------------- T readscan_report_init
---------------- T readscan_report_print
                 U realloc
---------------- T reason_string
---------------- t receive_thread
                 U recv
---------------- d redis_hello
---------------- t redis_out_banner
---------------- t redis_out_close
---------------- t redis_out_open
---------------- t redis_out_status
---------------- D redis_output
---------------- t register_script_for_ports
---------------- d reltable._parse_response
---------------- d reltable.vnc_parse
                 U rename
---------------- d request_codes
---------------- d rpc_hello
---------------- T rstfilter_create
---------------- T rstfilter_destroy
---------------- T rstfilter_is_filter
---------------- T rstfilter_selftest
---------------- T rte_ring_create
---------------- T rte_ring_dump
---------------- T rte_ring_selftest
---------------- T rte_ring_set_water_mark
---------------- d rtsp_hello
---------------- T safe_gmtime
---------------- T safe_localtime
---------------- T safe_strcpy
---------------- d sample
---------------- d sample1
---------------- d sample2
---------------- d sample3
---------------- D sample4
---------------- D sbox
---------------- D sbox2
                 U sched_get_priority_max
                 U sched_getaffinity
---------------- t scripting_banner_init
---------------- t scripting_banner_selftest
---------------- T scripting_init
---------------- T scripting_init_tcp
---------------- T scripting_masscan_init
---------------- d scripting_masscan_init.my_methods
---------------- t scripting_tcp_parse
---------------- t scripting_transmit_hello
---------------- T sctp_checksum
---------------- T sctp_selftest
                 U select
---------------- t selftest_range_first_cidr
---------------- d selftest_range_first_cidr.tests
                 U send
---------------- t set_target
                 U signal
---------------- d sip_hello
---------------- T siphash24
---------------- T siphash24_selftest
---------------- D sm_memcached_responses
---------------- D sm_memcached_stats
---------------- T smack_add_pattern
---------------- T smack_benchmark
---------------- T smack_compile
---------------- t smack_copy_matches
---------------- T smack_create
---------------- T smack_destroy
---------------- T smack_next_match
---------------- T smack_search
---------------- T smack_search_end
---------------- T smack_search_next
---------------- T smack_search_next_end
---------------- T smack_selftest
---------------- d smb0_hello_template
---------------- d smb1_hello_template
---------------- d smb1_hello_template_v1
---------------- d smb1_null_session_setup
---------------- d smb1_null_session_setup_ex
---------------- D smb2_negotiate_request
---------------- D smb2_null_session_setup
---------------- t smb_cleanup
---------------- t smb_do_test
---------------- t smb_init
---------------- t smb_parse_record
---------------- t smb_selftest
---------------- d smb_selftest.packet_bytes
---------------- d smb_selftest.packet_bytes.2
---------------- T smb_set_hello_v1
---------------- t smtp_init
---------------- t smtp_parse
---------------- t smtp_selftest
---------------- t snmp_banner
---------------- t snmp_banner_oid
---------------- T snmp_init
---------------- t snmp_parse
---------------- T snmp_selftest
---------------- d snmp_selftest.xx
---------------- d snmp_selftest_banner.snmp_response
---------------- T snmp_set_cookie
                 U snprintf
                 U socket
---------------- T spnego_decode
---------------- T spnego_decode_init
                 U sqrt
---------------- t squarefree1
---------------- t squarefree49
---------------- t ssh_init
---------------- t ssh_parse
---------------- t ssh_selftest
---------------- d ssl_12_hello_template
---------------- T ssl_add_cipherspec
---------------- T ssl_hello
---------------- d ssl_hello.key
---------------- D ssl_hello_heartbeat_template
---------------- d ssl_hello_heartbeat_templatex
---------------- T ssl_hello_size
---------------- D ssl_hello_sslv3_template
---------------- d ssl_hello_template
---------------- D ssl_hello_ticketbleed_template
---------------- d ssl_hello_ticketbleed_templatex
---------------- t ssl_init
---------------- t ssl_parse_record
---------------- t ssl_selftest
---------------- D ssl_test_case_1
---------------- D ssl_test_case_1_size
---------------- D ssl_test_case_2
---------------- D ssl_test_case_2_size
---------------- D ssl_test_case_3
---------------- D ssl_test_case_3_size
---------------- d sslv3_hello
---------------- T stack_arp_incoming_request
---------------- T stack_arp_resolve
---------------- T stack_create
---------------- T stack_flush_packets
---------------- T stack_get_packetbuffer
---------------- T stack_if_datalink
---------------- T stack_incoming_tcp
---------------- T stack_ndpv6_incoming_request
---------------- T stack_ndpv6_resolve
---------------- T stack_transmit_packetbuffer
                 U stat64
---------------- t state_to_string
---------------- d state_to_string.buf
---------------- T status_finish
---------------- T status_print
---------------- T status_start
---------------- T status_string
                 U stderr
                 U stdin
                 U stdout
                 U strchr
                 U strcmp
                 U strdup
                 U strerror
                 U strftime
                 U strlen
                 U strncasecmp
                 U strrchr
                 U strstr
                 U strtol
                 U strtoul
---------------- T stublua_init
---------------- T syn_cookie
---------------- T syn_cookie_ipv4
---------------- T syn_cookie_ipv6
                 U system
---------------- t tcp_add_opt
---------------- t tcp_checksum2
---------------- T tcp_create_packet
---------------- t tcp_find_opt
---------------- t tcp_get_mss
---------------- t tcp_get_wscale
---------------- t tcp_remove_opt
---------------- T tcp_send_RST
---------------- d tcp_send_RST.is_warning_printed
---------------- T tcp_service_name
---------------- d tcp_services
---------------- T tcp_set_window
---------------- T tcpapi_change_app_state
---------------- T tcpapi_close
---------------- T tcpapi_reconnect
---------------- T tcpapi_recv
---------------- T tcpapi_send
---------------- T tcpapi_set_timeout
---------------- T tcpcon_create_table
---------------- T tcpcon_create_tcb
---------------- T tcpcon_destroy_table
---------------- t tcpcon_destroy_tcb
---------------- T tcpcon_lookup_tcb
---------------- T tcpcon_send_RST
---------------- t tcpcon_send_packet
---------------- d tcpcon_send_packet.is_warning_printed
---------------- T tcpcon_set_banner_flags
---------------- T tcpcon_set_http_header
---------------- T tcpcon_set_parameter
---------------- T tcpcon_timeouts
---------------- t telnet_init
---------------- t telnet_parse
---------------- t telnet_selftest
---------------- T templ_copy
---------------- T templ_nmap_selftest
---------------- T templ_payloads_selftest
---------------- T templ_tcp_apply_options
---------------- T templ_tcp_selftest
---------------- T template_packet_init
---------------- T template_selftest
---------------- T template_set_target_ipv4
---------------- T template_set_target_ipv6
---------------- T template_set_ttl
---------------- T template_set_vlan
---------------- D test_cases
---------------- t test_consumer_thread
---------------- t test_consumer_thread.2862
---------------- t test_producer_thread
---------------- t test_producer_thread.2861
---------------- d tests
---------------- t text_out_banner
---------------- t text_out_close
---------------- t text_out_open
---------------- t text_out_status
---------------- D text_output
---------------- T throttler_next_batch
---------------- T throttler_start
                 U time
---------------- T timeouts_add
---------------- T timeouts_create
---------------- T timeouts_remove
---------------- t transmit_thread
---------------- d two
---------------- T udp_checksum2
---------------- t udp_payload_fixup
---------------- T udp_service_name
---------------- d udp_services
---------------- t unicornscan_out_banner
---------------- t unicornscan_out_close
---------------- t unicornscan_out_open
---------------- t unicornscan_out_status
---------------- D unicornscan_output
---------------- D usec_start
---------------- d vectors
---------------- t versioning_init
---------------- t versioning_selftest
---------------- t versioning_tcp_parse
                 U vfprintf
---------------- t vnc_append_sectype
---------------- t vnc_init
---------------- t vnc_parse
---------------- t vnc_selftest
                 U vsnprintf
---------------- D vuln_ntp_monlist
---------------- T vulncheck_lookup
---------------- t what_to_string
---------------- d what_to_string.buf
---------------- d x11_hello
---------------- T x509_decode
---------------- T x509_decode_init
---------------- T x509_init
---------------- D x_test
---------------- t xml_out_banner
---------------- t xml_out_close
---------------- t xml_out_open
---------------- t xml_out_status
---------------- D xml_output
---------------- T xring_selftest
---------------- D yahoo_cert
---------------- D yahoo_cert_size
---------------- D zeroaccess_getL
---------------- T zeroaccess_selftest
