                 U __assert_fail
                 U __ctype_b_loc
                 U __ctype_tolower_loc
                 U __ctype_toupper_loc
                 U __errno_location
                 U __sched_cpucount
                 U abort
                 U access
                 U backtrace
                 U backtrace_symbols
                 U bcmp
                 U calloc
                 U clock
                 U clock_gettime
                 U close
                 U connect
                 U dlopen
                 U dlsym
                 U exit
                 U fclose
                 U feof
                 U fflush
                 U fgets
                 U fopen
                 U fopen64
                 U fprintf
                 U fputc
                 U fputs
                 U fread
                 U free
                 U freeifaddrs
                 U fseek
                 U fseeko64
                 U ftell
                 U ftello64
                 U fwrite
                 U getcwd
                 U getifaddrs
                 U getpid
                 U getprotobynumber
                 U getservbyport_r
                 U gmtime
                 U if_indextoname
                 U ioctl
                 U localtime
                 U malloc
                 U memchr
                 U mktime
                 U nanosleep
                 U perror
                 U printf
                 U pthread_attr_destroy
                 U pthread_attr_getschedpolicy
                 U pthread_attr_init
                 U pthread_create
                 U pthread_join
                 U pthread_self
                 U pthread_setaffinity_np
                 U pthread_setschedprio
                 U putchar
                 U puts
                 U qsort
                 U readlink
                 U realloc
                 U recv
                 U rename
                 U sched_get_priority_max
                 U sched_getaffinity
                 U select
                 U send
                 U signal
                 U snprintf
                 U socket
                 U sqrt
                 U stat64
                 U stderr
                 U stdin
                 U stdout
                 U strchr
                 U strcmp
                 U strdup
                 U strerror
                 U strftime
                 U strlen
                 U strncasecmp
                 U strrchr
                 U strstr
                 U strtol
                 U strtoul
                 U system
                 U time
                 U vfprintf
                 U vsnprintf
