                 U __isoc99_sscanf
                 U bcmp
                 U exit
                 U fclose
                 U ferror
                 U fopen
                 U fprintf
                 U fputc
                 U fread
                 U free
                 U frexp
                 U frexpf
                 U fwrite
                 U ldexp
                 U ldexpf
                 U log10
                 U malloc
                 U realloc
                 U sqrt
                 U stderr
                 U stdin
                 U stdout
                 U strcmp
