Checking whether the ASM compiler is GNU using "--version" did not match "(GNU assembler)|(GCC)|(Free Software Foundation)":
Ubuntu clang version 14.0.0-1ubuntu1
Target: x86_64-pc-linux-gnu
Thread model: posix
InstalledDir: /usr/bin
Detecting C OpenMP failed with the following output:
Change Dir: /home/jimi/PaperExperiment/CompilerOptimization/CompilerResult/tengine/LLVM14-O2-g/build/CMakeFiles/CMakeTmp

Run Build Command(s):/usr/bin/gmake -f Makefile cmTC_defc7/fast && /usr/bin/gmake  -f CMakeFiles/cmTC_defc7.dir/build.make CMakeFiles/cmTC_defc7.dir/build
gmake[1]: Entering directory '/home/jimi/PaperExperiment/CompilerOptimization/CompilerResult/tengine/LLVM14-O2-g/build/CMakeFiles/CMakeTmp'
Building C object CMakeFiles/cmTC_defc7.dir/OpenMPTryFlag.c.o
/usr/bin/clang-14   -O2 -g -fopenmp=libomp -v -std=gnu99 -MD -MT CMakeFiles/cmTC_defc7.dir/OpenMPTryFlag.c.o -MF CMakeFiles/cmTC_defc7.dir/OpenMPTryFlag.c.o.d -o CMakeFiles/cmTC_defc7.dir/OpenMPTryFlag.c.o -c /home/jimi/PaperExperiment/CompilerOptimization/CompilerResult/tengine/LLVM14-O2-g/build/CMakeFiles/FindOpenMP/OpenMPTryFlag.c
Ubuntu clang version 14.0.0-1ubuntu1
Target: x86_64-pc-linux-gnu
Thread model: posix
InstalledDir: /usr/bin
Found candidate GCC installation: /usr/bin/../lib/gcc/x86_64-linux-gnu/11
Selected GCC installation: /usr/bin/../lib/gcc/x86_64-linux-gnu/11
Candidate multilib: .;@m64
Candidate multilib: 32;@m32
Candidate multilib: x32;@mx32
Selected multilib: .;@m64
 (in-process)
 "/usr/lib/llvm-14/bin/clang" -cc1 -triple x86_64-pc-linux-gnu -emit-obj --mrelax-relocations -disable-free -clear-ast-before-backend -disable-llvm-verifier -discard-value-names -main-file-name OpenMPTryFlag.c -mrelocation-model pic -pic-level 2 -pic-is-pie -mframe-pointer=none -fmath-errno -ffp-contract=on -fno-rounding-math -mconstructor-aliases -funwind-tables=2 -target-cpu x86-64 -tune-cpu generic -mllvm -treat-scalable-fixed-error-as-warning -debug-info-kind=constructor -dwarf-version=5 -debugger-tuning=gdb -v -fcoverage-compilation-dir=/home/jimi/PaperExperiment/CompilerOptimization/CompilerResult/tengine/LLVM14-O2-g/build/CMakeFiles/CMakeTmp -resource-dir /usr/lib/llvm-14/lib/clang/14.0.0 -dependency-file CMakeFiles/cmTC_defc7.dir/OpenMPTryFlag.c.o.d -MT CMakeFiles/cmTC_defc7.dir/OpenMPTryFlag.c.o -sys-header-deps -internal-isystem /usr/lib/llvm-14/lib/clang/14.0.0/include -internal-isystem /usr/local/include -internal-isystem /usr/bin/../lib/gcc/x86_64-linux-gnu/11/../../../../x86_64-linux-gnu/include -internal-externc-isystem /usr/include/x86_64-linux-gnu -internal-externc-isystem /include -internal-externc-isystem /usr/include -O2 -std=gnu99 -fdebug-compilation-dir=/home/jimi/PaperExperiment/CompilerOptimization/CompilerResult/tengine/LLVM14-O2-g/build/CMakeFiles/CMakeTmp -ferror-limit 19 -fopenmp -fopenmp-target-new-runtime -fgnuc-version=4.2.1 -vectorize-loops -vectorize-slp -faddrsig -D__GCC_HAVE_DWARF2_CFI_ASM=1 -o CMakeFiles/cmTC_defc7.dir/OpenMPTryFlag.c.o -x c /home/jimi/PaperExperiment/CompilerOptimization/CompilerResult/tengine/LLVM14-O2-g/build/CMakeFiles/FindOpenMP/OpenMPTryFlag.c
clang -cc1 version 14.0.0 based upon LLVM 14.0.0 default target x86_64-pc-linux-gnu
ignoring nonexistent directory "/usr/bin/../lib/gcc/x86_64-linux-gnu/11/../../../../x86_64-linux-gnu/include"
ignoring nonexistent directory "/include"
#include "..." search starts here:
#include <...> search starts here:
 /usr/lib/llvm-14/lib/clang/14.0.0/include
 /usr/local/include
 /usr/include/x86_64-linux-gnu
 /usr/include
End of search list.
/home/jimi/PaperExperiment/CompilerOptimization/CompilerResult/tengine/LLVM14-O2-g/build/CMakeFiles/FindOpenMP/OpenMPTryFlag.c:2:10: fatal error: 'omp.h' file not found
#include <omp.h>
         ^~~~~~~
1 error generated.
gmake[1]: *** [CMakeFiles/cmTC_defc7.dir/build.make:79: CMakeFiles/cmTC_defc7.dir/OpenMPTryFlag.c.o] Error 1
gmake[1]: Leaving directory '/home/jimi/PaperExperiment/CompilerOptimization/CompilerResult/tengine/LLVM14-O2-g/build/CMakeFiles/CMakeTmp'
gmake: *** [Makefile:127: cmTC_defc7/fast] Error 2



Detecting C OpenMP failed with the following output:
Change Dir: /home/jimi/PaperExperiment/CompilerOptimization/CompilerResult/tengine/LLVM14-O2-g/build/CMakeFiles/CMakeTmp

Run Build Command(s):/usr/bin/gmake -f Makefile cmTC_466d8/fast && /usr/bin/gmake  -f CMakeFiles/cmTC_466d8.dir/build.make CMakeFiles/cmTC_466d8.dir/build
gmake[1]: Entering directory '/home/jimi/PaperExperiment/CompilerOptimization/CompilerResult/tengine/LLVM14-O2-g/build/CMakeFiles/CMakeTmp'
Building C object CMakeFiles/cmTC_466d8.dir/OpenMPTryFlag.c.o
/usr/bin/clang-14   -O2 -g -fopenmp=libiomp5 -v -std=gnu99 -MD -MT CMakeFiles/cmTC_466d8.dir/OpenMPTryFlag.c.o -MF CMakeFiles/cmTC_466d8.dir/OpenMPTryFlag.c.o.d -o CMakeFiles/cmTC_466d8.dir/OpenMPTryFlag.c.o -c /home/jimi/PaperExperiment/CompilerOptimization/CompilerResult/tengine/LLVM14-O2-g/build/CMakeFiles/FindOpenMP/OpenMPTryFlag.c
Ubuntu clang version 14.0.0-1ubuntu1
Target: x86_64-pc-linux-gnu
Thread model: posix
InstalledDir: /usr/bin
Found candidate GCC installation: /usr/bin/../lib/gcc/x86_64-linux-gnu/11
Selected GCC installation: /usr/bin/../lib/gcc/x86_64-linux-gnu/11
Candidate multilib: .;@m64
Candidate multilib: 32;@m32
Candidate multilib: x32;@mx32
Selected multilib: .;@m64
 (in-process)
 "/usr/lib/llvm-14/bin/clang" -cc1 -triple x86_64-pc-linux-gnu -emit-obj --mrelax-relocations -disable-free -clear-ast-before-backend -disable-llvm-verifier -discard-value-names -main-file-name OpenMPTryFlag.c -mrelocation-model pic -pic-level 2 -pic-is-pie -mframe-pointer=none -fmath-errno -ffp-contract=on -fno-rounding-math -mconstructor-aliases -funwind-tables=2 -target-cpu x86-64 -tune-cpu generic -mllvm -treat-scalable-fixed-error-as-warning -debug-info-kind=constructor -dwarf-version=5 -debugger-tuning=gdb -v -fcoverage-compilation-dir=/home/jimi/PaperExperiment/CompilerOptimization/CompilerResult/tengine/LLVM14-O2-g/build/CMakeFiles/CMakeTmp -resource-dir /usr/lib/llvm-14/lib/clang/14.0.0 -dependency-file CMakeFiles/cmTC_466d8.dir/OpenMPTryFlag.c.o.d -MT CMakeFiles/cmTC_466d8.dir/OpenMPTryFlag.c.o -sys-header-deps -internal-isystem /usr/lib/llvm-14/lib/clang/14.0.0/include -internal-isystem /usr/local/include -internal-isystem /usr/bin/../lib/gcc/x86_64-linux-gnu/11/../../../../x86_64-linux-gnu/include -internal-externc-isystem /usr/include/x86_64-linux-gnu -internal-externc-isystem /include -internal-externc-isystem /usr/include -O2 -std=gnu99 -fdebug-compilation-dir=/home/jimi/PaperExperiment/CompilerOptimization/CompilerResult/tengine/LLVM14-O2-g/build/CMakeFiles/CMakeTmp -ferror-limit 19 -fopenmp -fopenmp-target-new-runtime -fgnuc-version=4.2.1 -vectorize-loops -vectorize-slp -faddrsig -D__GCC_HAVE_DWARF2_CFI_ASM=1 -o CMakeFiles/cmTC_466d8.dir/OpenMPTryFlag.c.o -x c /home/jimi/PaperExperiment/CompilerOptimization/CompilerResult/tengine/LLVM14-O2-g/build/CMakeFiles/FindOpenMP/OpenMPTryFlag.c
clang -cc1 version 14.0.0 based upon LLVM 14.0.0 default target x86_64-pc-linux-gnu
ignoring nonexistent directory "/usr/bin/../lib/gcc/x86_64-linux-gnu/11/../../../../x86_64-linux-gnu/include"
ignoring nonexistent directory "/include"
#include "..." search starts here:
#include <...> search starts here:
 /usr/lib/llvm-14/lib/clang/14.0.0/include
 /usr/local/include
 /usr/include/x86_64-linux-gnu
 /usr/include
End of search list.
/home/jimi/PaperExperiment/CompilerOptimization/CompilerResult/tengine/LLVM14-O2-g/build/CMakeFiles/FindOpenMP/OpenMPTryFlag.c:2:10: fatal error: 'omp.h' file not found
#include <omp.h>
         ^~~~~~~
1 error generated.
gmake[1]: *** [CMakeFiles/cmTC_466d8.dir/build.make:79: CMakeFiles/cmTC_466d8.dir/OpenMPTryFlag.c.o] Error 1
gmake[1]: Leaving directory '/home/jimi/PaperExperiment/CompilerOptimization/CompilerResult/tengine/LLVM14-O2-g/build/CMakeFiles/CMakeTmp'
gmake: *** [Makefile:127: cmTC_466d8/fast] Error 2



Detecting C OpenMP failed with the following output:
Change Dir: /home/jimi/PaperExperiment/CompilerOptimization/CompilerResult/tengine/LLVM14-O2-g/build/CMakeFiles/CMakeTmp

Run Build Command(s):/usr/bin/gmake -f Makefile cmTC_99265/fast && /usr/bin/gmake  -f CMakeFiles/cmTC_99265.dir/build.make CMakeFiles/cmTC_99265.dir/build
gmake[1]: Entering directory '/home/jimi/PaperExperiment/CompilerOptimization/CompilerResult/tengine/LLVM14-O2-g/build/CMakeFiles/CMakeTmp'
Building C object CMakeFiles/cmTC_99265.dir/OpenMPTryFlag.c.o
/usr/bin/clang-14   -O2 -g -fopenmp -v -std=gnu99 -MD -MT CMakeFiles/cmTC_99265.dir/OpenMPTryFlag.c.o -MF CMakeFiles/cmTC_99265.dir/OpenMPTryFlag.c.o.d -o CMakeFiles/cmTC_99265.dir/OpenMPTryFlag.c.o -c /home/jimi/PaperExperiment/CompilerOptimization/CompilerResult/tengine/LLVM14-O2-g/build/CMakeFiles/FindOpenMP/OpenMPTryFlag.c
Ubuntu clang version 14.0.0-1ubuntu1
Target: x86_64-pc-linux-gnu
Thread model: posix
InstalledDir: /usr/bin
Found candidate GCC installation: /usr/bin/../lib/gcc/x86_64-linux-gnu/11
Selected GCC installation: /usr/bin/../lib/gcc/x86_64-linux-gnu/11
Candidate multilib: .;@m64
Candidate multilib: 32;@m32
Candidate multilib: x32;@mx32
Selected multilib: .;@m64
 (in-process)
 "/usr/lib/llvm-14/bin/clang" -cc1 -triple x86_64-pc-linux-gnu -emit-obj --mrelax-relocations -disable-free -clear-ast-before-backend -disable-llvm-verifier -discard-value-names -main-file-name OpenMPTryFlag.c -mrelocation-model pic -pic-level 2 -pic-is-pie -mframe-pointer=none -fmath-errno -ffp-contract=on -fno-rounding-math -mconstructor-aliases -funwind-tables=2 -target-cpu x86-64 -tune-cpu generic -mllvm -treat-scalable-fixed-error-as-warning -debug-info-kind=constructor -dwarf-version=5 -debugger-tuning=gdb -v -fcoverage-compilation-dir=/home/jimi/PaperExperiment/CompilerOptimization/CompilerResult/tengine/LLVM14-O2-g/build/CMakeFiles/CMakeTmp -resource-dir /usr/lib/llvm-14/lib/clang/14.0.0 -dependency-file CMakeFiles/cmTC_99265.dir/OpenMPTryFlag.c.o.d -MT CMakeFiles/cmTC_99265.dir/OpenMPTryFlag.c.o -sys-header-deps -internal-isystem /usr/lib/llvm-14/lib/clang/14.0.0/include -internal-isystem /usr/local/include -internal-isystem /usr/bin/../lib/gcc/x86_64-linux-gnu/11/../../../../x86_64-linux-gnu/include -internal-externc-isystem /usr/include/x86_64-linux-gnu -internal-externc-isystem /include -internal-externc-isystem /usr/include -O2 -std=gnu99 -fdebug-compilation-dir=/home/jimi/PaperExperiment/CompilerOptimization/CompilerResult/tengine/LLVM14-O2-g/build/CMakeFiles/CMakeTmp -ferror-limit 19 -fopenmp -fopenmp-target-new-runtime -fgnuc-version=4.2.1 -vectorize-loops -vectorize-slp -faddrsig -D__GCC_HAVE_DWARF2_CFI_ASM=1 -o CMakeFiles/cmTC_99265.dir/OpenMPTryFlag.c.o -x c /home/jimi/PaperExperiment/CompilerOptimization/CompilerResult/tengine/LLVM14-O2-g/build/CMakeFiles/FindOpenMP/OpenMPTryFlag.c
clang -cc1 version 14.0.0 based upon LLVM 14.0.0 default target x86_64-pc-linux-gnu
ignoring nonexistent directory "/usr/bin/../lib/gcc/x86_64-linux-gnu/11/../../../../x86_64-linux-gnu/include"
ignoring nonexistent directory "/include"
#include "..." search starts here:
#include <...> search starts here:
 /usr/lib/llvm-14/lib/clang/14.0.0/include
 /usr/local/include
 /usr/include/x86_64-linux-gnu
 /usr/include
End of search list.
/home/jimi/PaperExperiment/CompilerOptimization/CompilerResult/tengine/LLVM14-O2-g/build/CMakeFiles/FindOpenMP/OpenMPTryFlag.c:2:10: fatal error: 'omp.h' file not found
#include <omp.h>
         ^~~~~~~
1 error generated.
gmake[1]: *** [CMakeFiles/cmTC_99265.dir/build.make:79: CMakeFiles/cmTC_99265.dir/OpenMPTryFlag.c.o] Error 1
gmake[1]: Leaving directory '/home/jimi/PaperExperiment/CompilerOptimization/CompilerResult/tengine/LLVM14-O2-g/build/CMakeFiles/CMakeTmp'
gmake: *** [Makefile:127: cmTC_99265/fast] Error 2



Detecting C OpenMP failed with the following output:
Change Dir: /home/jimi/PaperExperiment/CompilerOptimization/CompilerResult/tengine/LLVM14-O2-g/build/CMakeFiles/CMakeTmp

Run Build Command(s):/usr/bin/gmake -f Makefile cmTC_3ebfc/fast && /usr/bin/gmake  -f CMakeFiles/cmTC_3ebfc.dir/build.make CMakeFiles/cmTC_3ebfc.dir/build
gmake[1]: Entering directory '/home/jimi/PaperExperiment/CompilerOptimization/CompilerResult/tengine/LLVM14-O2-g/build/CMakeFiles/CMakeTmp'
Building C object CMakeFiles/cmTC_3ebfc.dir/OpenMPTryFlag.c.o
/usr/bin/clang-14   -O2 -g -Xclang -fopenmp -v -std=gnu99 -MD -MT CMakeFiles/cmTC_3ebfc.dir/OpenMPTryFlag.c.o -MF CMakeFiles/cmTC_3ebfc.dir/OpenMPTryFlag.c.o.d -o CMakeFiles/cmTC_3ebfc.dir/OpenMPTryFlag.c.o -c /home/jimi/PaperExperiment/CompilerOptimization/CompilerResult/tengine/LLVM14-O2-g/build/CMakeFiles/FindOpenMP/OpenMPTryFlag.c
Ubuntu clang version 14.0.0-1ubuntu1
Target: x86_64-pc-linux-gnu
Thread model: posix
InstalledDir: /usr/bin
Found candidate GCC installation: /usr/bin/../lib/gcc/x86_64-linux-gnu/11
Selected GCC installation: /usr/bin/../lib/gcc/x86_64-linux-gnu/11
Candidate multilib: .;@m64
Candidate multilib: 32;@m32
Candidate multilib: x32;@mx32
Selected multilib: .;@m64
 (in-process)
 "/usr/lib/llvm-14/bin/clang" -cc1 -triple x86_64-pc-linux-gnu -emit-obj --mrelax-relocations -disable-free -clear-ast-before-backend -disable-llvm-verifier -discard-value-names -main-file-name OpenMPTryFlag.c -mrelocation-model pic -pic-level 2 -pic-is-pie -mframe-pointer=none -fmath-errno -ffp-contract=on -fno-rounding-math -mconstructor-aliases -funwind-tables=2 -target-cpu x86-64 -tune-cpu generic -mllvm -treat-scalable-fixed-error-as-warning -debug-info-kind=constructor -dwarf-version=5 -debugger-tuning=gdb -v -fcoverage-compilation-dir=/home/jimi/PaperExperiment/CompilerOptimization/CompilerResult/tengine/LLVM14-O2-g/build/CMakeFiles/CMakeTmp -resource-dir /usr/lib/llvm-14/lib/clang/14.0.0 -dependency-file CMakeFiles/cmTC_3ebfc.dir/OpenMPTryFlag.c.o.d -MT CMakeFiles/cmTC_3ebfc.dir/OpenMPTryFlag.c.o -sys-header-deps -internal-isystem /usr/lib/llvm-14/lib/clang/14.0.0/include -internal-isystem /usr/local/include -internal-isystem /usr/bin/../lib/gcc/x86_64-linux-gnu/11/../../../../x86_64-linux-gnu/include -internal-externc-isystem /usr/include/x86_64-linux-gnu -internal-externc-isystem /include -internal-externc-isystem /usr/include -O2 -std=gnu99 -fdebug-compilation-dir=/home/jimi/PaperExperiment/CompilerOptimization/CompilerResult/tengine/LLVM14-O2-g/build/CMakeFiles/CMakeTmp -ferror-limit 19 -fgnuc-version=4.2.1 -vectorize-loops -vectorize-slp -fopenmp -faddrsig -D__GCC_HAVE_DWARF2_CFI_ASM=1 -o CMakeFiles/cmTC_3ebfc.dir/OpenMPTryFlag.c.o -x c /home/jimi/PaperExperiment/CompilerOptimization/CompilerResult/tengine/LLVM14-O2-g/build/CMakeFiles/FindOpenMP/OpenMPTryFlag.c
clang -cc1 version 14.0.0 based upon LLVM 14.0.0 default target x86_64-pc-linux-gnu
ignoring nonexistent directory "/usr/bin/../lib/gcc/x86_64-linux-gnu/11/../../../../x86_64-linux-gnu/include"
ignoring nonexistent directory "/include"
#include "..." search starts here:
#include <...> search starts here:
 /usr/lib/llvm-14/lib/clang/14.0.0/include
 /usr/local/include
 /usr/include/x86_64-linux-gnu
 /usr/include
End of search list.
/home/jimi/PaperExperiment/CompilerOptimization/CompilerResult/tengine/LLVM14-O2-g/build/CMakeFiles/FindOpenMP/OpenMPTryFlag.c:2:10: fatal error: 'omp.h' file not found
#include <omp.h>
         ^~~~~~~
1 error generated.
gmake[1]: *** [CMakeFiles/cmTC_3ebfc.dir/build.make:79: CMakeFiles/cmTC_3ebfc.dir/OpenMPTryFlag.c.o] Error 1
gmake[1]: Leaving directory '/home/jimi/PaperExperiment/CompilerOptimization/CompilerResult/tengine/LLVM14-O2-g/build/CMakeFiles/CMakeTmp'
gmake: *** [Makefile:127: cmTC_3ebfc/fast] Error 2



Detecting CXX OpenMP failed with the following output:
Change Dir: /home/jimi/PaperExperiment/CompilerOptimization/CompilerResult/tengine/LLVM14-O2-g/build/CMakeFiles/CMakeTmp

Run Build Command(s):/usr/bin/gmake -f Makefile cmTC_00624/fast && /usr/bin/gmake  -f CMakeFiles/cmTC_00624.dir/build.make CMakeFiles/cmTC_00624.dir/build
gmake[1]: Entering directory '/home/jimi/PaperExperiment/CompilerOptimization/CompilerResult/tengine/LLVM14-O2-g/build/CMakeFiles/CMakeTmp'
Building CXX object CMakeFiles/cmTC_00624.dir/OpenMPTryFlag.cpp.o
/usr/bin/clang++-14   -O2 -g -fopenmp=libomp -v -std=c++11 -MD -MT CMakeFiles/cmTC_00624.dir/OpenMPTryFlag.cpp.o -MF CMakeFiles/cmTC_00624.dir/OpenMPTryFlag.cpp.o.d -o CMakeFiles/cmTC_00624.dir/OpenMPTryFlag.cpp.o -c /home/jimi/PaperExperiment/CompilerOptimization/CompilerResult/tengine/LLVM14-O2-g/build/CMakeFiles/FindOpenMP/OpenMPTryFlag.cpp
Ubuntu clang version 14.0.0-1ubuntu1
Target: x86_64-pc-linux-gnu
Thread model: posix
InstalledDir: /usr/bin
Found candidate GCC installation: /usr/bin/../lib/gcc/x86_64-linux-gnu/11
Selected GCC installation: /usr/bin/../lib/gcc/x86_64-linux-gnu/11
Candidate multilib: .;@m64
Candidate multilib: 32;@m32
Candidate multilib: x32;@mx32
Selected multilib: .;@m64
 (in-process)
 "/usr/lib/llvm-14/bin/clang" -cc1 -triple x86_64-pc-linux-gnu -emit-obj --mrelax-relocations -disable-free -clear-ast-before-backend -disable-llvm-verifier -discard-value-names -main-file-name OpenMPTryFlag.cpp -mrelocation-model pic -pic-level 2 -pic-is-pie -mframe-pointer=none -fmath-errno -ffp-contract=on -fno-rounding-math -mconstructor-aliases -funwind-tables=2 -target-cpu x86-64 -tune-cpu generic -mllvm -treat-scalable-fixed-error-as-warning -debug-info-kind=constructor -dwarf-version=5 -debugger-tuning=gdb -v -fcoverage-compilation-dir=/home/jimi/PaperExperiment/CompilerOptimization/CompilerResult/tengine/LLVM14-O2-g/build/CMakeFiles/CMakeTmp -resource-dir /usr/lib/llvm-14/lib/clang/14.0.0 -dependency-file CMakeFiles/cmTC_00624.dir/OpenMPTryFlag.cpp.o.d -MT CMakeFiles/cmTC_00624.dir/OpenMPTryFlag.cpp.o -sys-header-deps -internal-isystem /usr/bin/../lib/gcc/x86_64-linux-gnu/11/../../../../include/c++/11 -internal-isystem /usr/bin/../lib/gcc/x86_64-linux-gnu/11/../../../../include/x86_64-linux-gnu/c++/11 -internal-isystem /usr/bin/../lib/gcc/x86_64-linux-gnu/11/../../../../include/c++/11/backward -internal-isystem /usr/lib/llvm-14/lib/clang/14.0.0/include -internal-isystem /usr/local/include -internal-isystem /usr/bin/../lib/gcc/x86_64-linux-gnu/11/../../../../x86_64-linux-gnu/include -internal-externc-isystem /usr/include/x86_64-linux-gnu -internal-externc-isystem /include -internal-externc-isystem /usr/include -O2 -std=c++11 -fdeprecated-macro -fdebug-compilation-dir=/home/jimi/PaperExperiment/CompilerOptimization/CompilerResult/tengine/LLVM14-O2-g/build/CMakeFiles/CMakeTmp -ferror-limit 19 -fopenmp -fopenmp-target-new-runtime -fgnuc-version=4.2.1 -fcxx-exceptions -fexceptions -vectorize-loops -vectorize-slp -faddrsig -D__GCC_HAVE_DWARF2_CFI_ASM=1 -o CMakeFiles/cmTC_00624.dir/OpenMPTryFlag.cpp.o -x c++ /home/jimi/PaperExperiment/CompilerOptimization/CompilerResult/tengine/LLVM14-O2-g/build/CMakeFiles/FindOpenMP/OpenMPTryFlag.cpp
clang -cc1 version 14.0.0 based upon LLVM 14.0.0 default target x86_64-pc-linux-gnu
ignoring nonexistent directory "/usr/bin/../lib/gcc/x86_64-linux-gnu/11/../../../../x86_64-linux-gnu/include"
ignoring nonexistent directory "/include"
#include "..." search starts here:
#include <...> search starts here:
 /usr/bin/../lib/gcc/x86_64-linux-gnu/11/../../../../include/c++/11
 /usr/bin/../lib/gcc/x86_64-linux-gnu/11/../../../../include/x86_64-linux-gnu/c++/11
 /usr/bin/../lib/gcc/x86_64-linux-gnu/11/../../../../include/c++/11/backward
 /usr/lib/llvm-14/lib/clang/14.0.0/include
 /usr/local/include
 /usr/include/x86_64-linux-gnu
 /usr/include
End of search list.
/home/jimi/PaperExperiment/CompilerOptimization/CompilerResult/tengine/LLVM14-O2-g/build/CMakeFiles/FindOpenMP/OpenMPTryFlag.cpp:2:10: fatal error: 'omp.h' file not found
#include <omp.h>
         ^~~~~~~
1 error generated.
gmake[1]: *** [CMakeFiles/cmTC_00624.dir/build.make:79: CMakeFiles/cmTC_00624.dir/OpenMPTryFlag.cpp.o] Error 1
gmake[1]: Leaving directory '/home/jimi/PaperExperiment/CompilerOptimization/CompilerResult/tengine/LLVM14-O2-g/build/CMakeFiles/CMakeTmp'
gmake: *** [Makefile:127: cmTC_00624/fast] Error 2



Detecting CXX OpenMP failed with the following output:
Change Dir: /home/jimi/PaperExperiment/CompilerOptimization/CompilerResult/tengine/LLVM14-O2-g/build/CMakeFiles/CMakeTmp

Run Build Command(s):/usr/bin/gmake -f Makefile cmTC_97e45/fast && /usr/bin/gmake  -f CMakeFiles/cmTC_97e45.dir/build.make CMakeFiles/cmTC_97e45.dir/build
gmake[1]: Entering directory '/home/jimi/PaperExperiment/CompilerOptimization/CompilerResult/tengine/LLVM14-O2-g/build/CMakeFiles/CMakeTmp'
Building CXX object CMakeFiles/cmTC_97e45.dir/OpenMPTryFlag.cpp.o
/usr/bin/clang++-14   -O2 -g -fopenmp=libiomp5 -v -std=c++11 -MD -MT CMakeFiles/cmTC_97e45.dir/OpenMPTryFlag.cpp.o -MF CMakeFiles/cmTC_97e45.dir/OpenMPTryFlag.cpp.o.d -o CMakeFiles/cmTC_97e45.dir/OpenMPTryFlag.cpp.o -c /home/jimi/PaperExperiment/CompilerOptimization/CompilerResult/tengine/LLVM14-O2-g/build/CMakeFiles/FindOpenMP/OpenMPTryFlag.cpp
Ubuntu clang version 14.0.0-1ubuntu1
Target: x86_64-pc-linux-gnu
Thread model: posix
InstalledDir: /usr/bin
Found candidate GCC installation: /usr/bin/../lib/gcc/x86_64-linux-gnu/11
Selected GCC installation: /usr/bin/../lib/gcc/x86_64-linux-gnu/11
Candidate multilib: .;@m64
Candidate multilib: 32;@m32
Candidate multilib: x32;@mx32
Selected multilib: .;@m64
 (in-process)
 "/usr/lib/llvm-14/bin/clang" -cc1 -triple x86_64-pc-linux-gnu -emit-obj --mrelax-relocations -disable-free -clear-ast-before-backend -disable-llvm-verifier -discard-value-names -main-file-name OpenMPTryFlag.cpp -mrelocation-model pic -pic-level 2 -pic-is-pie -mframe-pointer=none -fmath-errno -ffp-contract=on -fno-rounding-math -mconstructor-aliases -funwind-tables=2 -target-cpu x86-64 -tune-cpu generic -mllvm -treat-scalable-fixed-error-as-warning -debug-info-kind=constructor -dwarf-version=5 -debugger-tuning=gdb -v -fcoverage-compilation-dir=/home/jimi/PaperExperiment/CompilerOptimization/CompilerResult/tengine/LLVM14-O2-g/build/CMakeFiles/CMakeTmp -resource-dir /usr/lib/llvm-14/lib/clang/14.0.0 -dependency-file CMakeFiles/cmTC_97e45.dir/OpenMPTryFlag.cpp.o.d -MT CMakeFiles/cmTC_97e45.dir/OpenMPTryFlag.cpp.o -sys-header-deps -internal-isystem /usr/bin/../lib/gcc/x86_64-linux-gnu/11/../../../../include/c++/11 -internal-isystem /usr/bin/../lib/gcc/x86_64-linux-gnu/11/../../../../include/x86_64-linux-gnu/c++/11 -internal-isystem /usr/bin/../lib/gcc/x86_64-linux-gnu/11/../../../../include/c++/11/backward -internal-isystem /usr/lib/llvm-14/lib/clang/14.0.0/include -internal-isystem /usr/local/include -internal-isystem /usr/bin/../lib/gcc/x86_64-linux-gnu/11/../../../../x86_64-linux-gnu/include -internal-externc-isystem /usr/include/x86_64-linux-gnu -internal-externc-isystem /include -internal-externc-isystem /usr/include -O2 -std=c++11 -fdeprecated-macro -fdebug-compilation-dir=/home/jimi/PaperExperiment/CompilerOptimization/CompilerResult/tengine/LLVM14-O2-g/build/CMakeFiles/CMakeTmp -ferror-limit 19 -fopenmp -fopenmp-target-new-runtime -fgnuc-version=4.2.1 -fcxx-exceptions -fexceptions -vectorize-loops -vectorize-slp -faddrsig -D__GCC_HAVE_DWARF2_CFI_ASM=1 -o CMakeFiles/cmTC_97e45.dir/OpenMPTryFlag.cpp.o -x c++ /home/jimi/PaperExperiment/CompilerOptimization/CompilerResult/tengine/LLVM14-O2-g/build/CMakeFiles/FindOpenMP/OpenMPTryFlag.cpp
clang -cc1 version 14.0.0 based upon LLVM 14.0.0 default target x86_64-pc-linux-gnu
ignoring nonexistent directory "/usr/bin/../lib/gcc/x86_64-linux-gnu/11/../../../../x86_64-linux-gnu/include"
ignoring nonexistent directory "/include"
#include "..." search starts here:
#include <...> search starts here:
 /usr/bin/../lib/gcc/x86_64-linux-gnu/11/../../../../include/c++/11
 /usr/bin/../lib/gcc/x86_64-linux-gnu/11/../../../../include/x86_64-linux-gnu/c++/11
 /usr/bin/../lib/gcc/x86_64-linux-gnu/11/../../../../include/c++/11/backward
 /usr/lib/llvm-14/lib/clang/14.0.0/include
 /usr/local/include
 /usr/include/x86_64-linux-gnu
 /usr/include
End of search list.
/home/jimi/PaperExperiment/CompilerOptimization/CompilerResult/tengine/LLVM14-O2-g/build/CMakeFiles/FindOpenMP/OpenMPTryFlag.cpp:2:10: fatal error: 'omp.h' file not found
#include <omp.h>
         ^~~~~~~
1 error generated.
gmake[1]: *** [CMakeFiles/cmTC_97e45.dir/build.make:79: CMakeFiles/cmTC_97e45.dir/OpenMPTryFlag.cpp.o] Error 1
gmake[1]: Leaving directory '/home/jimi/PaperExperiment/CompilerOptimization/CompilerResult/tengine/LLVM14-O2-g/build/CMakeFiles/CMakeTmp'
gmake: *** [Makefile:127: cmTC_97e45/fast] Error 2



Detecting CXX OpenMP failed with the following output:
Change Dir: /home/jimi/PaperExperiment/CompilerOptimization/CompilerResult/tengine/LLVM14-O2-g/build/CMakeFiles/CMakeTmp

Run Build Command(s):/usr/bin/gmake -f Makefile cmTC_3744a/fast && /usr/bin/gmake  -f CMakeFiles/cmTC_3744a.dir/build.make CMakeFiles/cmTC_3744a.dir/build
gmake[1]: Entering directory '/home/jimi/PaperExperiment/CompilerOptimization/CompilerResult/tengine/LLVM14-O2-g/build/CMakeFiles/CMakeTmp'
Building CXX object CMakeFiles/cmTC_3744a.dir/OpenMPTryFlag.cpp.o
/usr/bin/clang++-14   -O2 -g -fopenmp -v -std=c++11 -MD -MT CMakeFiles/cmTC_3744a.dir/OpenMPTryFlag.cpp.o -MF CMakeFiles/cmTC_3744a.dir/OpenMPTryFlag.cpp.o.d -o CMakeFiles/cmTC_3744a.dir/OpenMPTryFlag.cpp.o -c /home/jimi/PaperExperiment/CompilerOptimization/CompilerResult/tengine/LLVM14-O2-g/build/CMakeFiles/FindOpenMP/OpenMPTryFlag.cpp
Ubuntu clang version 14.0.0-1ubuntu1
Target: x86_64-pc-linux-gnu
Thread model: posix
InstalledDir: /usr/bin
Found candidate GCC installation: /usr/bin/../lib/gcc/x86_64-linux-gnu/11
Selected GCC installation: /usr/bin/../lib/gcc/x86_64-linux-gnu/11
Candidate multilib: .;@m64
Candidate multilib: 32;@m32
Candidate multilib: x32;@mx32
Selected multilib: .;@m64
 (in-process)
 "/usr/lib/llvm-14/bin/clang" -cc1 -triple x86_64-pc-linux-gnu -emit-obj --mrelax-relocations -disable-free -clear-ast-before-backend -disable-llvm-verifier -discard-value-names -main-file-name OpenMPTryFlag.cpp -mrelocation-model pic -pic-level 2 -pic-is-pie -mframe-pointer=none -fmath-errno -ffp-contract=on -fno-rounding-math -mconstructor-aliases -funwind-tables=2 -target-cpu x86-64 -tune-cpu generic -mllvm -treat-scalable-fixed-error-as-warning -debug-info-kind=constructor -dwarf-version=5 -debugger-tuning=gdb -v -fcoverage-compilation-dir=/home/jimi/PaperExperiment/CompilerOptimization/CompilerResult/tengine/LLVM14-O2-g/build/CMakeFiles/CMakeTmp -resource-dir /usr/lib/llvm-14/lib/clang/14.0.0 -dependency-file CMakeFiles/cmTC_3744a.dir/OpenMPTryFlag.cpp.o.d -MT CMakeFiles/cmTC_3744a.dir/OpenMPTryFlag.cpp.o -sys-header-deps -internal-isystem /usr/bin/../lib/gcc/x86_64-linux-gnu/11/../../../../include/c++/11 -internal-isystem /usr/bin/../lib/gcc/x86_64-linux-gnu/11/../../../../include/x86_64-linux-gnu/c++/11 -internal-isystem /usr/bin/../lib/gcc/x86_64-linux-gnu/11/../../../../include/c++/11/backward -internal-isystem /usr/lib/llvm-14/lib/clang/14.0.0/include -internal-isystem /usr/local/include -internal-isystem /usr/bin/../lib/gcc/x86_64-linux-gnu/11/../../../../x86_64-linux-gnu/include -internal-externc-isystem /usr/include/x86_64-linux-gnu -internal-externc-isystem /include -internal-externc-isystem /usr/include -O2 -std=c++11 -fdeprecated-macro -fdebug-compilation-dir=/home/jimi/PaperExperiment/CompilerOptimization/CompilerResult/tengine/LLVM14-O2-g/build/CMakeFiles/CMakeTmp -ferror-limit 19 -fopenmp -fopenmp-target-new-runtime -fgnuc-version=4.2.1 -fcxx-exceptions -fexceptions -vectorize-loops -vectorize-slp -faddrsig -D__GCC_HAVE_DWARF2_CFI_ASM=1 -o CMakeFiles/cmTC_3744a.dir/OpenMPTryFlag.cpp.o -x c++ /home/jimi/PaperExperiment/CompilerOptimization/CompilerResult/tengine/LLVM14-O2-g/build/CMakeFiles/FindOpenMP/OpenMPTryFlag.cpp
clang -cc1 version 14.0.0 based upon LLVM 14.0.0 default target x86_64-pc-linux-gnu
ignoring nonexistent directory "/usr/bin/../lib/gcc/x86_64-linux-gnu/11/../../../../x86_64-linux-gnu/include"
ignoring nonexistent directory "/include"
#include "..." search starts here:
#include <...> search starts here:
 /usr/bin/../lib/gcc/x86_64-linux-gnu/11/../../../../include/c++/11
 /usr/bin/../lib/gcc/x86_64-linux-gnu/11/../../../../include/x86_64-linux-gnu/c++/11
 /usr/bin/../lib/gcc/x86_64-linux-gnu/11/../../../../include/c++/11/backward
 /usr/lib/llvm-14/lib/clang/14.0.0/include
 /usr/local/include
 /usr/include/x86_64-linux-gnu
 /usr/include
End of search list.
/home/jimi/PaperExperiment/CompilerOptimization/CompilerResult/tengine/LLVM14-O2-g/build/CMakeFiles/FindOpenMP/OpenMPTryFlag.cpp:2:10: fatal error: 'omp.h' file not found
#include <omp.h>
         ^~~~~~~
1 error generated.
gmake[1]: *** [CMakeFiles/cmTC_3744a.dir/build.make:79: CMakeFiles/cmTC_3744a.dir/OpenMPTryFlag.cpp.o] Error 1
gmake[1]: Leaving directory '/home/jimi/PaperExperiment/CompilerOptimization/CompilerResult/tengine/LLVM14-O2-g/build/CMakeFiles/CMakeTmp'
gmake: *** [Makefile:127: cmTC_3744a/fast] Error 2



Detecting CXX OpenMP failed with the following output:
Change Dir: /home/jimi/PaperExperiment/CompilerOptimization/CompilerResult/tengine/LLVM14-O2-g/build/CMakeFiles/CMakeTmp

Run Build Command(s):/usr/bin/gmake -f Makefile cmTC_d0db9/fast && /usr/bin/gmake  -f CMakeFiles/cmTC_d0db9.dir/build.make CMakeFiles/cmTC_d0db9.dir/build
gmake[1]: Entering directory '/home/jimi/PaperExperiment/CompilerOptimization/CompilerResult/tengine/LLVM14-O2-g/build/CMakeFiles/CMakeTmp'
Building CXX object CMakeFiles/cmTC_d0db9.dir/OpenMPTryFlag.cpp.o
/usr/bin/clang++-14   -O2 -g -Xclang -fopenmp -v -std=c++11 -MD -MT CMakeFiles/cmTC_d0db9.dir/OpenMPTryFlag.cpp.o -MF CMakeFiles/cmTC_d0db9.dir/OpenMPTryFlag.cpp.o.d -o CMakeFiles/cmTC_d0db9.dir/OpenMPTryFlag.cpp.o -c /home/jimi/PaperExperiment/CompilerOptimization/CompilerResult/tengine/LLVM14-O2-g/build/CMakeFiles/FindOpenMP/OpenMPTryFlag.cpp
Ubuntu clang version 14.0.0-1ubuntu1
Target: x86_64-pc-linux-gnu
Thread model: posix
InstalledDir: /usr/bin
Found candidate GCC installation: /usr/bin/../lib/gcc/x86_64-linux-gnu/11
Selected GCC installation: /usr/bin/../lib/gcc/x86_64-linux-gnu/11
Candidate multilib: .;@m64
Candidate multilib: 32;@m32
Candidate multilib: x32;@mx32
Selected multilib: .;@m64
 (in-process)
 "/usr/lib/llvm-14/bin/clang" -cc1 -triple x86_64-pc-linux-gnu -emit-obj --mrelax-relocations -disable-free -clear-ast-before-backend -disable-llvm-verifier -discard-value-names -main-file-name OpenMPTryFlag.cpp -mrelocation-model pic -pic-level 2 -pic-is-pie -mframe-pointer=none -fmath-errno -ffp-contract=on -fno-rounding-math -mconstructor-aliases -funwind-tables=2 -target-cpu x86-64 -tune-cpu generic -mllvm -treat-scalable-fixed-error-as-warning -debug-info-kind=constructor -dwarf-version=5 -debugger-tuning=gdb -v -fcoverage-compilation-dir=/home/jimi/PaperExperiment/CompilerOptimization/CompilerResult/tengine/LLVM14-O2-g/build/CMakeFiles/CMakeTmp -resource-dir /usr/lib/llvm-14/lib/clang/14.0.0 -dependency-file CMakeFiles/cmTC_d0db9.dir/OpenMPTryFlag.cpp.o.d -MT CMakeFiles/cmTC_d0db9.dir/OpenMPTryFlag.cpp.o -sys-header-deps -internal-isystem /usr/bin/../lib/gcc/x86_64-linux-gnu/11/../../../../include/c++/11 -internal-isystem /usr/bin/../lib/gcc/x86_64-linux-gnu/11/../../../../include/x86_64-linux-gnu/c++/11 -internal-isystem /usr/bin/../lib/gcc/x86_64-linux-gnu/11/../../../../include/c++/11/backward -internal-isystem /usr/lib/llvm-14/lib/clang/14.0.0/include -internal-isystem /usr/local/include -internal-isystem /usr/bin/../lib/gcc/x86_64-linux-gnu/11/../../../../x86_64-linux-gnu/include -internal-externc-isystem /usr/include/x86_64-linux-gnu -internal-externc-isystem /include -internal-externc-isystem /usr/include -O2 -std=c++11 -fdeprecated-macro -fdebug-compilation-dir=/home/jimi/PaperExperiment/CompilerOptimization/CompilerResult/tengine/LLVM14-O2-g/build/CMakeFiles/CMakeTmp -ferror-limit 19 -fgnuc-version=4.2.1 -fcxx-exceptions -fexceptions -vectorize-loops -vectorize-slp -fopenmp -faddrsig -D__GCC_HAVE_DWARF2_CFI_ASM=1 -o CMakeFiles/cmTC_d0db9.dir/OpenMPTryFlag.cpp.o -x c++ /home/jimi/PaperExperiment/CompilerOptimization/CompilerResult/tengine/LLVM14-O2-g/build/CMakeFiles/FindOpenMP/OpenMPTryFlag.cpp
clang -cc1 version 14.0.0 based upon LLVM 14.0.0 default target x86_64-pc-linux-gnu
ignoring nonexistent directory "/usr/bin/../lib/gcc/x86_64-linux-gnu/11/../../../../x86_64-linux-gnu/include"
ignoring nonexistent directory "/include"
#include "..." search starts here:
#include <...> search starts here:
 /usr/bin/../lib/gcc/x86_64-linux-gnu/11/../../../../include/c++/11
 /usr/bin/../lib/gcc/x86_64-linux-gnu/11/../../../../include/x86_64-linux-gnu/c++/11
 /usr/bin/../lib/gcc/x86_64-linux-gnu/11/../../../../include/c++/11/backward
 /usr/lib/llvm-14/lib/clang/14.0.0/include
 /usr/local/include
 /usr/include/x86_64-linux-gnu
 /usr/include
End of search list.
/home/jimi/PaperExperiment/CompilerOptimization/CompilerResult/tengine/LLVM14-O2-g/build/CMakeFiles/FindOpenMP/OpenMPTryFlag.cpp:2:10: fatal error: 'omp.h' file not found
#include <omp.h>
         ^~~~~~~
1 error generated.
gmake[1]: *** [CMakeFiles/cmTC_d0db9.dir/build.make:79: CMakeFiles/cmTC_d0db9.dir/OpenMPTryFlag.cpp.o] Error 1
gmake[1]: Leaving directory '/home/jimi/PaperExperiment/CompilerOptimization/CompilerResult/tengine/LLVM14-O2-g/build/CMakeFiles/CMakeTmp'
gmake: *** [Makefile:127: cmTC_d0db9/fast] Error 2



Detecting C OpenMP failed with the following output:
Change Dir: /home/jimi/PaperExperiment/CompilerOptimization/CompilerResult/tengine/LLVM14-O2-g/build/CMakeFiles/CMakeTmp

Run Build Command(s):/usr/bin/gmake -f Makefile cmTC_42528/fast && gmake[1]: Entering directory '/home/jimi/PaperExperiment/CompilerOptimization/CompilerResult/tengine/LLVM14-O2-g/build/CMakeFiles/CMakeTmp'
/usr/bin/gmake  -f CMakeFiles/cmTC_42528.dir/build.make CMakeFiles/cmTC_42528.dir/build
gmake[2]: Entering directory '/home/jimi/PaperExperiment/CompilerOptimization/CompilerResult/tengine/LLVM14-O2-g/build/CMakeFiles/CMakeTmp'
Building C object CMakeFiles/cmTC_42528.dir/OpenMPTryFlag.c.o
/usr/bin/clang-14   -O2 -g -fopenmp=libomp -v -std=gnu99 -MD -MT CMakeFiles/cmTC_42528.dir/OpenMPTryFlag.c.o -MF CMakeFiles/cmTC_42528.dir/OpenMPTryFlag.c.o.d -o CMakeFiles/cmTC_42528.dir/OpenMPTryFlag.c.o -c /home/jimi/PaperExperiment/CompilerOptimization/CompilerResult/tengine/LLVM14-O2-g/build/CMakeFiles/FindOpenMP/OpenMPTryFlag.c
Ubuntu clang version 14.0.0-1ubuntu1
Target: x86_64-pc-linux-gnu
Thread model: posix
InstalledDir: /usr/bin
Found candidate GCC installation: /usr/bin/../lib/gcc/x86_64-linux-gnu/11
Selected GCC installation: /usr/bin/../lib/gcc/x86_64-linux-gnu/11
Candidate multilib: .;@m64
Candidate multilib: 32;@m32
Candidate multilib: x32;@mx32
Selected multilib: .;@m64
 (in-process)
 "/usr/lib/llvm-14/bin/clang" -cc1 -triple x86_64-pc-linux-gnu -emit-obj --mrelax-relocations -disable-free -clear-ast-before-backend -disable-llvm-verifier -discard-value-names -main-file-name OpenMPTryFlag.c -mrelocation-model pic -pic-level 2 -pic-is-pie -mframe-pointer=none -fmath-errno -ffp-contract=on -fno-rounding-math -mconstructor-aliases -funwind-tables=2 -target-cpu x86-64 -tune-cpu generic -mllvm -treat-scalable-fixed-error-as-warning -debug-info-kind=constructor -dwarf-version=5 -debugger-tuning=gdb -v -fcoverage-compilation-dir=/home/jimi/PaperExperiment/CompilerOptimization/CompilerResult/tengine/LLVM14-O2-g/build/CMakeFiles/CMakeTmp -resource-dir /usr/lib/llvm-14/lib/clang/14.0.0 -dependency-file CMakeFiles/cmTC_42528.dir/OpenMPTryFlag.c.o.d -MT CMakeFiles/cmTC_42528.dir/OpenMPTryFlag.c.o -sys-header-deps -internal-isystem /usr/lib/llvm-14/lib/clang/14.0.0/include -internal-isystem /usr/local/include -internal-isystem /usr/bin/../lib/gcc/x86_64-linux-gnu/11/../../../../x86_64-linux-gnu/include -internal-externc-isystem /usr/include/x86_64-linux-gnu -internal-externc-isystem /include -internal-externc-isystem /usr/include -O2 -std=gnu99 -fdebug-compilation-dir=/home/jimi/PaperExperiment/CompilerOptimization/CompilerResult/tengine/LLVM14-O2-g/build/CMakeFiles/CMakeTmp -ferror-limit 19 -fopenmp -fopenmp-target-new-runtime -fgnuc-version=4.2.1 -vectorize-loops -vectorize-slp -faddrsig -D__GCC_HAVE_DWARF2_CFI_ASM=1 -o CMakeFiles/cmTC_42528.dir/OpenMPTryFlag.c.o -x c /home/jimi/PaperExperiment/CompilerOptimization/CompilerResult/tengine/LLVM14-O2-g/build/CMakeFiles/FindOpenMP/OpenMPTryFlag.c
clang -cc1 version 14.0.0 based upon LLVM 14.0.0 default target x86_64-pc-linux-gnu
ignoring nonexistent directory "/usr/bin/../lib/gcc/x86_64-linux-gnu/11/../../../../x86_64-linux-gnu/include"
ignoring nonexistent directory "/include"
#include "..." search starts here:
#include <...> search starts here:
 /usr/lib/llvm-14/lib/clang/14.0.0/include
 /usr/local/include
 /usr/include/x86_64-linux-gnu
 /usr/include
End of search list.
/home/jimi/PaperExperiment/CompilerOptimization/CompilerResult/tengine/LLVM14-O2-g/build/CMakeFiles/FindOpenMP/OpenMPTryFlag.c:2:10: fatal error: 'omp.h' file not found
#include <omp.h>
         ^~~~~~~
1 error generated.
gmake[2]: *** [CMakeFiles/cmTC_42528.dir/build.make:79: CMakeFiles/cmTC_42528.dir/OpenMPTryFlag.c.o] Error 1
gmake[2]: Leaving directory '/home/jimi/PaperExperiment/CompilerOptimization/CompilerResult/tengine/LLVM14-O2-g/build/CMakeFiles/CMakeTmp'
gmake[1]: *** [Makefile:127: cmTC_42528/fast] Error 2
gmake[1]: Leaving directory '/home/jimi/PaperExperiment/CompilerOptimization/CompilerResult/tengine/LLVM14-O2-g/build/CMakeFiles/CMakeTmp'



Detecting C OpenMP failed with the following output:
Change Dir: /home/jimi/PaperExperiment/CompilerOptimization/CompilerResult/tengine/LLVM14-O2-g/build/CMakeFiles/CMakeTmp

Run Build Command(s):/usr/bin/gmake -f Makefile cmTC_30d25/fast && gmake[1]: Entering directory '/home/jimi/PaperExperiment/CompilerOptimization/CompilerResult/tengine/LLVM14-O2-g/build/CMakeFiles/CMakeTmp'
/usr/bin/gmake  -f CMakeFiles/cmTC_30d25.dir/build.make CMakeFiles/cmTC_30d25.dir/build
gmake[2]: Entering directory '/home/jimi/PaperExperiment/CompilerOptimization/CompilerResult/tengine/LLVM14-O2-g/build/CMakeFiles/CMakeTmp'
Building C object CMakeFiles/cmTC_30d25.dir/OpenMPTryFlag.c.o
/usr/bin/clang-14   -O2 -g -fopenmp=libiomp5 -v -std=gnu99 -MD -MT CMakeFiles/cmTC_30d25.dir/OpenMPTryFlag.c.o -MF CMakeFiles/cmTC_30d25.dir/OpenMPTryFlag.c.o.d -o CMakeFiles/cmTC_30d25.dir/OpenMPTryFlag.c.o -c /home/jimi/PaperExperiment/CompilerOptimization/CompilerResult/tengine/LLVM14-O2-g/build/CMakeFiles/FindOpenMP/OpenMPTryFlag.c
Ubuntu clang version 14.0.0-1ubuntu1
Target: x86_64-pc-linux-gnu
Thread model: posix
InstalledDir: /usr/bin
Found candidate GCC installation: /usr/bin/../lib/gcc/x86_64-linux-gnu/11
Selected GCC installation: /usr/bin/../lib/gcc/x86_64-linux-gnu/11
Candidate multilib: .;@m64
Candidate multilib: 32;@m32
Candidate multilib: x32;@mx32
Selected multilib: .;@m64
 (in-process)
 "/usr/lib/llvm-14/bin/clang" -cc1 -triple x86_64-pc-linux-gnu -emit-obj --mrelax-relocations -disable-free -clear-ast-before-backend -disable-llvm-verifier -discard-value-names -main-file-name OpenMPTryFlag.c -mrelocation-model pic -pic-level 2 -pic-is-pie -mframe-pointer=none -fmath-errno -ffp-contract=on -fno-rounding-math -mconstructor-aliases -funwind-tables=2 -target-cpu x86-64 -tune-cpu generic -mllvm -treat-scalable-fixed-error-as-warning -debug-info-kind=constructor -dwarf-version=5 -debugger-tuning=gdb -v -fcoverage-compilation-dir=/home/jimi/PaperExperiment/CompilerOptimization/CompilerResult/tengine/LLVM14-O2-g/build/CMakeFiles/CMakeTmp -resource-dir /usr/lib/llvm-14/lib/clang/14.0.0 -dependency-file CMakeFiles/cmTC_30d25.dir/OpenMPTryFlag.c.o.d -MT CMakeFiles/cmTC_30d25.dir/OpenMPTryFlag.c.o -sys-header-deps -internal-isystem /usr/lib/llvm-14/lib/clang/14.0.0/include -internal-isystem /usr/local/include -internal-isystem /usr/bin/../lib/gcc/x86_64-linux-gnu/11/../../../../x86_64-linux-gnu/include -internal-externc-isystem /usr/include/x86_64-linux-gnu -internal-externc-isystem /include -internal-externc-isystem /usr/include -O2 -std=gnu99 -fdebug-compilation-dir=/home/jimi/PaperExperiment/CompilerOptimization/CompilerResult/tengine/LLVM14-O2-g/build/CMakeFiles/CMakeTmp -ferror-limit 19 -fopenmp -fopenmp-target-new-runtime -fgnuc-version=4.2.1 -vectorize-loops -vectorize-slp -faddrsig -D__GCC_HAVE_DWARF2_CFI_ASM=1 -o CMakeFiles/cmTC_30d25.dir/OpenMPTryFlag.c.o -x c /home/jimi/PaperExperiment/CompilerOptimization/CompilerResult/tengine/LLVM14-O2-g/build/CMakeFiles/FindOpenMP/OpenMPTryFlag.c
clang -cc1 version 14.0.0 based upon LLVM 14.0.0 default target x86_64-pc-linux-gnu
ignoring nonexistent directory "/usr/bin/../lib/gcc/x86_64-linux-gnu/11/../../../../x86_64-linux-gnu/include"
ignoring nonexistent directory "/include"
#include "..." search starts here:
#include <...> search starts here:
 /usr/lib/llvm-14/lib/clang/14.0.0/include
 /usr/local/include
 /usr/include/x86_64-linux-gnu
 /usr/include
End of search list.
/home/jimi/PaperExperiment/CompilerOptimization/CompilerResult/tengine/LLVM14-O2-g/build/CMakeFiles/FindOpenMP/OpenMPTryFlag.c:2:10: fatal error: 'omp.h' file not found
#include <omp.h>
         ^~~~~~~
1 error generated.
gmake[2]: *** [CMakeFiles/cmTC_30d25.dir/build.make:79: CMakeFiles/cmTC_30d25.dir/OpenMPTryFlag.c.o] Error 1
gmake[2]: Leaving directory '/home/jimi/PaperExperiment/CompilerOptimization/CompilerResult/tengine/LLVM14-O2-g/build/CMakeFiles/CMakeTmp'
gmake[1]: *** [Makefile:127: cmTC_30d25/fast] Error 2
gmake[1]: Leaving directory '/home/jimi/PaperExperiment/CompilerOptimization/CompilerResult/tengine/LLVM14-O2-g/build/CMakeFiles/CMakeTmp'



Detecting C OpenMP failed with the following output:
Change Dir: /home/jimi/PaperExperiment/CompilerOptimization/CompilerResult/tengine/LLVM14-O2-g/build/CMakeFiles/CMakeTmp

Run Build Command(s):/usr/bin/gmake -f Makefile cmTC_1d800/fast && gmake[1]: Entering directory '/home/jimi/PaperExperiment/CompilerOptimization/CompilerResult/tengine/LLVM14-O2-g/build/CMakeFiles/CMakeTmp'
/usr/bin/gmake  -f CMakeFiles/cmTC_1d800.dir/build.make CMakeFiles/cmTC_1d800.dir/build
gmake[2]: Entering directory '/home/jimi/PaperExperiment/CompilerOptimization/CompilerResult/tengine/LLVM14-O2-g/build/CMakeFiles/CMakeTmp'
Building C object CMakeFiles/cmTC_1d800.dir/OpenMPTryFlag.c.o
/usr/bin/clang-14   -O2 -g -fopenmp -v -std=gnu99 -MD -MT CMakeFiles/cmTC_1d800.dir/OpenMPTryFlag.c.o -MF CMakeFiles/cmTC_1d800.dir/OpenMPTryFlag.c.o.d -o CMakeFiles/cmTC_1d800.dir/OpenMPTryFlag.c.o -c /home/jimi/PaperExperiment/CompilerOptimization/CompilerResult/tengine/LLVM14-O2-g/build/CMakeFiles/FindOpenMP/OpenMPTryFlag.c
Ubuntu clang version 14.0.0-1ubuntu1
Target: x86_64-pc-linux-gnu
Thread model: posix
InstalledDir: /usr/bin
Found candidate GCC installation: /usr/bin/../lib/gcc/x86_64-linux-gnu/11
Selected GCC installation: /usr/bin/../lib/gcc/x86_64-linux-gnu/11
Candidate multilib: .;@m64
Candidate multilib: 32;@m32
Candidate multilib: x32;@mx32
Selected multilib: .;@m64
 (in-process)
 "/usr/lib/llvm-14/bin/clang" -cc1 -triple x86_64-pc-linux-gnu -emit-obj --mrelax-relocations -disable-free -clear-ast-before-backend -disable-llvm-verifier -discard-value-names -main-file-name OpenMPTryFlag.c -mrelocation-model pic -pic-level 2 -pic-is-pie -mframe-pointer=none -fmath-errno -ffp-contract=on -fno-rounding-math -mconstructor-aliases -funwind-tables=2 -target-cpu x86-64 -tune-cpu generic -mllvm -treat-scalable-fixed-error-as-warning -debug-info-kind=constructor -dwarf-version=5 -debugger-tuning=gdb -v -fcoverage-compilation-dir=/home/jimi/PaperExperiment/CompilerOptimization/CompilerResult/tengine/LLVM14-O2-g/build/CMakeFiles/CMakeTmp -resource-dir /usr/lib/llvm-14/lib/clang/14.0.0 -dependency-file CMakeFiles/cmTC_1d800.dir/OpenMPTryFlag.c.o.d -MT CMakeFiles/cmTC_1d800.dir/OpenMPTryFlag.c.o -sys-header-deps -internal-isystem /usr/lib/llvm-14/lib/clang/14.0.0/include -internal-isystem /usr/local/include -internal-isystem /usr/bin/../lib/gcc/x86_64-linux-gnu/11/../../../../x86_64-linux-gnu/include -internal-externc-isystem /usr/include/x86_64-linux-gnu -internal-externc-isystem /include -internal-externc-isystem /usr/include -O2 -std=gnu99 -fdebug-compilation-dir=/home/jimi/PaperExperiment/CompilerOptimization/CompilerResult/tengine/LLVM14-O2-g/build/CMakeFiles/CMakeTmp -ferror-limit 19 -fopenmp -fopenmp-target-new-runtime -fgnuc-version=4.2.1 -vectorize-loops -vectorize-slp -faddrsig -D__GCC_HAVE_DWARF2_CFI_ASM=1 -o CMakeFiles/cmTC_1d800.dir/OpenMPTryFlag.c.o -x c /home/jimi/PaperExperiment/CompilerOptimization/CompilerResult/tengine/LLVM14-O2-g/build/CMakeFiles/FindOpenMP/OpenMPTryFlag.c
clang -cc1 version 14.0.0 based upon LLVM 14.0.0 default target x86_64-pc-linux-gnu
ignoring nonexistent directory "/usr/bin/../lib/gcc/x86_64-linux-gnu/11/../../../../x86_64-linux-gnu/include"
ignoring nonexistent directory "/include"
#include "..." search starts here:
#include <...> search starts here:
 /usr/lib/llvm-14/lib/clang/14.0.0/include
 /usr/local/include
 /usr/include/x86_64-linux-gnu
 /usr/include
End of search list.
/home/jimi/PaperExperiment/CompilerOptimization/CompilerResult/tengine/LLVM14-O2-g/build/CMakeFiles/FindOpenMP/OpenMPTryFlag.c:2:10: fatal error: 'omp.h' file not found
#include <omp.h>
         ^~~~~~~
1 error generated.
gmake[2]: *** [CMakeFiles/cmTC_1d800.dir/build.make:79: CMakeFiles/cmTC_1d800.dir/OpenMPTryFlag.c.o] Error 1
gmake[2]: Leaving directory '/home/jimi/PaperExperiment/CompilerOptimization/CompilerResult/tengine/LLVM14-O2-g/build/CMakeFiles/CMakeTmp'
gmake[1]: *** [Makefile:127: cmTC_1d800/fast] Error 2
gmake[1]: Leaving directory '/home/jimi/PaperExperiment/CompilerOptimization/CompilerResult/tengine/LLVM14-O2-g/build/CMakeFiles/CMakeTmp'



Detecting C OpenMP failed with the following output:
Change Dir: /home/jimi/PaperExperiment/CompilerOptimization/CompilerResult/tengine/LLVM14-O2-g/build/CMakeFiles/CMakeTmp

Run Build Command(s):/usr/bin/gmake -f Makefile cmTC_6aec2/fast && gmake[1]: Entering directory '/home/jimi/PaperExperiment/CompilerOptimization/CompilerResult/tengine/LLVM14-O2-g/build/CMakeFiles/CMakeTmp'
/usr/bin/gmake  -f CMakeFiles/cmTC_6aec2.dir/build.make CMakeFiles/cmTC_6aec2.dir/build
gmake[2]: Entering directory '/home/jimi/PaperExperiment/CompilerOptimization/CompilerResult/tengine/LLVM14-O2-g/build/CMakeFiles/CMakeTmp'
Building C object CMakeFiles/cmTC_6aec2.dir/OpenMPTryFlag.c.o
/usr/bin/clang-14   -O2 -g -Xclang -fopenmp -v -std=gnu99 -MD -MT CMakeFiles/cmTC_6aec2.dir/OpenMPTryFlag.c.o -MF CMakeFiles/cmTC_6aec2.dir/OpenMPTryFlag.c.o.d -o CMakeFiles/cmTC_6aec2.dir/OpenMPTryFlag.c.o -c /home/jimi/PaperExperiment/CompilerOptimization/CompilerResult/tengine/LLVM14-O2-g/build/CMakeFiles/FindOpenMP/OpenMPTryFlag.c
Ubuntu clang version 14.0.0-1ubuntu1
Target: x86_64-pc-linux-gnu
Thread model: posix
InstalledDir: /usr/bin
Found candidate GCC installation: /usr/bin/../lib/gcc/x86_64-linux-gnu/11
Selected GCC installation: /usr/bin/../lib/gcc/x86_64-linux-gnu/11
Candidate multilib: .;@m64
Candidate multilib: 32;@m32
Candidate multilib: x32;@mx32
Selected multilib: .;@m64
 (in-process)
 "/usr/lib/llvm-14/bin/clang" -cc1 -triple x86_64-pc-linux-gnu -emit-obj --mrelax-relocations -disable-free -clear-ast-before-backend -disable-llvm-verifier -discard-value-names -main-file-name OpenMPTryFlag.c -mrelocation-model pic -pic-level 2 -pic-is-pie -mframe-pointer=none -fmath-errno -ffp-contract=on -fno-rounding-math -mconstructor-aliases -funwind-tables=2 -target-cpu x86-64 -tune-cpu generic -mllvm -treat-scalable-fixed-error-as-warning -debug-info-kind=constructor -dwarf-version=5 -debugger-tuning=gdb -v -fcoverage-compilation-dir=/home/jimi/PaperExperiment/CompilerOptimization/CompilerResult/tengine/LLVM14-O2-g/build/CMakeFiles/CMakeTmp -resource-dir /usr/lib/llvm-14/lib/clang/14.0.0 -dependency-file CMakeFiles/cmTC_6aec2.dir/OpenMPTryFlag.c.o.d -MT CMakeFiles/cmTC_6aec2.dir/OpenMPTryFlag.c.o -sys-header-deps -internal-isystem /usr/lib/llvm-14/lib/clang/14.0.0/include -internal-isystem /usr/local/include -internal-isystem /usr/bin/../lib/gcc/x86_64-linux-gnu/11/../../../../x86_64-linux-gnu/include -internal-externc-isystem /usr/include/x86_64-linux-gnu -internal-externc-isystem /include -internal-externc-isystem /usr/include -O2 -std=gnu99 -fdebug-compilation-dir=/home/jimi/PaperExperiment/CompilerOptimization/CompilerResult/tengine/LLVM14-O2-g/build/CMakeFiles/CMakeTmp -ferror-limit 19 -fgnuc-version=4.2.1 -vectorize-loops -vectorize-slp -fopenmp -faddrsig -D__GCC_HAVE_DWARF2_CFI_ASM=1 -o CMakeFiles/cmTC_6aec2.dir/OpenMPTryFlag.c.o -x c /home/jimi/PaperExperiment/CompilerOptimization/CompilerResult/tengine/LLVM14-O2-g/build/CMakeFiles/FindOpenMP/OpenMPTryFlag.c
clang -cc1 version 14.0.0 based upon LLVM 14.0.0 default target x86_64-pc-linux-gnu
ignoring nonexistent directory "/usr/bin/../lib/gcc/x86_64-linux-gnu/11/../../../../x86_64-linux-gnu/include"
ignoring nonexistent directory "/include"
#include "..." search starts here:
#include <...> search starts here:
 /usr/lib/llvm-14/lib/clang/14.0.0/include
 /usr/local/include
 /usr/include/x86_64-linux-gnu
 /usr/include
End of search list.
/home/jimi/PaperExperiment/CompilerOptimization/CompilerResult/tengine/LLVM14-O2-g/build/CMakeFiles/FindOpenMP/OpenMPTryFlag.c:2:10: fatal error: 'omp.h' file not found
#include <omp.h>
         ^~~~~~~
1 error generated.
gmake[2]: *** [CMakeFiles/cmTC_6aec2.dir/build.make:79: CMakeFiles/cmTC_6aec2.dir/OpenMPTryFlag.c.o] Error 1
gmake[2]: Leaving directory '/home/jimi/PaperExperiment/CompilerOptimization/CompilerResult/tengine/LLVM14-O2-g/build/CMakeFiles/CMakeTmp'
gmake[1]: *** [Makefile:127: cmTC_6aec2/fast] Error 2
gmake[1]: Leaving directory '/home/jimi/PaperExperiment/CompilerOptimization/CompilerResult/tengine/LLVM14-O2-g/build/CMakeFiles/CMakeTmp'



Detecting CXX OpenMP failed with the following output:
Change Dir: /home/jimi/PaperExperiment/CompilerOptimization/CompilerResult/tengine/LLVM14-O2-g/build/CMakeFiles/CMakeTmp

Run Build Command(s):/usr/bin/gmake -f Makefile cmTC_674ca/fast && gmake[1]: Entering directory '/home/jimi/PaperExperiment/CompilerOptimization/CompilerResult/tengine/LLVM14-O2-g/build/CMakeFiles/CMakeTmp'
/usr/bin/gmake  -f CMakeFiles/cmTC_674ca.dir/build.make CMakeFiles/cmTC_674ca.dir/build
gmake[2]: Entering directory '/home/jimi/PaperExperiment/CompilerOptimization/CompilerResult/tengine/LLVM14-O2-g/build/CMakeFiles/CMakeTmp'
Building CXX object CMakeFiles/cmTC_674ca.dir/OpenMPTryFlag.cpp.o
/usr/bin/clang++-14   -O2 -g -fopenmp=libomp -v -std=c++11 -MD -MT CMakeFiles/cmTC_674ca.dir/OpenMPTryFlag.cpp.o -MF CMakeFiles/cmTC_674ca.dir/OpenMPTryFlag.cpp.o.d -o CMakeFiles/cmTC_674ca.dir/OpenMPTryFlag.cpp.o -c /home/jimi/PaperExperiment/CompilerOptimization/CompilerResult/tengine/LLVM14-O2-g/build/CMakeFiles/FindOpenMP/OpenMPTryFlag.cpp
Ubuntu clang version 14.0.0-1ubuntu1
Target: x86_64-pc-linux-gnu
Thread model: posix
InstalledDir: /usr/bin
Found candidate GCC installation: /usr/bin/../lib/gcc/x86_64-linux-gnu/11
Selected GCC installation: /usr/bin/../lib/gcc/x86_64-linux-gnu/11
Candidate multilib: .;@m64
Candidate multilib: 32;@m32
Candidate multilib: x32;@mx32
Selected multilib: .;@m64
 (in-process)
 "/usr/lib/llvm-14/bin/clang" -cc1 -triple x86_64-pc-linux-gnu -emit-obj --mrelax-relocations -disable-free -clear-ast-before-backend -disable-llvm-verifier -discard-value-names -main-file-name OpenMPTryFlag.cpp -mrelocation-model pic -pic-level 2 -pic-is-pie -mframe-pointer=none -fmath-errno -ffp-contract=on -fno-rounding-math -mconstructor-aliases -funwind-tables=2 -target-cpu x86-64 -tune-cpu generic -mllvm -treat-scalable-fixed-error-as-warning -debug-info-kind=constructor -dwarf-version=5 -debugger-tuning=gdb -v -fcoverage-compilation-dir=/home/jimi/PaperExperiment/CompilerOptimization/CompilerResult/tengine/LLVM14-O2-g/build/CMakeFiles/CMakeTmp -resource-dir /usr/lib/llvm-14/lib/clang/14.0.0 -dependency-file CMakeFiles/cmTC_674ca.dir/OpenMPTryFlag.cpp.o.d -MT CMakeFiles/cmTC_674ca.dir/OpenMPTryFlag.cpp.o -sys-header-deps -internal-isystem /usr/bin/../lib/gcc/x86_64-linux-gnu/11/../../../../include/c++/11 -internal-isystem /usr/bin/../lib/gcc/x86_64-linux-gnu/11/../../../../include/x86_64-linux-gnu/c++/11 -internal-isystem /usr/bin/../lib/gcc/x86_64-linux-gnu/11/../../../../include/c++/11/backward -internal-isystem /usr/lib/llvm-14/lib/clang/14.0.0/include -internal-isystem /usr/local/include -internal-isystem /usr/bin/../lib/gcc/x86_64-linux-gnu/11/../../../../x86_64-linux-gnu/include -internal-externc-isystem /usr/include/x86_64-linux-gnu -internal-externc-isystem /include -internal-externc-isystem /usr/include -O2 -std=c++11 -fdeprecated-macro -fdebug-compilation-dir=/home/jimi/PaperExperiment/CompilerOptimization/CompilerResult/tengine/LLVM14-O2-g/build/CMakeFiles/CMakeTmp -ferror-limit 19 -fopenmp -fopenmp-target-new-runtime -fgnuc-version=4.2.1 -fcxx-exceptions -fexceptions -vectorize-loops -vectorize-slp -faddrsig -D__GCC_HAVE_DWARF2_CFI_ASM=1 -o CMakeFiles/cmTC_674ca.dir/OpenMPTryFlag.cpp.o -x c++ /home/jimi/PaperExperiment/CompilerOptimization/CompilerResult/tengine/LLVM14-O2-g/build/CMakeFiles/FindOpenMP/OpenMPTryFlag.cpp
clang -cc1 version 14.0.0 based upon LLVM 14.0.0 default target x86_64-pc-linux-gnu
ignoring nonexistent directory "/usr/bin/../lib/gcc/x86_64-linux-gnu/11/../../../../x86_64-linux-gnu/include"
ignoring nonexistent directory "/include"
#include "..." search starts here:
#include <...> search starts here:
 /usr/bin/../lib/gcc/x86_64-linux-gnu/11/../../../../include/c++/11
 /usr/bin/../lib/gcc/x86_64-linux-gnu/11/../../../../include/x86_64-linux-gnu/c++/11
 /usr/bin/../lib/gcc/x86_64-linux-gnu/11/../../../../include/c++/11/backward
 /usr/lib/llvm-14/lib/clang/14.0.0/include
 /usr/local/include
 /usr/include/x86_64-linux-gnu
 /usr/include
End of search list.
/home/jimi/PaperExperiment/CompilerOptimization/CompilerResult/tengine/LLVM14-O2-g/build/CMakeFiles/FindOpenMP/OpenMPTryFlag.cpp:2:10: fatal error: 'omp.h' file not found
#include <omp.h>
         ^~~~~~~
1 error generated.
gmake[2]: *** [CMakeFiles/cmTC_674ca.dir/build.make:79: CMakeFiles/cmTC_674ca.dir/OpenMPTryFlag.cpp.o] Error 1
gmake[2]: Leaving directory '/home/jimi/PaperExperiment/CompilerOptimization/CompilerResult/tengine/LLVM14-O2-g/build/CMakeFiles/CMakeTmp'
gmake[1]: *** [Makefile:127: cmTC_674ca/fast] Error 2
gmake[1]: Leaving directory '/home/jimi/PaperExperiment/CompilerOptimization/CompilerResult/tengine/LLVM14-O2-g/build/CMakeFiles/CMakeTmp'



Detecting CXX OpenMP failed with the following output:
Change Dir: /home/jimi/PaperExperiment/CompilerOptimization/CompilerResult/tengine/LLVM14-O2-g/build/CMakeFiles/CMakeTmp

Run Build Command(s):/usr/bin/gmake -f Makefile cmTC_7566c/fast && gmake[1]: Entering directory '/home/jimi/PaperExperiment/CompilerOptimization/CompilerResult/tengine/LLVM14-O2-g/build/CMakeFiles/CMakeTmp'
/usr/bin/gmake  -f CMakeFiles/cmTC_7566c.dir/build.make CMakeFiles/cmTC_7566c.dir/build
gmake[2]: Entering directory '/home/jimi/PaperExperiment/CompilerOptimization/CompilerResult/tengine/LLVM14-O2-g/build/CMakeFiles/CMakeTmp'
Building CXX object CMakeFiles/cmTC_7566c.dir/OpenMPTryFlag.cpp.o
/usr/bin/clang++-14   -O2 -g -fopenmp=libiomp5 -v -std=c++11 -MD -MT CMakeFiles/cmTC_7566c.dir/OpenMPTryFlag.cpp.o -MF CMakeFiles/cmTC_7566c.dir/OpenMPTryFlag.cpp.o.d -o CMakeFiles/cmTC_7566c.dir/OpenMPTryFlag.cpp.o -c /home/jimi/PaperExperiment/CompilerOptimization/CompilerResult/tengine/LLVM14-O2-g/build/CMakeFiles/FindOpenMP/OpenMPTryFlag.cpp
Ubuntu clang version 14.0.0-1ubuntu1
Target: x86_64-pc-linux-gnu
Thread model: posix
InstalledDir: /usr/bin
Found candidate GCC installation: /usr/bin/../lib/gcc/x86_64-linux-gnu/11
Selected GCC installation: /usr/bin/../lib/gcc/x86_64-linux-gnu/11
Candidate multilib: .;@m64
Candidate multilib: 32;@m32
Candidate multilib: x32;@mx32
Selected multilib: .;@m64
 (in-process)
 "/usr/lib/llvm-14/bin/clang" -cc1 -triple x86_64-pc-linux-gnu -emit-obj --mrelax-relocations -disable-free -clear-ast-before-backend -disable-llvm-verifier -discard-value-names -main-file-name OpenMPTryFlag.cpp -mrelocation-model pic -pic-level 2 -pic-is-pie -mframe-pointer=none -fmath-errno -ffp-contract=on -fno-rounding-math -mconstructor-aliases -funwind-tables=2 -target-cpu x86-64 -tune-cpu generic -mllvm -treat-scalable-fixed-error-as-warning -debug-info-kind=constructor -dwarf-version=5 -debugger-tuning=gdb -v -fcoverage-compilation-dir=/home/jimi/PaperExperiment/CompilerOptimization/CompilerResult/tengine/LLVM14-O2-g/build/CMakeFiles/CMakeTmp -resource-dir /usr/lib/llvm-14/lib/clang/14.0.0 -dependency-file CMakeFiles/cmTC_7566c.dir/OpenMPTryFlag.cpp.o.d -MT CMakeFiles/cmTC_7566c.dir/OpenMPTryFlag.cpp.o -sys-header-deps -internal-isystem /usr/bin/../lib/gcc/x86_64-linux-gnu/11/../../../../include/c++/11 -internal-isystem /usr/bin/../lib/gcc/x86_64-linux-gnu/11/../../../../include/x86_64-linux-gnu/c++/11 -internal-isystem /usr/bin/../lib/gcc/x86_64-linux-gnu/11/../../../../include/c++/11/backward -internal-isystem /usr/lib/llvm-14/lib/clang/14.0.0/include -internal-isystem /usr/local/include -internal-isystem /usr/bin/../lib/gcc/x86_64-linux-gnu/11/../../../../x86_64-linux-gnu/include -internal-externc-isystem /usr/include/x86_64-linux-gnu -internal-externc-isystem /include -internal-externc-isystem /usr/include -O2 -std=c++11 -fdeprecated-macro -fdebug-compilation-dir=/home/jimi/PaperExperiment/CompilerOptimization/CompilerResult/tengine/LLVM14-O2-g/build/CMakeFiles/CMakeTmp -ferror-limit 19 -fopenmp -fopenmp-target-new-runtime -fgnuc-version=4.2.1 -fcxx-exceptions -fexceptions -vectorize-loops -vectorize-slp -faddrsig -D__GCC_HAVE_DWARF2_CFI_ASM=1 -o CMakeFiles/cmTC_7566c.dir/OpenMPTryFlag.cpp.o -x c++ /home/jimi/PaperExperiment/CompilerOptimization/CompilerResult/tengine/LLVM14-O2-g/build/CMakeFiles/FindOpenMP/OpenMPTryFlag.cpp
clang -cc1 version 14.0.0 based upon LLVM 14.0.0 default target x86_64-pc-linux-gnu
ignoring nonexistent directory "/usr/bin/../lib/gcc/x86_64-linux-gnu/11/../../../../x86_64-linux-gnu/include"
ignoring nonexistent directory "/include"
#include "..." search starts here:
#include <...> search starts here:
 /usr/bin/../lib/gcc/x86_64-linux-gnu/11/../../../../include/c++/11
 /usr/bin/../lib/gcc/x86_64-linux-gnu/11/../../../../include/x86_64-linux-gnu/c++/11
 /usr/bin/../lib/gcc/x86_64-linux-gnu/11/../../../../include/c++/11/backward
 /usr/lib/llvm-14/lib/clang/14.0.0/include
 /usr/local/include
 /usr/include/x86_64-linux-gnu
 /usr/include
End of search list.
/home/jimi/PaperExperiment/CompilerOptimization/CompilerResult/tengine/LLVM14-O2-g/build/CMakeFiles/FindOpenMP/OpenMPTryFlag.cpp:2:10: fatal error: 'omp.h' file not found
#include <omp.h>
         ^~~~~~~
1 error generated.
gmake[2]: *** [CMakeFiles/cmTC_7566c.dir/build.make:79: CMakeFiles/cmTC_7566c.dir/OpenMPTryFlag.cpp.o] Error 1
gmake[2]: Leaving directory '/home/jimi/PaperExperiment/CompilerOptimization/CompilerResult/tengine/LLVM14-O2-g/build/CMakeFiles/CMakeTmp'
gmake[1]: *** [Makefile:127: cmTC_7566c/fast] Error 2
gmake[1]: Leaving directory '/home/jimi/PaperExperiment/CompilerOptimization/CompilerResult/tengine/LLVM14-O2-g/build/CMakeFiles/CMakeTmp'



Detecting CXX OpenMP failed with the following output:
Change Dir: /home/jimi/PaperExperiment/CompilerOptimization/CompilerResult/tengine/LLVM14-O2-g/build/CMakeFiles/CMakeTmp

Run Build Command(s):/usr/bin/gmake -f Makefile cmTC_fc74c/fast && gmake[1]: Entering directory '/home/jimi/PaperExperiment/CompilerOptimization/CompilerResult/tengine/LLVM14-O2-g/build/CMakeFiles/CMakeTmp'
/usr/bin/gmake  -f CMakeFiles/cmTC_fc74c.dir/build.make CMakeFiles/cmTC_fc74c.dir/build
gmake[2]: Entering directory '/home/jimi/PaperExperiment/CompilerOptimization/CompilerResult/tengine/LLVM14-O2-g/build/CMakeFiles/CMakeTmp'
Building CXX object CMakeFiles/cmTC_fc74c.dir/OpenMPTryFlag.cpp.o
/usr/bin/clang++-14   -O2 -g -fopenmp -v -std=c++11 -MD -MT CMakeFiles/cmTC_fc74c.dir/OpenMPTryFlag.cpp.o -MF CMakeFiles/cmTC_fc74c.dir/OpenMPTryFlag.cpp.o.d -o CMakeFiles/cmTC_fc74c.dir/OpenMPTryFlag.cpp.o -c /home/jimi/PaperExperiment/CompilerOptimization/CompilerResult/tengine/LLVM14-O2-g/build/CMakeFiles/FindOpenMP/OpenMPTryFlag.cpp
Ubuntu clang version 14.0.0-1ubuntu1
Target: x86_64-pc-linux-gnu
Thread model: posix
InstalledDir: /usr/bin
Found candidate GCC installation: /usr/bin/../lib/gcc/x86_64-linux-gnu/11
Selected GCC installation: /usr/bin/../lib/gcc/x86_64-linux-gnu/11
Candidate multilib: .;@m64
Candidate multilib: 32;@m32
Candidate multilib: x32;@mx32
Selected multilib: .;@m64
 (in-process)
 "/usr/lib/llvm-14/bin/clang" -cc1 -triple x86_64-pc-linux-gnu -emit-obj --mrelax-relocations -disable-free -clear-ast-before-backend -disable-llvm-verifier -discard-value-names -main-file-name OpenMPTryFlag.cpp -mrelocation-model pic -pic-level 2 -pic-is-pie -mframe-pointer=none -fmath-errno -ffp-contract=on -fno-rounding-math -mconstructor-aliases -funwind-tables=2 -target-cpu x86-64 -tune-cpu generic -mllvm -treat-scalable-fixed-error-as-warning -debug-info-kind=constructor -dwarf-version=5 -debugger-tuning=gdb -v -fcoverage-compilation-dir=/home/jimi/PaperExperiment/CompilerOptimization/CompilerResult/tengine/LLVM14-O2-g/build/CMakeFiles/CMakeTmp -resource-dir /usr/lib/llvm-14/lib/clang/14.0.0 -dependency-file CMakeFiles/cmTC_fc74c.dir/OpenMPTryFlag.cpp.o.d -MT CMakeFiles/cmTC_fc74c.dir/OpenMPTryFlag.cpp.o -sys-header-deps -internal-isystem /usr/bin/../lib/gcc/x86_64-linux-gnu/11/../../../../include/c++/11 -internal-isystem /usr/bin/../lib/gcc/x86_64-linux-gnu/11/../../../../include/x86_64-linux-gnu/c++/11 -internal-isystem /usr/bin/../lib/gcc/x86_64-linux-gnu/11/../../../../include/c++/11/backward -internal-isystem /usr/lib/llvm-14/lib/clang/14.0.0/include -internal-isystem /usr/local/include -internal-isystem /usr/bin/../lib/gcc/x86_64-linux-gnu/11/../../../../x86_64-linux-gnu/include -internal-externc-isystem /usr/include/x86_64-linux-gnu -internal-externc-isystem /include -internal-externc-isystem /usr/include -O2 -std=c++11 -fdeprecated-macro -fdebug-compilation-dir=/home/jimi/PaperExperiment/CompilerOptimization/CompilerResult/tengine/LLVM14-O2-g/build/CMakeFiles/CMakeTmp -ferror-limit 19 -fopenmp -fopenmp-target-new-runtime -fgnuc-version=4.2.1 -fcxx-exceptions -fexceptions -vectorize-loops -vectorize-slp -faddrsig -D__GCC_HAVE_DWARF2_CFI_ASM=1 -o CMakeFiles/cmTC_fc74c.dir/OpenMPTryFlag.cpp.o -x c++ /home/jimi/PaperExperiment/CompilerOptimization/CompilerResult/tengine/LLVM14-O2-g/build/CMakeFiles/FindOpenMP/OpenMPTryFlag.cpp
clang -cc1 version 14.0.0 based upon LLVM 14.0.0 default target x86_64-pc-linux-gnu
ignoring nonexistent directory "/usr/bin/../lib/gcc/x86_64-linux-gnu/11/../../../../x86_64-linux-gnu/include"
ignoring nonexistent directory "/include"
#include "..." search starts here:
#include <...> search starts here:
 /usr/bin/../lib/gcc/x86_64-linux-gnu/11/../../../../include/c++/11
 /usr/bin/../lib/gcc/x86_64-linux-gnu/11/../../../../include/x86_64-linux-gnu/c++/11
 /usr/bin/../lib/gcc/x86_64-linux-gnu/11/../../../../include/c++/11/backward
 /usr/lib/llvm-14/lib/clang/14.0.0/include
 /usr/local/include
 /usr/include/x86_64-linux-gnu
 /usr/include
End of search list.
/home/jimi/PaperExperiment/CompilerOptimization/CompilerResult/tengine/LLVM14-O2-g/build/CMakeFiles/FindOpenMP/OpenMPTryFlag.cpp:2:10: fatal error: 'omp.h' file not found
#include <omp.h>
         ^~~~~~~
1 error generated.
gmake[2]: *** [CMakeFiles/cmTC_fc74c.dir/build.make:79: CMakeFiles/cmTC_fc74c.dir/OpenMPTryFlag.cpp.o] Error 1
gmake[2]: Leaving directory '/home/jimi/PaperExperiment/CompilerOptimization/CompilerResult/tengine/LLVM14-O2-g/build/CMakeFiles/CMakeTmp'
gmake[1]: *** [Makefile:127: cmTC_fc74c/fast] Error 2
gmake[1]: Leaving directory '/home/jimi/PaperExperiment/CompilerOptimization/CompilerResult/tengine/LLVM14-O2-g/build/CMakeFiles/CMakeTmp'



Detecting CXX OpenMP failed with the following output:
Change Dir: /home/jimi/PaperExperiment/CompilerOptimization/CompilerResult/tengine/LLVM14-O2-g/build/CMakeFiles/CMakeTmp

Run Build Command(s):/usr/bin/gmake -f Makefile cmTC_b16a0/fast && gmake[1]: Entering directory '/home/jimi/PaperExperiment/CompilerOptimization/CompilerResult/tengine/LLVM14-O2-g/build/CMakeFiles/CMakeTmp'
/usr/bin/gmake  -f CMakeFiles/cmTC_b16a0.dir/build.make CMakeFiles/cmTC_b16a0.dir/build
gmake[2]: Entering directory '/home/jimi/PaperExperiment/CompilerOptimization/CompilerResult/tengine/LLVM14-O2-g/build/CMakeFiles/CMakeTmp'
Building CXX object CMakeFiles/cmTC_b16a0.dir/OpenMPTryFlag.cpp.o
/usr/bin/clang++-14   -O2 -g -Xclang -fopenmp -v -std=c++11 -MD -MT CMakeFiles/cmTC_b16a0.dir/OpenMPTryFlag.cpp.o -MF CMakeFiles/cmTC_b16a0.dir/OpenMPTryFlag.cpp.o.d -o CMakeFiles/cmTC_b16a0.dir/OpenMPTryFlag.cpp.o -c /home/jimi/PaperExperiment/CompilerOptimization/CompilerResult/tengine/LLVM14-O2-g/build/CMakeFiles/FindOpenMP/OpenMPTryFlag.cpp
Ubuntu clang version 14.0.0-1ubuntu1
Target: x86_64-pc-linux-gnu
Thread model: posix
InstalledDir: /usr/bin
Found candidate GCC installation: /usr/bin/../lib/gcc/x86_64-linux-gnu/11
Selected GCC installation: /usr/bin/../lib/gcc/x86_64-linux-gnu/11
Candidate multilib: .;@m64
Candidate multilib: 32;@m32
Candidate multilib: x32;@mx32
Selected multilib: .;@m64
 (in-process)
 "/usr/lib/llvm-14/bin/clang" -cc1 -triple x86_64-pc-linux-gnu -emit-obj --mrelax-relocations -disable-free -clear-ast-before-backend -disable-llvm-verifier -discard-value-names -main-file-name OpenMPTryFlag.cpp -mrelocation-model pic -pic-level 2 -pic-is-pie -mframe-pointer=none -fmath-errno -ffp-contract=on -fno-rounding-math -mconstructor-aliases -funwind-tables=2 -target-cpu x86-64 -tune-cpu generic -mllvm -treat-scalable-fixed-error-as-warning -debug-info-kind=constructor -dwarf-version=5 -debugger-tuning=gdb -v -fcoverage-compilation-dir=/home/jimi/PaperExperiment/CompilerOptimization/CompilerResult/tengine/LLVM14-O2-g/build/CMakeFiles/CMakeTmp -resource-dir /usr/lib/llvm-14/lib/clang/14.0.0 -dependency-file CMakeFiles/cmTC_b16a0.dir/OpenMPTryFlag.cpp.o.d -MT CMakeFiles/cmTC_b16a0.dir/OpenMPTryFlag.cpp.o -sys-header-deps -internal-isystem /usr/bin/../lib/gcc/x86_64-linux-gnu/11/../../../../include/c++/11 -internal-isystem /usr/bin/../lib/gcc/x86_64-linux-gnu/11/../../../../include/x86_64-linux-gnu/c++/11 -internal-isystem /usr/bin/../lib/gcc/x86_64-linux-gnu/11/../../../../include/c++/11/backward -internal-isystem /usr/lib/llvm-14/lib/clang/14.0.0/include -internal-isystem /usr/local/include -internal-isystem /usr/bin/../lib/gcc/x86_64-linux-gnu/11/../../../../x86_64-linux-gnu/include -internal-externc-isystem /usr/include/x86_64-linux-gnu -internal-externc-isystem /include -internal-externc-isystem /usr/include -O2 -std=c++11 -fdeprecated-macro -fdebug-compilation-dir=/home/jimi/PaperExperiment/CompilerOptimization/CompilerResult/tengine/LLVM14-O2-g/build/CMakeFiles/CMakeTmp -ferror-limit 19 -fgnuc-version=4.2.1 -fcxx-exceptions -fexceptions -vectorize-loops -vectorize-slp -fopenmp -faddrsig -D__GCC_HAVE_DWARF2_CFI_ASM=1 -o CMakeFiles/cmTC_b16a0.dir/OpenMPTryFlag.cpp.o -x c++ /home/jimi/PaperExperiment/CompilerOptimization/CompilerResult/tengine/LLVM14-O2-g/build/CMakeFiles/FindOpenMP/OpenMPTryFlag.cpp
clang -cc1 version 14.0.0 based upon LLVM 14.0.0 default target x86_64-pc-linux-gnu
ignoring nonexistent directory "/usr/bin/../lib/gcc/x86_64-linux-gnu/11/../../../../x86_64-linux-gnu/include"
ignoring nonexistent directory "/include"
#include "..." search starts here:
#include <...> search starts here:
 /usr/bin/../lib/gcc/x86_64-linux-gnu/11/../../../../include/c++/11
 /usr/bin/../lib/gcc/x86_64-linux-gnu/11/../../../../include/x86_64-linux-gnu/c++/11
 /usr/bin/../lib/gcc/x86_64-linux-gnu/11/../../../../include/c++/11/backward
 /usr/lib/llvm-14/lib/clang/14.0.0/include
 /usr/local/include
 /usr/include/x86_64-linux-gnu
 /usr/include
End of search list.
/home/jimi/PaperExperiment/CompilerOptimization/CompilerResult/tengine/LLVM14-O2-g/build/CMakeFiles/FindOpenMP/OpenMPTryFlag.cpp:2:10: fatal error: 'omp.h' file not found
#include <omp.h>
         ^~~~~~~
1 error generated.
gmake[2]: *** [CMakeFiles/cmTC_b16a0.dir/build.make:79: CMakeFiles/cmTC_b16a0.dir/OpenMPTryFlag.cpp.o] Error 1
gmake[2]: Leaving directory '/home/jimi/PaperExperiment/CompilerOptimization/CompilerResult/tengine/LLVM14-O2-g/build/CMakeFiles/CMakeTmp'
gmake[1]: *** [Makefile:127: cmTC_b16a0/fast] Error 2
gmake[1]: Leaving directory '/home/jimi/PaperExperiment/CompilerOptimization/CompilerResult/tengine/LLVM14-O2-g/build/CMakeFiles/CMakeTmp'



