Detecting C OpenMP failed with the following output:
Change Dir: /home/jimi/PaperExperiment/CompilerOptimization/CompilerResult/zfp/LLVM14-O2-g/build/CMakeFiles/CMakeTmp

Run Build Command(s):/usr/bin/gmake -f Makefile cmTC_b2ac6/fast && /usr/bin/gmake  -f CMakeFiles/cmTC_b2ac6.dir/build.make CMakeFiles/cmTC_b2ac6.dir/build
gmake[1]: Entering directory '/home/jimi/PaperExperiment/CompilerOptimization/CompilerResult/zfp/LLVM14-O2-g/build/CMakeFiles/CMakeTmp'
Building C object CMakeFiles/cmTC_b2ac6.dir/OpenMPTryFlag.c.o
/usr/bin/clang-14   -fopenmp=libomp -v -fPIE -std=gnu99 -MD -MT CMakeFiles/cmTC_b2ac6.dir/OpenMPTryFlag.c.o -MF CMakeFiles/cmTC_b2ac6.dir/OpenMPTryFlag.c.o.d -o CMakeFiles/cmTC_b2ac6.dir/OpenMPTryFlag.c.o -c /home/jimi/PaperExperiment/CompilerOptimization/CompilerResult/zfp/LLVM14-O2-g/build/CMakeFiles/FindOpenMP/OpenMPTryFlag.c
Ubuntu clang version 14.0.0-1ubuntu1
Target: x86_64-pc-linux-gnu
Thread model: posix
InstalledDir: /usr/bin
Found candidate GCC installation: /usr/bin/../lib/gcc/x86_64-linux-gnu/11
Selected GCC installation: /usr/bin/../lib/gcc/x86_64-linux-gnu/11
Candidate multilib: .;@m64
Candidate multilib: 32;@m32
Candidate multilib: x32;@mx32
Selected multilib: .;@m64
 (in-process)
 "/usr/lib/llvm-14/bin/clang" -cc1 -triple x86_64-pc-linux-gnu -emit-obj -mrelax-all --mrelax-relocations -disable-free -clear-ast-before-backend -disable-llvm-verifier -discard-value-names -main-file-name OpenMPTryFlag.c -mrelocation-model pic -pic-level 2 -pic-is-pie -mframe-pointer=all -fmath-errno -ffp-contract=on -fno-rounding-math -mconstructor-aliases -funwind-tables=2 -target-cpu x86-64 -tune-cpu generic -mllvm -treat-scalable-fixed-error-as-warning -debugger-tuning=gdb -v -fcoverage-compilation-dir=/home/jimi/PaperExperiment/CompilerOptimization/CompilerResult/zfp/LLVM14-O2-g/build/CMakeFiles/CMakeTmp -resource-dir /usr/lib/llvm-14/lib/clang/14.0.0 -dependency-file CMakeFiles/cmTC_b2ac6.dir/OpenMPTryFlag.c.o.d -MT CMakeFiles/cmTC_b2ac6.dir/OpenMPTryFlag.c.o -sys-header-deps -internal-isystem /usr/lib/llvm-14/lib/clang/14.0.0/include -internal-isystem /usr/local/include -internal-isystem /usr/bin/../lib/gcc/x86_64-linux-gnu/11/../../../../x86_64-linux-gnu/include -internal-externc-isystem /usr/include/x86_64-linux-gnu -internal-externc-isystem /include -internal-externc-isystem /usr/include -std=gnu99 -fdebug-compilation-dir=/home/jimi/PaperExperiment/CompilerOptimization/CompilerResult/zfp/LLVM14-O2-g/build/CMakeFiles/CMakeTmp -ferror-limit 19 -fopenmp -fopenmp-target-new-runtime -fgnuc-version=4.2.1 -faddrsig -D__GCC_HAVE_DWARF2_CFI_ASM=1 -o CMakeFiles/cmTC_b2ac6.dir/OpenMPTryFlag.c.o -x c /home/jimi/PaperExperiment/CompilerOptimization/CompilerResult/zfp/LLVM14-O2-g/build/CMakeFiles/FindOpenMP/OpenMPTryFlag.c
clang -cc1 version 14.0.0 based upon LLVM 14.0.0 default target x86_64-pc-linux-gnu
ignoring nonexistent directory "/usr/bin/../lib/gcc/x86_64-linux-gnu/11/../../../../x86_64-linux-gnu/include"
ignoring nonexistent directory "/include"
#include "..." search starts here:
#include <...> search starts here:
 /usr/lib/llvm-14/lib/clang/14.0.0/include
 /usr/local/include
 /usr/include/x86_64-linux-gnu
 /usr/include
End of search list.
/home/jimi/PaperExperiment/CompilerOptimization/CompilerResult/zfp/LLVM14-O2-g/build/CMakeFiles/FindOpenMP/OpenMPTryFlag.c:2:10: fatal error: 'omp.h' file not found
#include <omp.h>
         ^~~~~~~
1 error generated.
gmake[1]: *** [CMakeFiles/cmTC_b2ac6.dir/build.make:79: CMakeFiles/cmTC_b2ac6.dir/OpenMPTryFlag.c.o] Error 1
gmake[1]: Leaving directory '/home/jimi/PaperExperiment/CompilerOptimization/CompilerResult/zfp/LLVM14-O2-g/build/CMakeFiles/CMakeTmp'
gmake: *** [Makefile:127: cmTC_b2ac6/fast] Error 2



Detecting C OpenMP failed with the following output:
Change Dir: /home/jimi/PaperExperiment/CompilerOptimization/CompilerResult/zfp/LLVM14-O2-g/build/CMakeFiles/CMakeTmp

Run Build Command(s):/usr/bin/gmake -f Makefile cmTC_3628f/fast && /usr/bin/gmake  -f CMakeFiles/cmTC_3628f.dir/build.make CMakeFiles/cmTC_3628f.dir/build
gmake[1]: Entering directory '/home/jimi/PaperExperiment/CompilerOptimization/CompilerResult/zfp/LLVM14-O2-g/build/CMakeFiles/CMakeTmp'
Building C object CMakeFiles/cmTC_3628f.dir/OpenMPTryFlag.c.o
/usr/bin/clang-14   -fopenmp=libiomp5 -v -fPIE -std=gnu99 -MD -MT CMakeFiles/cmTC_3628f.dir/OpenMPTryFlag.c.o -MF CMakeFiles/cmTC_3628f.dir/OpenMPTryFlag.c.o.d -o CMakeFiles/cmTC_3628f.dir/OpenMPTryFlag.c.o -c /home/jimi/PaperExperiment/CompilerOptimization/CompilerResult/zfp/LLVM14-O2-g/build/CMakeFiles/FindOpenMP/OpenMPTryFlag.c
Ubuntu clang version 14.0.0-1ubuntu1
Target: x86_64-pc-linux-gnu
Thread model: posix
InstalledDir: /usr/bin
Found candidate GCC installation: /usr/bin/../lib/gcc/x86_64-linux-gnu/11
Selected GCC installation: /usr/bin/../lib/gcc/x86_64-linux-gnu/11
Candidate multilib: .;@m64
Candidate multilib: 32;@m32
Candidate multilib: x32;@mx32
Selected multilib: .;@m64
 (in-process)
 "/usr/lib/llvm-14/bin/clang" -cc1 -triple x86_64-pc-linux-gnu -emit-obj -mrelax-all --mrelax-relocations -disable-free -clear-ast-before-backend -disable-llvm-verifier -discard-value-names -main-file-name OpenMPTryFlag.c -mrelocation-model pic -pic-level 2 -pic-is-pie -mframe-pointer=all -fmath-errno -ffp-contract=on -fno-rounding-math -mconstructor-aliases -funwind-tables=2 -target-cpu x86-64 -tune-cpu generic -mllvm -treat-scalable-fixed-error-as-warning -debugger-tuning=gdb -v -fcoverage-compilation-dir=/home/jimi/PaperExperiment/CompilerOptimization/CompilerResult/zfp/LLVM14-O2-g/build/CMakeFiles/CMakeTmp -resource-dir /usr/lib/llvm-14/lib/clang/14.0.0 -dependency-file CMakeFiles/cmTC_3628f.dir/OpenMPTryFlag.c.o.d -MT CMakeFiles/cmTC_3628f.dir/OpenMPTryFlag.c.o -sys-header-deps -internal-isystem /usr/lib/llvm-14/lib/clang/14.0.0/include -internal-isystem /usr/local/include -internal-isystem /usr/bin/../lib/gcc/x86_64-linux-gnu/11/../../../../x86_64-linux-gnu/include -internal-externc-isystem /usr/include/x86_64-linux-gnu -internal-externc-isystem /include -internal-externc-isystem /usr/include -std=gnu99 -fdebug-compilation-dir=/home/jimi/PaperExperiment/CompilerOptimization/CompilerResult/zfp/LLVM14-O2-g/build/CMakeFiles/CMakeTmp -ferror-limit 19 -fopenmp -fopenmp-target-new-runtime -fgnuc-version=4.2.1 -faddrsig -D__GCC_HAVE_DWARF2_CFI_ASM=1 -o CMakeFiles/cmTC_3628f.dir/OpenMPTryFlag.c.o -x c /home/jimi/PaperExperiment/CompilerOptimization/CompilerResult/zfp/LLVM14-O2-g/build/CMakeFiles/FindOpenMP/OpenMPTryFlag.c
clang -cc1 version 14.0.0 based upon LLVM 14.0.0 default target x86_64-pc-linux-gnu
ignoring nonexistent directory "/usr/bin/../lib/gcc/x86_64-linux-gnu/11/../../../../x86_64-linux-gnu/include"
ignoring nonexistent directory "/include"
#include "..." search starts here:
#include <...> search starts here:
 /usr/lib/llvm-14/lib/clang/14.0.0/include
 /usr/local/include
 /usr/include/x86_64-linux-gnu
 /usr/include
End of search list.
/home/jimi/PaperExperiment/CompilerOptimization/CompilerResult/zfp/LLVM14-O2-g/build/CMakeFiles/FindOpenMP/OpenMPTryFlag.c:2:10: fatal error: 'omp.h' file not found
#include <omp.h>
         ^~~~~~~
1 error generated.
gmake[1]: *** [CMakeFiles/cmTC_3628f.dir/build.make:79: CMakeFiles/cmTC_3628f.dir/OpenMPTryFlag.c.o] Error 1
gmake[1]: Leaving directory '/home/jimi/PaperExperiment/CompilerOptimization/CompilerResult/zfp/LLVM14-O2-g/build/CMakeFiles/CMakeTmp'
gmake: *** [Makefile:127: cmTC_3628f/fast] Error 2



Detecting C OpenMP failed with the following output:
Change Dir: /home/jimi/PaperExperiment/CompilerOptimization/CompilerResult/zfp/LLVM14-O2-g/build/CMakeFiles/CMakeTmp

Run Build Command(s):/usr/bin/gmake -f Makefile cmTC_bad21/fast && /usr/bin/gmake  -f CMakeFiles/cmTC_bad21.dir/build.make CMakeFiles/cmTC_bad21.dir/build
gmake[1]: Entering directory '/home/jimi/PaperExperiment/CompilerOptimization/CompilerResult/zfp/LLVM14-O2-g/build/CMakeFiles/CMakeTmp'
Building C object CMakeFiles/cmTC_bad21.dir/OpenMPTryFlag.c.o
/usr/bin/clang-14   -fopenmp -v -fPIE -std=gnu99 -MD -MT CMakeFiles/cmTC_bad21.dir/OpenMPTryFlag.c.o -MF CMakeFiles/cmTC_bad21.dir/OpenMPTryFlag.c.o.d -o CMakeFiles/cmTC_bad21.dir/OpenMPTryFlag.c.o -c /home/jimi/PaperExperiment/CompilerOptimization/CompilerResult/zfp/LLVM14-O2-g/build/CMakeFiles/FindOpenMP/OpenMPTryFlag.c
Ubuntu clang version 14.0.0-1ubuntu1
Target: x86_64-pc-linux-gnu
Thread model: posix
InstalledDir: /usr/bin
Found candidate GCC installation: /usr/bin/../lib/gcc/x86_64-linux-gnu/11
Selected GCC installation: /usr/bin/../lib/gcc/x86_64-linux-gnu/11
Candidate multilib: .;@m64
Candidate multilib: 32;@m32
Candidate multilib: x32;@mx32
Selected multilib: .;@m64
 (in-process)
 "/usr/lib/llvm-14/bin/clang" -cc1 -triple x86_64-pc-linux-gnu -emit-obj -mrelax-all --mrelax-relocations -disable-free -clear-ast-before-backend -disable-llvm-verifier -discard-value-names -main-file-name OpenMPTryFlag.c -mrelocation-model pic -pic-level 2 -pic-is-pie -mframe-pointer=all -fmath-errno -ffp-contract=on -fno-rounding-math -mconstructor-aliases -funwind-tables=2 -target-cpu x86-64 -tune-cpu generic -mllvm -treat-scalable-fixed-error-as-warning -debugger-tuning=gdb -v -fcoverage-compilation-dir=/home/jimi/PaperExperiment/CompilerOptimization/CompilerResult/zfp/LLVM14-O2-g/build/CMakeFiles/CMakeTmp -resource-dir /usr/lib/llvm-14/lib/clang/14.0.0 -dependency-file CMakeFiles/cmTC_bad21.dir/OpenMPTryFlag.c.o.d -MT CMakeFiles/cmTC_bad21.dir/OpenMPTryFlag.c.o -sys-header-deps -internal-isystem /usr/lib/llvm-14/lib/clang/14.0.0/include -internal-isystem /usr/local/include -internal-isystem /usr/bin/../lib/gcc/x86_64-linux-gnu/11/../../../../x86_64-linux-gnu/include -internal-externc-isystem /usr/include/x86_64-linux-gnu -internal-externc-isystem /include -internal-externc-isystem /usr/include -std=gnu99 -fdebug-compilation-dir=/home/jimi/PaperExperiment/CompilerOptimization/CompilerResult/zfp/LLVM14-O2-g/build/CMakeFiles/CMakeTmp -ferror-limit 19 -fopenmp -fopenmp-target-new-runtime -fgnuc-version=4.2.1 -faddrsig -D__GCC_HAVE_DWARF2_CFI_ASM=1 -o CMakeFiles/cmTC_bad21.dir/OpenMPTryFlag.c.o -x c /home/jimi/PaperExperiment/CompilerOptimization/CompilerResult/zfp/LLVM14-O2-g/build/CMakeFiles/FindOpenMP/OpenMPTryFlag.c
clang -cc1 version 14.0.0 based upon LLVM 14.0.0 default target x86_64-pc-linux-gnu
ignoring nonexistent directory "/usr/bin/../lib/gcc/x86_64-linux-gnu/11/../../../../x86_64-linux-gnu/include"
ignoring nonexistent directory "/include"
#include "..." search starts here:
#include <...> search starts here:
 /usr/lib/llvm-14/lib/clang/14.0.0/include
 /usr/local/include
 /usr/include/x86_64-linux-gnu
 /usr/include
End of search list.
/home/jimi/PaperExperiment/CompilerOptimization/CompilerResult/zfp/LLVM14-O2-g/build/CMakeFiles/FindOpenMP/OpenMPTryFlag.c:2:10: fatal error: 'omp.h' file not found
#include <omp.h>
         ^~~~~~~
1 error generated.
gmake[1]: *** [CMakeFiles/cmTC_bad21.dir/build.make:79: CMakeFiles/cmTC_bad21.dir/OpenMPTryFlag.c.o] Error 1
gmake[1]: Leaving directory '/home/jimi/PaperExperiment/CompilerOptimization/CompilerResult/zfp/LLVM14-O2-g/build/CMakeFiles/CMakeTmp'
gmake: *** [Makefile:127: cmTC_bad21/fast] Error 2



Detecting C OpenMP failed with the following output:
Change Dir: /home/jimi/PaperExperiment/CompilerOptimization/CompilerResult/zfp/LLVM14-O2-g/build/CMakeFiles/CMakeTmp

Run Build Command(s):/usr/bin/gmake -f Makefile cmTC_83af8/fast && /usr/bin/gmake  -f CMakeFiles/cmTC_83af8.dir/build.make CMakeFiles/cmTC_83af8.dir/build
gmake[1]: Entering directory '/home/jimi/PaperExperiment/CompilerOptimization/CompilerResult/zfp/LLVM14-O2-g/build/CMakeFiles/CMakeTmp'
Building C object CMakeFiles/cmTC_83af8.dir/OpenMPTryFlag.c.o
/usr/bin/clang-14   -Xclang -fopenmp -v -fPIE -std=gnu99 -MD -MT CMakeFiles/cmTC_83af8.dir/OpenMPTryFlag.c.o -MF CMakeFiles/cmTC_83af8.dir/OpenMPTryFlag.c.o.d -o CMakeFiles/cmTC_83af8.dir/OpenMPTryFlag.c.o -c /home/jimi/PaperExperiment/CompilerOptimization/CompilerResult/zfp/LLVM14-O2-g/build/CMakeFiles/FindOpenMP/OpenMPTryFlag.c
Ubuntu clang version 14.0.0-1ubuntu1
Target: x86_64-pc-linux-gnu
Thread model: posix
InstalledDir: /usr/bin
Found candidate GCC installation: /usr/bin/../lib/gcc/x86_64-linux-gnu/11
Selected GCC installation: /usr/bin/../lib/gcc/x86_64-linux-gnu/11
Candidate multilib: .;@m64
Candidate multilib: 32;@m32
Candidate multilib: x32;@mx32
Selected multilib: .;@m64
 (in-process)
 "/usr/lib/llvm-14/bin/clang" -cc1 -triple x86_64-pc-linux-gnu -emit-obj -mrelax-all --mrelax-relocations -disable-free -clear-ast-before-backend -disable-llvm-verifier -discard-value-names -main-file-name OpenMPTryFlag.c -mrelocation-model pic -pic-level 2 -pic-is-pie -mframe-pointer=all -fmath-errno -ffp-contract=on -fno-rounding-math -mconstructor-aliases -funwind-tables=2 -target-cpu x86-64 -tune-cpu generic -mllvm -treat-scalable-fixed-error-as-warning -debugger-tuning=gdb -v -fcoverage-compilation-dir=/home/jimi/PaperExperiment/CompilerOptimization/CompilerResult/zfp/LLVM14-O2-g/build/CMakeFiles/CMakeTmp -resource-dir /usr/lib/llvm-14/lib/clang/14.0.0 -dependency-file CMakeFiles/cmTC_83af8.dir/OpenMPTryFlag.c.o.d -MT CMakeFiles/cmTC_83af8.dir/OpenMPTryFlag.c.o -sys-header-deps -internal-isystem /usr/lib/llvm-14/lib/clang/14.0.0/include -internal-isystem /usr/local/include -internal-isystem /usr/bin/../lib/gcc/x86_64-linux-gnu/11/../../../../x86_64-linux-gnu/include -internal-externc-isystem /usr/include/x86_64-linux-gnu -internal-externc-isystem /include -internal-externc-isystem /usr/include -std=gnu99 -fdebug-compilation-dir=/home/jimi/PaperExperiment/CompilerOptimization/CompilerResult/zfp/LLVM14-O2-g/build/CMakeFiles/CMakeTmp -ferror-limit 19 -fgnuc-version=4.2.1 -fopenmp -faddrsig -D__GCC_HAVE_DWARF2_CFI_ASM=1 -o CMakeFiles/cmTC_83af8.dir/OpenMPTryFlag.c.o -x c /home/jimi/PaperExperiment/CompilerOptimization/CompilerResult/zfp/LLVM14-O2-g/build/CMakeFiles/FindOpenMP/OpenMPTryFlag.c
clang -cc1 version 14.0.0 based upon LLVM 14.0.0 default target x86_64-pc-linux-gnu
ignoring nonexistent directory "/usr/bin/../lib/gcc/x86_64-linux-gnu/11/../../../../x86_64-linux-gnu/include"
ignoring nonexistent directory "/include"
#include "..." search starts here:
#include <...> search starts here:
 /usr/lib/llvm-14/lib/clang/14.0.0/include
 /usr/local/include
 /usr/include/x86_64-linux-gnu
 /usr/include
End of search list.
/home/jimi/PaperExperiment/CompilerOptimization/CompilerResult/zfp/LLVM14-O2-g/build/CMakeFiles/FindOpenMP/OpenMPTryFlag.c:2:10: fatal error: 'omp.h' file not found
#include <omp.h>
         ^~~~~~~
1 error generated.
gmake[1]: *** [CMakeFiles/cmTC_83af8.dir/build.make:79: CMakeFiles/cmTC_83af8.dir/OpenMPTryFlag.c.o] Error 1
gmake[1]: Leaving directory '/home/jimi/PaperExperiment/CompilerOptimization/CompilerResult/zfp/LLVM14-O2-g/build/CMakeFiles/CMakeTmp'
gmake: *** [Makefile:127: cmTC_83af8/fast] Error 2



Detecting CXX OpenMP failed with the following output:
Change Dir: /home/jimi/PaperExperiment/CompilerOptimization/CompilerResult/zfp/LLVM14-O2-g/build/CMakeFiles/CMakeTmp

Run Build Command(s):/usr/bin/gmake -f Makefile cmTC_62a05/fast && /usr/bin/gmake  -f CMakeFiles/cmTC_62a05.dir/build.make CMakeFiles/cmTC_62a05.dir/build
gmake[1]: Entering directory '/home/jimi/PaperExperiment/CompilerOptimization/CompilerResult/zfp/LLVM14-O2-g/build/CMakeFiles/CMakeTmp'
Building CXX object CMakeFiles/cmTC_62a05.dir/OpenMPTryFlag.cpp.o
/usr/bin/clang++-14   -fopenmp=libomp -v -fPIE -std=gnu++98 -MD -MT CMakeFiles/cmTC_62a05.dir/OpenMPTryFlag.cpp.o -MF CMakeFiles/cmTC_62a05.dir/OpenMPTryFlag.cpp.o.d -o CMakeFiles/cmTC_62a05.dir/OpenMPTryFlag.cpp.o -c /home/jimi/PaperExperiment/CompilerOptimization/CompilerResult/zfp/LLVM14-O2-g/build/CMakeFiles/FindOpenMP/OpenMPTryFlag.cpp
Ubuntu clang version 14.0.0-1ubuntu1
Target: x86_64-pc-linux-gnu
Thread model: posix
InstalledDir: /usr/bin
Found candidate GCC installation: /usr/bin/../lib/gcc/x86_64-linux-gnu/11
Selected GCC installation: /usr/bin/../lib/gcc/x86_64-linux-gnu/11
Candidate multilib: .;@m64
Candidate multilib: 32;@m32
Candidate multilib: x32;@mx32
Selected multilib: .;@m64
 (in-process)
 "/usr/lib/llvm-14/bin/clang" -cc1 -triple x86_64-pc-linux-gnu -emit-obj -mrelax-all --mrelax-relocations -disable-free -clear-ast-before-backend -disable-llvm-verifier -discard-value-names -main-file-name OpenMPTryFlag.cpp -mrelocation-model pic -pic-level 2 -pic-is-pie -mframe-pointer=all -fmath-errno -ffp-contract=on -fno-rounding-math -mconstructor-aliases -funwind-tables=2 -target-cpu x86-64 -tune-cpu generic -mllvm -treat-scalable-fixed-error-as-warning -debugger-tuning=gdb -v -fcoverage-compilation-dir=/home/jimi/PaperExperiment/CompilerOptimization/CompilerResult/zfp/LLVM14-O2-g/build/CMakeFiles/CMakeTmp -resource-dir /usr/lib/llvm-14/lib/clang/14.0.0 -dependency-file CMakeFiles/cmTC_62a05.dir/OpenMPTryFlag.cpp.o.d -MT CMakeFiles/cmTC_62a05.dir/OpenMPTryFlag.cpp.o -sys-header-deps -internal-isystem /usr/bin/../lib/gcc/x86_64-linux-gnu/11/../../../../include/c++/11 -internal-isystem /usr/bin/../lib/gcc/x86_64-linux-gnu/11/../../../../include/x86_64-linux-gnu/c++/11 -internal-isystem /usr/bin/../lib/gcc/x86_64-linux-gnu/11/../../../../include/c++/11/backward -internal-isystem /usr/lib/llvm-14/lib/clang/14.0.0/include -internal-isystem /usr/local/include -internal-isystem /usr/bin/../lib/gcc/x86_64-linux-gnu/11/../../../../x86_64-linux-gnu/include -internal-externc-isystem /usr/include/x86_64-linux-gnu -internal-externc-isystem /include -internal-externc-isystem /usr/include -std=gnu++98 -fdeprecated-macro -fdebug-compilation-dir=/home/jimi/PaperExperiment/CompilerOptimization/CompilerResult/zfp/LLVM14-O2-g/build/CMakeFiles/CMakeTmp -ferror-limit 19 -fopenmp -fopenmp-target-new-runtime -fgnuc-version=4.2.1 -fcxx-exceptions -fexceptions -faddrsig -D__GCC_HAVE_DWARF2_CFI_ASM=1 -o CMakeFiles/cmTC_62a05.dir/OpenMPTryFlag.cpp.o -x c++ /home/jimi/PaperExperiment/CompilerOptimization/CompilerResult/zfp/LLVM14-O2-g/build/CMakeFiles/FindOpenMP/OpenMPTryFlag.cpp
clang -cc1 version 14.0.0 based upon LLVM 14.0.0 default target x86_64-pc-linux-gnu
ignoring nonexistent directory "/usr/bin/../lib/gcc/x86_64-linux-gnu/11/../../../../x86_64-linux-gnu/include"
ignoring nonexistent directory "/include"
#include "..." search starts here:
#include <...> search starts here:
 /usr/bin/../lib/gcc/x86_64-linux-gnu/11/../../../../include/c++/11
 /usr/bin/../lib/gcc/x86_64-linux-gnu/11/../../../../include/x86_64-linux-gnu/c++/11
 /usr/bin/../lib/gcc/x86_64-linux-gnu/11/../../../../include/c++/11/backward
 /usr/lib/llvm-14/lib/clang/14.0.0/include
 /usr/local/include
 /usr/include/x86_64-linux-gnu
 /usr/include
End of search list.
/home/jimi/PaperExperiment/CompilerOptimization/CompilerResult/zfp/LLVM14-O2-g/build/CMakeFiles/FindOpenMP/OpenMPTryFlag.cpp:2:10: fatal error: 'omp.h' file not found
#include <omp.h>
         ^~~~~~~
1 error generated.
gmake[1]: *** [CMakeFiles/cmTC_62a05.dir/build.make:79: CMakeFiles/cmTC_62a05.dir/OpenMPTryFlag.cpp.o] Error 1
gmake[1]: Leaving directory '/home/jimi/PaperExperiment/CompilerOptimization/CompilerResult/zfp/LLVM14-O2-g/build/CMakeFiles/CMakeTmp'
gmake: *** [Makefile:127: cmTC_62a05/fast] Error 2



Detecting CXX OpenMP failed with the following output:
Change Dir: /home/jimi/PaperExperiment/CompilerOptimization/CompilerResult/zfp/LLVM14-O2-g/build/CMakeFiles/CMakeTmp

Run Build Command(s):/usr/bin/gmake -f Makefile cmTC_64ba4/fast && /usr/bin/gmake  -f CMakeFiles/cmTC_64ba4.dir/build.make CMakeFiles/cmTC_64ba4.dir/build
gmake[1]: Entering directory '/home/jimi/PaperExperiment/CompilerOptimization/CompilerResult/zfp/LLVM14-O2-g/build/CMakeFiles/CMakeTmp'
Building CXX object CMakeFiles/cmTC_64ba4.dir/OpenMPTryFlag.cpp.o
/usr/bin/clang++-14   -fopenmp=libiomp5 -v -fPIE -std=gnu++98 -MD -MT CMakeFiles/cmTC_64ba4.dir/OpenMPTryFlag.cpp.o -MF CMakeFiles/cmTC_64ba4.dir/OpenMPTryFlag.cpp.o.d -o CMakeFiles/cmTC_64ba4.dir/OpenMPTryFlag.cpp.o -c /home/jimi/PaperExperiment/CompilerOptimization/CompilerResult/zfp/LLVM14-O2-g/build/CMakeFiles/FindOpenMP/OpenMPTryFlag.cpp
Ubuntu clang version 14.0.0-1ubuntu1
Target: x86_64-pc-linux-gnu
Thread model: posix
InstalledDir: /usr/bin
Found candidate GCC installation: /usr/bin/../lib/gcc/x86_64-linux-gnu/11
Selected GCC installation: /usr/bin/../lib/gcc/x86_64-linux-gnu/11
Candidate multilib: .;@m64
Candidate multilib: 32;@m32
Candidate multilib: x32;@mx32
Selected multilib: .;@m64
 (in-process)
 "/usr/lib/llvm-14/bin/clang" -cc1 -triple x86_64-pc-linux-gnu -emit-obj -mrelax-all --mrelax-relocations -disable-free -clear-ast-before-backend -disable-llvm-verifier -discard-value-names -main-file-name OpenMPTryFlag.cpp -mrelocation-model pic -pic-level 2 -pic-is-pie -mframe-pointer=all -fmath-errno -ffp-contract=on -fno-rounding-math -mconstructor-aliases -funwind-tables=2 -target-cpu x86-64 -tune-cpu generic -mllvm -treat-scalable-fixed-error-as-warning -debugger-tuning=gdb -v -fcoverage-compilation-dir=/home/jimi/PaperExperiment/CompilerOptimization/CompilerResult/zfp/LLVM14-O2-g/build/CMakeFiles/CMakeTmp -resource-dir /usr/lib/llvm-14/lib/clang/14.0.0 -dependency-file CMakeFiles/cmTC_64ba4.dir/OpenMPTryFlag.cpp.o.d -MT CMakeFiles/cmTC_64ba4.dir/OpenMPTryFlag.cpp.o -sys-header-deps -internal-isystem /usr/bin/../lib/gcc/x86_64-linux-gnu/11/../../../../include/c++/11 -internal-isystem /usr/bin/../lib/gcc/x86_64-linux-gnu/11/../../../../include/x86_64-linux-gnu/c++/11 -internal-isystem /usr/bin/../lib/gcc/x86_64-linux-gnu/11/../../../../include/c++/11/backward -internal-isystem /usr/lib/llvm-14/lib/clang/14.0.0/include -internal-isystem /usr/local/include -internal-isystem /usr/bin/../lib/gcc/x86_64-linux-gnu/11/../../../../x86_64-linux-gnu/include -internal-externc-isystem /usr/include/x86_64-linux-gnu -internal-externc-isystem /include -internal-externc-isystem /usr/include -std=gnu++98 -fdeprecated-macro -fdebug-compilation-dir=/home/jimi/PaperExperiment/CompilerOptimization/CompilerResult/zfp/LLVM14-O2-g/build/CMakeFiles/CMakeTmp -ferror-limit 19 -fopenmp -fopenmp-target-new-runtime -fgnuc-version=4.2.1 -fcxx-exceptions -fexceptions -faddrsig -D__GCC_HAVE_DWARF2_CFI_ASM=1 -o CMakeFiles/cmTC_64ba4.dir/OpenMPTryFlag.cpp.o -x c++ /home/jimi/PaperExperiment/CompilerOptimization/CompilerResult/zfp/LLVM14-O2-g/build/CMakeFiles/FindOpenMP/OpenMPTryFlag.cpp
clang -cc1 version 14.0.0 based upon LLVM 14.0.0 default target x86_64-pc-linux-gnu
ignoring nonexistent directory "/usr/bin/../lib/gcc/x86_64-linux-gnu/11/../../../../x86_64-linux-gnu/include"
ignoring nonexistent directory "/include"
#include "..." search starts here:
#include <...> search starts here:
 /usr/bin/../lib/gcc/x86_64-linux-gnu/11/../../../../include/c++/11
 /usr/bin/../lib/gcc/x86_64-linux-gnu/11/../../../../include/x86_64-linux-gnu/c++/11
 /usr/bin/../lib/gcc/x86_64-linux-gnu/11/../../../../include/c++/11/backward
 /usr/lib/llvm-14/lib/clang/14.0.0/include
 /usr/local/include
 /usr/include/x86_64-linux-gnu
 /usr/include
End of search list.
/home/jimi/PaperExperiment/CompilerOptimization/CompilerResult/zfp/LLVM14-O2-g/build/CMakeFiles/FindOpenMP/OpenMPTryFlag.cpp:2:10: fatal error: 'omp.h' file not found
#include <omp.h>
         ^~~~~~~
1 error generated.
gmake[1]: *** [CMakeFiles/cmTC_64ba4.dir/build.make:79: CMakeFiles/cmTC_64ba4.dir/OpenMPTryFlag.cpp.o] Error 1
gmake[1]: Leaving directory '/home/jimi/PaperExperiment/CompilerOptimization/CompilerResult/zfp/LLVM14-O2-g/build/CMakeFiles/CMakeTmp'
gmake: *** [Makefile:127: cmTC_64ba4/fast] Error 2



Detecting CXX OpenMP failed with the following output:
Change Dir: /home/jimi/PaperExperiment/CompilerOptimization/CompilerResult/zfp/LLVM14-O2-g/build/CMakeFiles/CMakeTmp

Run Build Command(s):/usr/bin/gmake -f Makefile cmTC_2b9c0/fast && /usr/bin/gmake  -f CMakeFiles/cmTC_2b9c0.dir/build.make CMakeFiles/cmTC_2b9c0.dir/build
gmake[1]: Entering directory '/home/jimi/PaperExperiment/CompilerOptimization/CompilerResult/zfp/LLVM14-O2-g/build/CMakeFiles/CMakeTmp'
Building CXX object CMakeFiles/cmTC_2b9c0.dir/OpenMPTryFlag.cpp.o
/usr/bin/clang++-14   -fopenmp -v -fPIE -std=gnu++98 -MD -MT CMakeFiles/cmTC_2b9c0.dir/OpenMPTryFlag.cpp.o -MF CMakeFiles/cmTC_2b9c0.dir/OpenMPTryFlag.cpp.o.d -o CMakeFiles/cmTC_2b9c0.dir/OpenMPTryFlag.cpp.o -c /home/jimi/PaperExperiment/CompilerOptimization/CompilerResult/zfp/LLVM14-O2-g/build/CMakeFiles/FindOpenMP/OpenMPTryFlag.cpp
Ubuntu clang version 14.0.0-1ubuntu1
Target: x86_64-pc-linux-gnu
Thread model: posix
InstalledDir: /usr/bin
Found candidate GCC installation: /usr/bin/../lib/gcc/x86_64-linux-gnu/11
Selected GCC installation: /usr/bin/../lib/gcc/x86_64-linux-gnu/11
Candidate multilib: .;@m64
Candidate multilib: 32;@m32
Candidate multilib: x32;@mx32
Selected multilib: .;@m64
 (in-process)
 "/usr/lib/llvm-14/bin/clang" -cc1 -triple x86_64-pc-linux-gnu -emit-obj -mrelax-all --mrelax-relocations -disable-free -clear-ast-before-backend -disable-llvm-verifier -discard-value-names -main-file-name OpenMPTryFlag.cpp -mrelocation-model pic -pic-level 2 -pic-is-pie -mframe-pointer=all -fmath-errno -ffp-contract=on -fno-rounding-math -mconstructor-aliases -funwind-tables=2 -target-cpu x86-64 -tune-cpu generic -mllvm -treat-scalable-fixed-error-as-warning -debugger-tuning=gdb -v -fcoverage-compilation-dir=/home/jimi/PaperExperiment/CompilerOptimization/CompilerResult/zfp/LLVM14-O2-g/build/CMakeFiles/CMakeTmp -resource-dir /usr/lib/llvm-14/lib/clang/14.0.0 -dependency-file CMakeFiles/cmTC_2b9c0.dir/OpenMPTryFlag.cpp.o.d -MT CMakeFiles/cmTC_2b9c0.dir/OpenMPTryFlag.cpp.o -sys-header-deps -internal-isystem /usr/bin/../lib/gcc/x86_64-linux-gnu/11/../../../../include/c++/11 -internal-isystem /usr/bin/../lib/gcc/x86_64-linux-gnu/11/../../../../include/x86_64-linux-gnu/c++/11 -internal-isystem /usr/bin/../lib/gcc/x86_64-linux-gnu/11/../../../../include/c++/11/backward -internal-isystem /usr/lib/llvm-14/lib/clang/14.0.0/include -internal-isystem /usr/local/include -internal-isystem /usr/bin/../lib/gcc/x86_64-linux-gnu/11/../../../../x86_64-linux-gnu/include -internal-externc-isystem /usr/include/x86_64-linux-gnu -internal-externc-isystem /include -internal-externc-isystem /usr/include -std=gnu++98 -fdeprecated-macro -fdebug-compilation-dir=/home/jimi/PaperExperiment/CompilerOptimization/CompilerResult/zfp/LLVM14-O2-g/build/CMakeFiles/CMakeTmp -ferror-limit 19 -fopenmp -fopenmp-target-new-runtime -fgnuc-version=4.2.1 -fcxx-exceptions -fexceptions -faddrsig -D__GCC_HAVE_DWARF2_CFI_ASM=1 -o CMakeFiles/cmTC_2b9c0.dir/OpenMPTryFlag.cpp.o -x c++ /home/jimi/PaperExperiment/CompilerOptimization/CompilerResult/zfp/LLVM14-O2-g/build/CMakeFiles/FindOpenMP/OpenMPTryFlag.cpp
clang -cc1 version 14.0.0 based upon LLVM 14.0.0 default target x86_64-pc-linux-gnu
ignoring nonexistent directory "/usr/bin/../lib/gcc/x86_64-linux-gnu/11/../../../../x86_64-linux-gnu/include"
ignoring nonexistent directory "/include"
#include "..." search starts here:
#include <...> search starts here:
 /usr/bin/../lib/gcc/x86_64-linux-gnu/11/../../../../include/c++/11
 /usr/bin/../lib/gcc/x86_64-linux-gnu/11/../../../../include/x86_64-linux-gnu/c++/11
 /usr/bin/../lib/gcc/x86_64-linux-gnu/11/../../../../include/c++/11/backward
 /usr/lib/llvm-14/lib/clang/14.0.0/include
 /usr/local/include
 /usr/include/x86_64-linux-gnu
 /usr/include
End of search list.
/home/jimi/PaperExperiment/CompilerOptimization/CompilerResult/zfp/LLVM14-O2-g/build/CMakeFiles/FindOpenMP/OpenMPTryFlag.cpp:2:10: fatal error: 'omp.h' file not found
#include <omp.h>
         ^~~~~~~
1 error generated.
gmake[1]: *** [CMakeFiles/cmTC_2b9c0.dir/build.make:79: CMakeFiles/cmTC_2b9c0.dir/OpenMPTryFlag.cpp.o] Error 1
gmake[1]: Leaving directory '/home/jimi/PaperExperiment/CompilerOptimization/CompilerResult/zfp/LLVM14-O2-g/build/CMakeFiles/CMakeTmp'
gmake: *** [Makefile:127: cmTC_2b9c0/fast] Error 2



Detecting CXX OpenMP failed with the following output:
Change Dir: /home/jimi/PaperExperiment/CompilerOptimization/CompilerResult/zfp/LLVM14-O2-g/build/CMakeFiles/CMakeTmp

Run Build Command(s):/usr/bin/gmake -f Makefile cmTC_7969f/fast && /usr/bin/gmake  -f CMakeFiles/cmTC_7969f.dir/build.make CMakeFiles/cmTC_7969f.dir/build
gmake[1]: Entering directory '/home/jimi/PaperExperiment/CompilerOptimization/CompilerResult/zfp/LLVM14-O2-g/build/CMakeFiles/CMakeTmp'
Building CXX object CMakeFiles/cmTC_7969f.dir/OpenMPTryFlag.cpp.o
/usr/bin/clang++-14   -Xclang -fopenmp -v -fPIE -std=gnu++98 -MD -MT CMakeFiles/cmTC_7969f.dir/OpenMPTryFlag.cpp.o -MF CMakeFiles/cmTC_7969f.dir/OpenMPTryFlag.cpp.o.d -o CMakeFiles/cmTC_7969f.dir/OpenMPTryFlag.cpp.o -c /home/jimi/PaperExperiment/CompilerOptimization/CompilerResult/zfp/LLVM14-O2-g/build/CMakeFiles/FindOpenMP/OpenMPTryFlag.cpp
Ubuntu clang version 14.0.0-1ubuntu1
Target: x86_64-pc-linux-gnu
Thread model: posix
InstalledDir: /usr/bin
Found candidate GCC installation: /usr/bin/../lib/gcc/x86_64-linux-gnu/11
Selected GCC installation: /usr/bin/../lib/gcc/x86_64-linux-gnu/11
Candidate multilib: .;@m64
Candidate multilib: 32;@m32
Candidate multilib: x32;@mx32
Selected multilib: .;@m64
 (in-process)
 "/usr/lib/llvm-14/bin/clang" -cc1 -triple x86_64-pc-linux-gnu -emit-obj -mrelax-all --mrelax-relocations -disable-free -clear-ast-before-backend -disable-llvm-verifier -discard-value-names -main-file-name OpenMPTryFlag.cpp -mrelocation-model pic -pic-level 2 -pic-is-pie -mframe-pointer=all -fmath-errno -ffp-contract=on -fno-rounding-math -mconstructor-aliases -funwind-tables=2 -target-cpu x86-64 -tune-cpu generic -mllvm -treat-scalable-fixed-error-as-warning -debugger-tuning=gdb -v -fcoverage-compilation-dir=/home/jimi/PaperExperiment/CompilerOptimization/CompilerResult/zfp/LLVM14-O2-g/build/CMakeFiles/CMakeTmp -resource-dir /usr/lib/llvm-14/lib/clang/14.0.0 -dependency-file CMakeFiles/cmTC_7969f.dir/OpenMPTryFlag.cpp.o.d -MT CMakeFiles/cmTC_7969f.dir/OpenMPTryFlag.cpp.o -sys-header-deps -internal-isystem /usr/bin/../lib/gcc/x86_64-linux-gnu/11/../../../../include/c++/11 -internal-isystem /usr/bin/../lib/gcc/x86_64-linux-gnu/11/../../../../include/x86_64-linux-gnu/c++/11 -internal-isystem /usr/bin/../lib/gcc/x86_64-linux-gnu/11/../../../../include/c++/11/backward -internal-isystem /usr/lib/llvm-14/lib/clang/14.0.0/include -internal-isystem /usr/local/include -internal-isystem /usr/bin/../lib/gcc/x86_64-linux-gnu/11/../../../../x86_64-linux-gnu/include -internal-externc-isystem /usr/include/x86_64-linux-gnu -internal-externc-isystem /include -internal-externc-isystem /usr/include -std=gnu++98 -fdeprecated-macro -fdebug-compilation-dir=/home/jimi/PaperExperiment/CompilerOptimization/CompilerResult/zfp/LLVM14-O2-g/build/CMakeFiles/CMakeTmp -ferror-limit 19 -fgnuc-version=4.2.1 -fcxx-exceptions -fexceptions -fopenmp -faddrsig -D__GCC_HAVE_DWARF2_CFI_ASM=1 -o CMakeFiles/cmTC_7969f.dir/OpenMPTryFlag.cpp.o -x c++ /home/jimi/PaperExperiment/CompilerOptimization/CompilerResult/zfp/LLVM14-O2-g/build/CMakeFiles/FindOpenMP/OpenMPTryFlag.cpp
clang -cc1 version 14.0.0 based upon LLVM 14.0.0 default target x86_64-pc-linux-gnu
ignoring nonexistent directory "/usr/bin/../lib/gcc/x86_64-linux-gnu/11/../../../../x86_64-linux-gnu/include"
ignoring nonexistent directory "/include"
#include "..." search starts here:
#include <...> search starts here:
 /usr/bin/../lib/gcc/x86_64-linux-gnu/11/../../../../include/c++/11
 /usr/bin/../lib/gcc/x86_64-linux-gnu/11/../../../../include/x86_64-linux-gnu/c++/11
 /usr/bin/../lib/gcc/x86_64-linux-gnu/11/../../../../include/c++/11/backward
 /usr/lib/llvm-14/lib/clang/14.0.0/include
 /usr/local/include
 /usr/include/x86_64-linux-gnu
 /usr/include
End of search list.
/home/jimi/PaperExperiment/CompilerOptimization/CompilerResult/zfp/LLVM14-O2-g/build/CMakeFiles/FindOpenMP/OpenMPTryFlag.cpp:2:10: fatal error: 'omp.h' file not found
#include <omp.h>
         ^~~~~~~
1 error generated.
gmake[1]: *** [CMakeFiles/cmTC_7969f.dir/build.make:79: CMakeFiles/cmTC_7969f.dir/OpenMPTryFlag.cpp.o] Error 1
gmake[1]: Leaving directory '/home/jimi/PaperExperiment/CompilerOptimization/CompilerResult/zfp/LLVM14-O2-g/build/CMakeFiles/CMakeTmp'
gmake: *** [Makefile:127: cmTC_7969f/fast] Error 2



Performing C SOURCE FILE Test HAVE_MATH failed with the following output:
Change Dir: /home/jimi/PaperExperiment/CompilerOptimization/CompilerResult/zfp/LLVM14-O2-g/build/CMakeFiles/CMakeTmp

Run Build Command(s):/usr/bin/gmake -f Makefile cmTC_b6047/fast && /usr/bin/gmake  -f CMakeFiles/cmTC_b6047.dir/build.make CMakeFiles/cmTC_b6047.dir/build
gmake[1]: Entering directory '/home/jimi/PaperExperiment/CompilerOptimization/CompilerResult/zfp/LLVM14-O2-g/build/CMakeFiles/CMakeTmp'
Building C object CMakeFiles/cmTC_b6047.dir/src.c.o
/usr/bin/clang-14 -DHAVE_MATH  -fPIE -std=gnu99 -MD -MT CMakeFiles/cmTC_b6047.dir/src.c.o -MF CMakeFiles/cmTC_b6047.dir/src.c.o.d -o CMakeFiles/cmTC_b6047.dir/src.c.o -c /home/jimi/PaperExperiment/CompilerOptimization/CompilerResult/zfp/LLVM14-O2-g/build/CMakeFiles/CMakeTmp/src.c
Linking C executable cmTC_b6047
/usr/bin/cmake -E cmake_link_script CMakeFiles/cmTC_b6047.dir/link.txt --verbose=1
/usr/bin/clang-14 CMakeFiles/cmTC_b6047.dir/src.c.o -o cmTC_b6047 
/usr/bin/ld: CMakeFiles/cmTC_b6047.dir/src.c.o: in function `main':
src.c:(.text+0x1c): undefined reference to `sqrt'
clang: error: linker command failed with exit code 1 (use -v to see invocation)
gmake[1]: *** [CMakeFiles/cmTC_b6047.dir/build.make:100: cmTC_b6047] Error 1
gmake[1]: Leaving directory '/home/jimi/PaperExperiment/CompilerOptimization/CompilerResult/zfp/LLVM14-O2-g/build/CMakeFiles/CMakeTmp'
gmake: *** [Makefile:127: cmTC_b6047/fast] Error 2


Source file was:
#include<math.h>
int main(int n,char*v[]){return sqrt(n);}
