                 U __isoc99_sscanf
                 U bcmp
---------------- t compress_double_1
---------------- t compress_float_1
---------------- t compress_int32_1
---------------- t compress_int64_1
---------------- t compress_strided_double_1
---------------- t compress_strided_double_2
---------------- t compress_strided_double_3
---------------- t compress_strided_double_4
---------------- t compress_strided_float_1
---------------- t compress_strided_float_2
---------------- t compress_strided_float_3
---------------- t compress_strided_float_4
---------------- t compress_strided_int32_1
---------------- t compress_strided_int32_2
---------------- t compress_strided_int32_3
---------------- t compress_strided_int32_4
---------------- t compress_strided_int64_1
---------------- t compress_strided_int64_2
---------------- t compress_strided_int64_3
---------------- t compress_strided_int64_4
---------------- t decode_ints_uint32
---------------- t decode_ints_uint32.130
---------------- t decode_ints_uint32.142
---------------- t decode_ints_uint32.177
---------------- t decode_ints_uint32.189
---------------- t decode_ints_uint32.55
---------------- t decode_ints_uint32.87
---------------- t decode_ints_uint32.97
---------------- t decode_ints_uint64
---------------- t decode_ints_uint64.102
---------------- t decode_ints_uint64.136
---------------- t decode_ints_uint64.148
---------------- t decode_ints_uint64.183
---------------- t decode_ints_uint64.195
---------------- t decode_ints_uint64.62
---------------- t decode_ints_uint64.92
---------------- t decompress_double_1
---------------- t decompress_float_1
---------------- t decompress_int32_1
---------------- t decompress_int64_1
---------------- t decompress_strided_double_1
---------------- t decompress_strided_double_2
---------------- t decompress_strided_double_3
---------------- t decompress_strided_double_4
---------------- t decompress_strided_float_1
---------------- t decompress_strided_float_2
---------------- t decompress_strided_float_3
---------------- t decompress_strided_float_4
---------------- t decompress_strided_int32_1
---------------- t decompress_strided_int32_2
---------------- t decompress_strided_int32_3
---------------- t decompress_strided_int32_4
---------------- t decompress_strided_int64_1
---------------- t decompress_strided_int64_2
---------------- t decompress_strided_int64_3
---------------- t decompress_strided_int64_4
---------------- t encode_ints_uint32
---------------- t encode_ints_uint32.107
---------------- t encode_ints_uint32.119
---------------- t encode_ints_uint32.154
---------------- t encode_ints_uint32.166
---------------- t encode_ints_uint32.29
---------------- t encode_ints_uint32.67
---------------- t encode_ints_uint32.77
---------------- t encode_ints_uint64
---------------- t encode_ints_uint64.113
---------------- t encode_ints_uint64.125
---------------- t encode_ints_uint64.160
---------------- t encode_ints_uint64.172
---------------- t encode_ints_uint64.36
---------------- t encode_ints_uint64.72
---------------- t encode_ints_uint64.82
                 U exit
---------------- t exponent_block_double
---------------- t exponent_block_float
                 U fclose
                 U ferror
---------------- t field_index_span
                 U fopen
                 U fprintf
                 U fputc
                 U fread
                 U free
                 U frexp
                 U frexpf
                 U fwrite
                 U ldexp
                 U ldexpf
                 U log10
---------------- T main
                 U malloc
---------------- d perm_3
---------------- d perm_3.112
---------------- d perm_3.118
---------------- d perm_3.124
---------------- d perm_3.131
---------------- d perm_3.137
---------------- d perm_3.143
---------------- d perm_3.149
---------------- d perm_4
---------------- d perm_4.159
---------------- d perm_4.165
---------------- d perm_4.171
---------------- d perm_4.178
---------------- d perm_4.184
---------------- d perm_4.190
---------------- d perm_4.196
---------------- t print_error
                 U realloc
---------------- t rev_decode_block_int32_1
---------------- t rev_decode_block_int32_2
---------------- t rev_decode_block_int32_3
---------------- t rev_decode_block_int32_4
---------------- t rev_decode_block_int64_1
---------------- t rev_decode_block_int64_2
---------------- t rev_decode_block_int64_3
---------------- t rev_decode_block_int64_4
                 U sqrt
                 U stderr
                 U stdin
                 U stdout
                 U strcmp
---------------- T stream_align
---------------- T stream_alignment
---------------- T stream_capacity
---------------- T stream_clone
---------------- T stream_close
---------------- T stream_copy
---------------- T stream_data
---------------- T stream_flush
---------------- T stream_open
---------------- T stream_pad
---------------- T stream_read_bit
---------------- T stream_read_bits
---------------- T stream_rewind
---------------- T stream_rseek
---------------- T stream_rtell
---------------- T stream_size
---------------- T stream_skip
---------------- T stream_stride_block
---------------- T stream_stride_delta
---------------- D stream_word_bits
---------------- T stream_write_bit
---------------- T stream_write_bits
---------------- T stream_wseek
---------------- T stream_wtell
---------------- t usage
---------------- T zfp_block_maximum_size
---------------- d zfp_block_maximum_size.size_table
---------------- D zfp_codec_version
---------------- T zfp_compress
---------------- T zfp_config_accuracy
---------------- T zfp_config_expert
---------------- T zfp_config_none
---------------- T zfp_config_precision
---------------- T zfp_config_rate
---------------- T zfp_config_reversible
---------------- T zfp_decode_block_double_1
---------------- T zfp_decode_block_double_2
---------------- T zfp_decode_block_double_3
---------------- T zfp_decode_block_double_4
---------------- T zfp_decode_block_float_1
---------------- T zfp_decode_block_float_2
---------------- T zfp_decode_block_float_3
---------------- T zfp_decode_block_float_4
---------------- T zfp_decode_block_int32_1
---------------- T zfp_decode_block_int32_2
---------------- T zfp_decode_block_int32_3
---------------- T zfp_decode_block_int32_4
---------------- T zfp_decode_block_int64_1
---------------- T zfp_decode_block_int64_2
---------------- T zfp_decode_block_int64_3
---------------- T zfp_decode_block_int64_4
---------------- T zfp_decode_block_strided_double_1
---------------- T zfp_decode_block_strided_double_2
---------------- T zfp_decode_block_strided_double_3
---------------- T zfp_decode_block_strided_double_4
---------------- T zfp_decode_block_strided_float_1
---------------- T zfp_decode_block_strided_float_2
---------------- T zfp_decode_block_strided_float_3
---------------- T zfp_decode_block_strided_float_4
---------------- T zfp_decode_block_strided_int32_1
---------------- T zfp_decode_block_strided_int32_2
---------------- T zfp_decode_block_strided_int32_3
---------------- T zfp_decode_block_strided_int32_4
---------------- T zfp_decode_block_strided_int64_1
---------------- T zfp_decode_block_strided_int64_2
---------------- T zfp_decode_block_strided_int64_3
---------------- T zfp_decode_block_strided_int64_4
---------------- T zfp_decode_partial_block_strided_double_1
---------------- T zfp_decode_partial_block_strided_double_2
---------------- T zfp_decode_partial_block_strided_double_3
---------------- T zfp_decode_partial_block_strided_double_4
---------------- T zfp_decode_partial_block_strided_float_1
---------------- T zfp_decode_partial_block_strided_float_2
---------------- T zfp_decode_partial_block_strided_float_3
---------------- T zfp_decode_partial_block_strided_float_4
---------------- T zfp_decode_partial_block_strided_int32_1
---------------- T zfp_decode_partial_block_strided_int32_2
---------------- T zfp_decode_partial_block_strided_int32_3
---------------- T zfp_decode_partial_block_strided_int32_4
---------------- T zfp_decode_partial_block_strided_int64_1
---------------- T zfp_decode_partial_block_strided_int64_2
---------------- T zfp_decode_partial_block_strided_int64_3
---------------- T zfp_decode_partial_block_strided_int64_4
---------------- T zfp_decompress
---------------- T zfp_demote_int32_to_int16
---------------- T zfp_demote_int32_to_int8
---------------- T zfp_demote_int32_to_uint16
---------------- T zfp_demote_int32_to_uint8
---------------- T zfp_encode_block_double_1
---------------- T zfp_encode_block_double_2
---------------- T zfp_encode_block_double_3
---------------- T zfp_encode_block_double_4
---------------- T zfp_encode_block_float_1
---------------- T zfp_encode_block_float_2
---------------- T zfp_encode_block_float_3
---------------- T zfp_encode_block_float_4
---------------- T zfp_encode_block_int32_1
---------------- T zfp_encode_block_int32_2
---------------- T zfp_encode_block_int32_3
---------------- T zfp_encode_block_int32_4
---------------- T zfp_encode_block_int64_1
---------------- T zfp_encode_block_int64_2
---------------- T zfp_encode_block_int64_3
---------------- T zfp_encode_block_int64_4
---------------- T zfp_encode_block_strided_double_1
---------------- T zfp_encode_block_strided_double_2
---------------- T zfp_encode_block_strided_double_3
---------------- T zfp_encode_block_strided_double_4
---------------- T zfp_encode_block_strided_float_1
---------------- T zfp_encode_block_strided_float_2
---------------- T zfp_encode_block_strided_float_3
---------------- T zfp_encode_block_strided_float_4
---------------- T zfp_encode_block_strided_int32_1
---------------- T zfp_encode_block_strided_int32_2
---------------- T zfp_encode_block_strided_int32_3
---------------- T zfp_encode_block_strided_int32_4
---------------- T zfp_encode_block_strided_int64_1
---------------- T zfp_encode_block_strided_int64_2
---------------- T zfp_encode_block_strided_int64_3
---------------- T zfp_encode_block_strided_int64_4
---------------- T zfp_encode_partial_block_strided_double_1
---------------- T zfp_encode_partial_block_strided_double_2
---------------- T zfp_encode_partial_block_strided_double_3
---------------- T zfp_encode_partial_block_strided_double_4
---------------- T zfp_encode_partial_block_strided_float_1
---------------- T zfp_encode_partial_block_strided_float_2
---------------- T zfp_encode_partial_block_strided_float_3
---------------- T zfp_encode_partial_block_strided_float_4
---------------- T zfp_encode_partial_block_strided_int32_1
---------------- T zfp_encode_partial_block_strided_int32_2
---------------- T zfp_encode_partial_block_strided_int32_3
---------------- T zfp_encode_partial_block_strided_int32_4
---------------- T zfp_encode_partial_block_strided_int64_1
---------------- T zfp_encode_partial_block_strided_int64_2
---------------- T zfp_encode_partial_block_strided_int64_3
---------------- T zfp_encode_partial_block_strided_int64_4
---------------- T zfp_field_1d
---------------- T zfp_field_2d
---------------- T zfp_field_3d
---------------- T zfp_field_4d
---------------- T zfp_field_alloc
---------------- T zfp_field_begin
---------------- T zfp_field_blocks
---------------- T zfp_field_dimensionality
---------------- T zfp_field_free
---------------- T zfp_field_is_contiguous
---------------- T zfp_field_metadata
---------------- T zfp_field_pointer
---------------- T zfp_field_precision
---------------- T zfp_field_set_metadata
---------------- T zfp_field_set_pointer
---------------- T zfp_field_set_size_1d
---------------- T zfp_field_set_size_2d
---------------- T zfp_field_set_size_3d
---------------- T zfp_field_set_size_4d
---------------- T zfp_field_set_stride_1d
---------------- T zfp_field_set_stride_2d
---------------- T zfp_field_set_stride_3d
---------------- T zfp_field_set_stride_4d
---------------- T zfp_field_set_type
---------------- T zfp_field_size
---------------- T zfp_field_size_bytes
---------------- T zfp_field_stride
---------------- T zfp_field_type
---------------- D zfp_library_version
---------------- T zfp_promote_int16_to_int32
---------------- T zfp_promote_int8_to_int32
---------------- T zfp_promote_uint16_to_int32
---------------- T zfp_promote_uint8_to_int32
---------------- T zfp_read_header
---------------- T zfp_stream_accuracy
---------------- T zfp_stream_align
---------------- T zfp_stream_bit_stream
---------------- T zfp_stream_close
---------------- T zfp_stream_compressed_size
---------------- T zfp_stream_compression_mode
---------------- T zfp_stream_execution
---------------- T zfp_stream_flush
---------------- T zfp_stream_maximum_size
---------------- T zfp_stream_mode
---------------- T zfp_stream_omp_chunk_size
---------------- T zfp_stream_omp_threads
---------------- T zfp_stream_open
---------------- T zfp_stream_params
---------------- T zfp_stream_precision
---------------- T zfp_stream_rate
---------------- T zfp_stream_rewind
---------------- T zfp_stream_set_accuracy
---------------- T zfp_stream_set_bit_stream
---------------- T zfp_stream_set_execution
---------------- T zfp_stream_set_mode
---------------- T zfp_stream_set_omp_chunk_size
---------------- T zfp_stream_set_omp_threads
---------------- T zfp_stream_set_params
---------------- T zfp_stream_set_precision
---------------- T zfp_stream_set_rate
---------------- T zfp_stream_set_reversible
---------------- T zfp_type_size
---------------- D zfp_version_string
---------------- T zfp_write_header
