---------------- T BilinearSampling
---------------- T ConvertPaddingStyleToParameters
                 U __assert_fail
                 U __errno_location
                 U __isoc99_fscanf
                 U acos
---------------- T add_context_device
---------------- T add_ftm_node
---------------- T add_ftm_order_node
---------------- T add_header
---------------- T add_header_fix
---------------- T add_image
---------------- T add_int_val
---------------- T add_int_val_order
---------------- T add_interal_int_val
---------------- T add_interal_string_val
---------------- d add_n_node_ops
---------------- t add_n_op_map
---------------- T add_node_attr
---------------- T add_string_val
---------------- T add_string_val_order
---------------- T add_sub_graph_to_ir_graph
---------------- T add_timer
---------------- d affinity_mask_all_cluster
---------------- d affinity_mask_big_cluster
---------------- d affinity_mask_little_cluster
---------------- T align
---------------- T align_address
---------------- T alloc_exec_graph_mem
---------------- d app_data
---------------- d argmax_node_ops
---------------- t argmax_op_map
---------------- d argmin_node_ops
---------------- t argmin_op_map
                 U asin
---------------- T asum_2d_ax0
---------------- T asum_2d_ax1
---------------- T asum_3d_ax0
---------------- T asum_3d_ax1
---------------- T asum_3d_ax2
---------------- T asum_4d_ax0
---------------- T asum_4d_ax1
---------------- T asum_4d_ax2
---------------- T asum_4d_ax3
                 U atan
---------------- t bare_metal_mutex_free
---------------- t bare_metal_mutex_init
---------------- t bare_metal_mutex_lock
---------------- t bare_metal_mutex_unlock
---------------- t batchnorm_op_map
---------------- t batchtospacend_op_map
                 U bcmp
---------------- T between
---------------- T bf16_to_fp32
---------------- t bias_op_map
---------------- d bias_tensor
---------------- t broadmul_op_map
                 U calloc
---------------- t ceil_op_map
---------------- t change_log_level
---------------- T check_cpu
---------------- T check_file_exist
---------------- T check_sub_info
---------------- t clip_op_map
                 U close
---------------- T clr_tengine_errno
---------------- T combination_image
---------------- T comp_equal
---------------- T comp_greater
---------------- T comp_greatere
---------------- T comp_less
---------------- T comp_lesse
---------------- T comp_nequal
---------------- t comparison_op_map
---------------- t concat_op_map
                 U connect
---------------- t const_op_map
---------------- T conv3x3s1_winograd43_sse
---------------- T conv3x3s1_winograd43_transform_kernel_sse
---------------- T conv_dw_run
---------------- T conv_hcl_get_interleave_pack4_size
---------------- T conv_hcl_get_shared_mem_size
---------------- T conv_hcl_get_shared_pack4_mem_size
---------------- T conv_hcl_interleave_pack4_fp32
---------------- T conv_hcl_interleave_pack4_int8
---------------- T conv_hcl_postrun
---------------- T conv_hcl_prerun
---------------- T conv_hcl_run
---------------- T conv_hcl_set_shared_mem
---------------- T conv_hcl_set_shared_pack4_mem
---------------- t conv_op_map
---------------- T copyMaker
---------------- T copy_image
---------------- d core_count
                 U cos
---------------- t cpu_allocate
---------------- d cpu_allocator
---------------- d cpu_builtin_ops_registry
---------------- d cpu_custom_ops_registry
---------------- t cpu_describe
---------------- d cpu_dev
---------------- t cpu_dev_release_exec_graph
---------------- t cpu_evaluation
---------------- d cpu_interface
---------------- d cpu_optimizer
---------------- t cpu_release
---------------- T cpu_split_graph
---------------- T create_context
---------------- T create_exec_graph
---------------- T create_fmt_node
---------------- T create_graph
---------------- T create_graph_error
---------------- T create_graph_node
---------------- T create_graph_tensor
---------------- T create_ir_graph
---------------- T create_ir_node
---------------- T create_ir_node_name_from_index
---------------- T create_ir_tensor
---------------- T create_ir_tensor_name_from_index
---------------- T create_vector
---------------- t crop_op_map
---------------- T data_type_typeinfo_name
---------------- t deconv_op_map
---------------- t depthtospace_op_map
---------------- T destroy_attribute
---------------- T destroy_context
---------------- T destroy_graph
---------------- T destroy_ir_graph
---------------- T destroy_ir_node
---------------- T destroy_ir_tensor
---------------- t detection_op_map
---------------- d detection_output_node_ops
---------------- d detection_postprocess_node_ops
---------------- t detection_postprocess_op_map
                 U dlclose
                 U dlerror
                 U dlopen
                 U dlsym
---------------- t do_log
---------------- T do_real_online_report
---------------- T do_report
---------------- T do_tengine_report
---------------- T draw_box
---------------- T draw_circle
---------------- t dropout_op_map
---------------- T dump_float
---------------- T dump_graph
---------------- T dump_ir_graph
---------------- T dump_ir_node
---------------- T dump_ir_tensor
---------------- T dump_sub_graph
---------------- t eltwise_op_map
---------------- t elu_op_map
                 U erf
---------------- T estimate_subgraph_memory_blocks
                 U exit
                 U exp
---------------- d expand_node_ops
---------------- t expand_op_map
---------------- t expanddims_op_map
                 U expf
---------------- T extract_feature_from_tensor
---------------- T extract_node_executed_time
---------------- t fc_op_map
                 U fclose
                 U fcntl
                 U feof
                 U fgets
---------------- T find_default_device
---------------- T find_default_scheduler
---------------- T find_device_via_index
---------------- T find_device_via_name
---------------- T find_node_ops
---------------- T find_op_method
---------------- T find_op_method_via_index
---------------- T find_op_name
---------------- T find_serializer_via_index
---------------- T find_serializer_via_name
---------------- T find_unused_memory_block
---------------- T finish_post
---------------- d first_row_filter
---------------- d flatten_node_ops
---------------- t flatten_op_map
                 U fopen
---------------- T fp16_to_fp32
---------------- T fp32_to_bf16
---------------- T fp32_to_fp16
---------------- T fp32_to_pxr24
                 U fprintf
                 U fputc
                 U fputs
                 U fread
                 U free
---------------- T free_exec_graph_mem
---------------- T free_fmt_node
---------------- T free_image
---------------- T free_mutex
---------------- T free_node
---------------- d free_node_list
---------------- T free_report_mgr
---------------- T free_req
---------------- T free_thread_context
---------------- T free_thread_mutex
                 U freeaddrinfo
                 U frexp
                 U fseek
                 U fstat
                 U ftell
                 U fwrite
---------------- d gather_node_ops
---------------- t gather_op_map
---------------- t gather_op_map.2509
---------------- t gather_op_map.2540
---------------- t gather_op_map.2547
---------------- T gc_free_node
---------------- T gcd
---------------- t gelu_op_map
---------------- t gemm_op_map
---------------- T general_report_data
---------------- T generate_anchors
---------------- T generate_sub_graph_io
---------------- t generic_op_map
---------------- T get_all_boxes_rect
---------------- T get_arch
---------------- T get_cluster_affinity_mask
---------------- T get_context_attr
---------------- T get_context_device
---------------- T get_context_device_number
---------------- T get_cpu_cluster_mask
---------------- T get_cpu_mask_count
---------------- T get_cpu_param_info
---------------- T get_cur_process_info
---------------- T get_current_time
---------------- T get_default_logger
---------------- d get_default_logger.default_logger
---------------- d get_default_logger.inited
---------------- T get_device_count
---------------- T get_device_option_size
---------------- T get_empty_task_slot
---------------- T get_graph_attr
---------------- T get_graph_blocked_nodes
---------------- T get_graph_input_node
---------------- T get_graph_input_node_number
---------------- T get_graph_input_tensor
---------------- T get_graph_node
---------------- T get_graph_node_by_idx
---------------- T get_graph_node_num
---------------- T get_graph_output_node
---------------- T get_graph_output_node_number
---------------- T get_graph_output_tensor
---------------- T get_graph_tensor
---------------- T get_input_data
---------------- T get_ir_graph_context
---------------- T get_ir_graph_node
---------------- T get_ir_graph_subgraph
---------------- T get_ir_graph_tensor
---------------- T get_ir_node_index_from_name
---------------- T get_ir_tensor_index_from_name
---------------- T get_ir_tensor_quantization_parameter
---------------- T get_local_ip_and_mac
---------------- T get_mask_count
---------------- T get_mask_index
---------------- T get_md5
---------------- T get_model_format_string
---------------- t get_name
---------------- T get_node_attr_float
---------------- T get_node_attr_generic
---------------- T get_node_attr_int
---------------- T get_node_attr_pointer
---------------- T get_node_device
---------------- T get_node_input_number
---------------- T get_node_input_tensor
---------------- T get_node_name
---------------- T get_node_op
---------------- T get_node_output_number
---------------- T get_node_output_tensor
---------------- T get_node_total_flops
---------------- T get_op_method_count
---------------- T get_op_name_from_type
---------------- T get_op_type_from_name
---------------- T get_os_info
---------------- T get_os_kernel_info
---------------- T get_rand
---------------- T get_serializer_count
---------------- T get_status
---------------- T get_staus
---------------- T get_tengine_env_data
---------------- T get_tengine_errno
---------------- T get_tengine_hcl_version
---------------- T get_tengine_plugin_name
---------------- T get_tengine_plugin_number
---------------- T get_tengine_version
---------------- d get_tengine_version.buf
---------------- T get_tenser_element_size
---------------- T get_tensor_buffer
---------------- T get_tensor_buffer_size
---------------- T get_tensor_cv_shape
---------------- T get_tensor_data
---------------- T get_tensor_data_type
---------------- T get_tensor_data_type_string
---------------- T get_tensor_layout
---------------- T get_tensor_layout_string
---------------- T get_tensor_name
---------------- T get_tensor_quant_param
---------------- T get_tensor_shape
---------------- T get_tensor_type_string
---------------- T get_time
---------------- T get_timestamp
---------------- T get_total_memory
---------------- T get_usable_memory_block
---------------- T get_valid_task_slot
---------------- T get_vector_data
---------------- T get_vector_num
                 U getaddrinfo
                 U getenv
                 U getopt
                 U getpid
                 U getsockopt
                 U gettimeofday
---------------- T gray2bgr
---------------- d gru_node_ops
---------------- t gru_op_map
---------------- d gsData
---------------- d hcl_node_ops
---------------- d hcl_node_ops.1007
---------------- d hcl_node_ops.1018
---------------- d hcl_node_ops.1028
---------------- d hcl_node_ops.1039
---------------- d hcl_node_ops.1049
---------------- d hcl_node_ops.1059
---------------- d hcl_node_ops.1077
---------------- d hcl_node_ops.1088
---------------- d hcl_node_ops.1098
---------------- d hcl_node_ops.1108
---------------- d hcl_node_ops.1117
---------------- d hcl_node_ops.1127
---------------- d hcl_node_ops.1146
---------------- d hcl_node_ops.1155
---------------- d hcl_node_ops.1179
---------------- d hcl_node_ops.1189
---------------- d hcl_node_ops.1199
---------------- d hcl_node_ops.1228
---------------- d hcl_node_ops.1240
---------------- d hcl_node_ops.1251
---------------- d hcl_node_ops.1260
---------------- d hcl_node_ops.1270
---------------- d hcl_node_ops.1281
---------------- d hcl_node_ops.1292
---------------- d hcl_node_ops.1302
---------------- d hcl_node_ops.1336
---------------- d hcl_node_ops.1345
---------------- d hcl_node_ops.1354
---------------- d hcl_node_ops.1364
---------------- d hcl_node_ops.1374
---------------- d hcl_node_ops.1385
---------------- d hcl_node_ops.1403
---------------- d hcl_node_ops.1412
---------------- d hcl_node_ops.1423
---------------- d hcl_node_ops.1431
---------------- d hcl_node_ops.1439
---------------- d hcl_node_ops.1452
---------------- d hcl_node_ops.1492
---------------- d hcl_node_ops.457
---------------- d hcl_node_ops.468
---------------- d hcl_node_ops.477
---------------- d hcl_node_ops.488
---------------- d hcl_node_ops.507
---------------- d hcl_node_ops.518
---------------- d hcl_node_ops.529
---------------- d hcl_node_ops.538
---------------- d hcl_node_ops.548
---------------- d hcl_node_ops.559
---------------- d hcl_node_ops.568
---------------- d hcl_node_ops.580
---------------- d hcl_node_ops.609
---------------- d hcl_node_ops.618
---------------- d hcl_node_ops.633
---------------- d hcl_node_ops.642
---------------- d hcl_node_ops.661
---------------- d hcl_node_ops.672
---------------- d hcl_node_ops.703
---------------- d hcl_node_ops.721
---------------- d hcl_node_ops.731
---------------- d hcl_node_ops.742
---------------- d hcl_node_ops.752
---------------- d hcl_node_ops.763
---------------- d hcl_node_ops.773
---------------- d hcl_node_ops.784
---------------- d hcl_node_ops.794
---------------- d hcl_node_ops.803
---------------- d hcl_node_ops.814
---------------- d hcl_node_ops.824
---------------- d hcl_node_ops.834
---------------- d hcl_node_ops.891
---------------- d hcl_node_ops.902
---------------- d hcl_node_ops.911
---------------- d hcl_node_ops.947
---------------- d hcl_node_ops.959
---------------- d hcl_node_ops.979
---------------- d hcl_node_ops.988
---------------- d hcl_version
---------------- T http_post
---------------- T http_response
---------------- T im2col_fp32
---------------- T im2col_int8
---------------- T im2col_uint8
---------------- T image_permute
---------------- T imax
---------------- T imin
---------------- T imread
---------------- T imread2caffe
---------------- T imread2post
---------------- T imread_process
                 U inet_ntop
---------------- T infer_ir_graph_shape
---------------- t infer_shape
---------------- t infer_shape.1518
---------------- t infer_shape.1526
---------------- t infer_shape.1534
---------------- t infer_shape.1542
---------------- t infer_shape.1550
---------------- t infer_shape.1558
---------------- t infer_shape.1573
---------------- t infer_shape.1581
---------------- t infer_shape.1589
---------------- t infer_shape.1597
---------------- t infer_shape.1614
---------------- t infer_shape.1623
---------------- t infer_shape.1631
---------------- t infer_shape.1640
---------------- t infer_shape.1648
---------------- t infer_shape.1656
---------------- t infer_shape.1672
---------------- t infer_shape.1681
---------------- t infer_shape.1689
---------------- t infer_shape.1697
---------------- t infer_shape.1705
---------------- t infer_shape.1713
---------------- t infer_shape.1722
---------------- t infer_shape.1730
---------------- t infer_shape.1738
---------------- t infer_shape.1746
---------------- t infer_shape.1754
---------------- t infer_shape.1763
---------------- t infer_shape.1771
---------------- t infer_shape.1793
---------------- t infer_shape.1801
---------------- t infer_shape.1809
---------------- t infer_shape.1824
---------------- t infer_shape.1832
---------------- t infer_shape.1840
---------------- t infer_shape.1848
---------------- t infer_shape.1856
---------------- t infer_shape.1863
---------------- t infer_shape.1889
---------------- t infer_shape.1918
---------------- t infer_shape.1926
---------------- t infer_shape.1934
---------------- t infer_shape.1942
---------------- t infer_shape.1950
---------------- t infer_shape.1958
---------------- t infer_shape.1966
---------------- t infer_shape.1974
---------------- t infer_shape.1982
---------------- t infer_shape.1997
---------------- t infer_shape.2005
---------------- t infer_shape.2013
---------------- t infer_shape.2021
---------------- t infer_shape.2029
---------------- t infer_shape.2038
---------------- t infer_shape.2047
---------------- t infer_shape.2056
---------------- t infer_shape.2064
---------------- t infer_shape.2072
---------------- t infer_shape.2080
---------------- t infer_shape.2088
---------------- t infer_shape.2096
---------------- t infer_shape.2104
---------------- t infer_shape.2119
---------------- t infer_shape.2127
---------------- t infer_shape.2135
---------------- t infer_shape.2143
---------------- t infer_shape.2152
---------------- t infer_shape.2160
---------------- t infer_shape.2168
---------------- t infer_shape.2176
---------------- t infer_shape.2184
---------------- t infer_shape.2192
---------------- t infer_shape.2200
---------------- t infer_shape.2210
---------------- t infer_shape.2218
---------------- t infer_shape.2227
---------------- t infer_shape.2235
---------------- t infer_shape.2243
---------------- t infer_shape.2251
---------------- t infer_shape.2259
---------------- t infer_shape.2268
---------------- t infer_shape.2276
---------------- t infer_shape.2284
---------------- t infer_shape.2292
---------------- t infer_shape.2300
---------------- t infer_shape.2308
---------------- t infer_shape.2316
---------------- T init_attribute
---------------- T init_cluster_mask
---------------- T init_cpu
---------------- T init_cpu_count
---------------- T init_cpu_node_ops_registry
---------------- T init_exec_node
---------------- d init_flag
---------------- d init_h_data
---------------- T init_ir_context
---------------- T init_ir_device
---------------- T init_ir_graph
---------------- T init_ir_subgraph
---------------- T init_ir_tensor
---------------- T init_memory_block
---------------- T init_method_struct
---------------- T init_mutex
---------------- T init_net
---------------- T init_net_context
---------------- t init_node
---------------- t init_node.1000
---------------- t init_node.1010
---------------- t init_node.1021
---------------- t init_node.1031
---------------- t init_node.1042
---------------- t init_node.1052
---------------- t init_node.1062
---------------- t init_node.1070
---------------- t init_node.1080
---------------- t init_node.1091
---------------- t init_node.1101
---------------- t init_node.1110
---------------- t init_node.1120
---------------- t init_node.1130
---------------- t init_node.1139
---------------- t init_node.1148
---------------- t init_node.1158
---------------- t init_node.1182
---------------- t init_node.1192
---------------- t init_node.1202
---------------- t init_node.1213
---------------- t init_node.1221
---------------- t init_node.1231
---------------- t init_node.1243
---------------- t init_node.1253
---------------- t init_node.1263
---------------- t init_node.1273
---------------- t init_node.1284
---------------- t init_node.1295
---------------- t init_node.1305
---------------- t init_node.1313
---------------- t init_node.1321
---------------- t init_node.1329
---------------- t init_node.1338
---------------- t init_node.1347
---------------- t init_node.1357
---------------- t init_node.1367
---------------- t init_node.1378
---------------- t init_node.1387
---------------- t init_node.1396
---------------- t init_node.1405
---------------- t init_node.1415
---------------- t init_node.1426
---------------- t init_node.1433
---------------- t init_node.1441
---------------- t init_node.1457
---------------- t init_node.1496
---------------- t init_node.426
---------------- t init_node.436
---------------- t init_node.448
---------------- t init_node.461
---------------- t init_node.470
---------------- t init_node.480
---------------- t init_node.490
---------------- t init_node.500
---------------- t init_node.510
---------------- t init_node.521
---------------- t init_node.531
---------------- t init_node.540
---------------- t init_node.551
---------------- t init_node.561
---------------- t init_node.573
---------------- t init_node.583
---------------- t init_node.591
---------------- t init_node.601
---------------- t init_node.611
---------------- t init_node.621
---------------- t init_node.635
---------------- t init_node.644
---------------- t init_node.654
---------------- t init_node.664
---------------- t init_node.676
---------------- t init_node.686
---------------- t init_node.696
---------------- t init_node.706
---------------- t init_node.714
---------------- t init_node.723
---------------- t init_node.734
---------------- t init_node.744
---------------- t init_node.754
---------------- t init_node.765
---------------- t init_node.776
---------------- t init_node.787
---------------- t init_node.796
---------------- t init_node.806
---------------- t init_node.817
---------------- t init_node.827
---------------- t init_node.836
---------------- t init_node.845
---------------- t init_node.854
---------------- t init_node.864
---------------- t init_node.874
---------------- t init_node.884
---------------- t init_node.894
---------------- t init_node.904
---------------- t init_node.914
---------------- t init_node.922
---------------- t init_node.930
---------------- t init_node.939
---------------- t init_node.951
---------------- t init_node.963
---------------- t init_node.972
---------------- t init_node.981
---------------- t init_node.991
---------------- T init_online_report_fmt_dat
---------------- t init_op
---------------- t init_op.1509
---------------- t init_op.1515
---------------- t init_op.1523
---------------- t init_op.1531
---------------- t init_op.1539
---------------- t init_op.1547
---------------- t init_op.1555
---------------- t init_op.1563
---------------- t init_op.1570
---------------- t init_op.1578
---------------- t init_op.1586
---------------- t init_op.1594
---------------- t init_op.1604
---------------- t init_op.1611
---------------- t init_op.1620
---------------- t init_op.1628
---------------- t init_op.1637
---------------- t init_op.1645
---------------- t init_op.1653
---------------- t init_op.1662
---------------- t init_op.1669
---------------- t init_op.1678
---------------- t init_op.1686
---------------- t init_op.1694
---------------- t init_op.1702
---------------- t init_op.1710
---------------- t init_op.1719
---------------- t init_op.1727
---------------- t init_op.1735
---------------- t init_op.1743
---------------- t init_op.1751
---------------- t init_op.1760
---------------- t init_op.1768
---------------- t init_op.1776
---------------- t init_op.1783
---------------- t init_op.1790
---------------- t init_op.1798
---------------- t init_op.1806
---------------- t init_op.1814
---------------- t init_op.1821
---------------- t init_op.1829
---------------- t init_op.1837
---------------- t init_op.1845
---------------- t init_op.1853
---------------- t init_op.1861
---------------- t init_op.1868
---------------- t init_op.1874
---------------- t init_op.1880
---------------- t init_op.1886
---------------- t init_op.1894
---------------- t init_op.1901
---------------- t init_op.1908
---------------- t init_op.1915
---------------- t init_op.1923
---------------- t init_op.1931
---------------- t init_op.1939
---------------- t init_op.1947
---------------- t init_op.1955
---------------- t init_op.1963
---------------- t init_op.1971
---------------- t init_op.1979
---------------- t init_op.1987
---------------- t init_op.1994
---------------- t init_op.2002
---------------- t init_op.2010
---------------- t init_op.2018
---------------- t init_op.2026
---------------- t init_op.2035
---------------- t init_op.2044
---------------- t init_op.2052
---------------- t init_op.2061
---------------- t init_op.2069
---------------- t init_op.2077
---------------- t init_op.2085
---------------- t init_op.2093
---------------- t init_op.2101
---------------- t init_op.2109
---------------- t init_op.2116
---------------- t init_op.2124
---------------- t init_op.2132
---------------- t init_op.2140
---------------- t init_op.2149
---------------- t init_op.2157
---------------- t init_op.2165
---------------- t init_op.2173
---------------- t init_op.2181
---------------- t init_op.2189
---------------- t init_op.2197
---------------- t init_op.2207
---------------- t init_op.2215
---------------- t init_op.2224
---------------- t init_op.2232
---------------- t init_op.2240
---------------- t init_op.2248
---------------- t init_op.2256
---------------- t init_op.2265
---------------- t init_op.2273
---------------- t init_op.2281
---------------- t init_op.2289
---------------- t init_op.2297
---------------- t init_op.2305
---------------- t init_op.2313
---------------- T init_op_struct
---------------- T init_post_req
---------------- T init_report_data
---------------- T init_report_mgr
---------------- T init_serializer
---------------- T init_tengine
---------------- T init_tengine_report_mgr
---------------- T init_thread_context
---------------- T init_thread_mutex
---------------- t init_tm2_serializer
---------------- T initialize_op_name_registry
---------------- t input_op_map
---------------- T input_pack4_fp32
---------------- T input_pack4_int8
---------------- t instancenorm_op_map
---------------- d internal_device_registry
---------------- d internal_op_method_registry
---------------- d internal_op_name_registry
---------------- d internal_serializer_registry
---------------- t interp_op_map
                 U ioctl
---------------- T is_connected
---------------- T is_index_in_array
---------------- T is_subgraph_input_tensor
---------------- T is_subgraph_output_tensor
---------------- T is_variable_tensor_in_subgraph
---------------- T join_thread
---------------- d json_data
---------------- T l2_2d_ax0
---------------- T l2_2d_ax1
---------------- T l2_3d_ax0
---------------- T l2_3d_ax1
---------------- T l2_3d_ax2
---------------- T l2_4d_ax0
---------------- T l2_4d_ax1
---------------- T l2_4d_ax2
---------------- T l2_4d_ax3
---------------- t l2normalization_op_map
---------------- t l2pool_op_map
---------------- t layernorm_op_map
---------------- T lcm
                 U ldexp
---------------- T letterbox
---------------- t load_graph
---------------- T load_image_stb
---------------- t load_mem
---------------- t load_model
---------------- T load_tengine_plugin
                 U localtime
---------------- T lock
---------------- T lock_mutex
                 U log
---------------- d log_locker
---------------- T logical_and
---------------- t logical_op_map
---------------- T logical_or
---------------- t logistic_op_map
---------------- t logsoftmax_op_map
---------------- T logsum_2d_ax0
---------------- T logsum_2d_ax1
---------------- T logsum_3d_ax0
---------------- T logsum_3d_ax1
---------------- T logsum_3d_ax2
---------------- T logsum_4d_ax0
---------------- T logsum_4d_ax1
---------------- T logsum_4d_ax2
---------------- T logsum_4d_ax3
---------------- T logsumexp_4d_ax0
---------------- T logsumexp_4d_ax1
---------------- T logsumexp_4d_ax2
---------------- T logsumexp_4d_ax3
---------------- t lrn_op_map
---------------- d lstm_node_ops
---------------- t lstm_op_map
---------------- T main
---------------- T make_empty_image
---------------- T make_image
                 U malloc
---------------- d map_table
---------------- T mark_memory_block_with_tensor
---------------- d matmul_node_ops
---------------- t matmul_op_map
---------------- T max_2d_ax0
---------------- T max_2d_ax1
---------------- T max_3d_ax0
---------------- T max_3d_ax1
---------------- T max_3d_ax2
---------------- T max_4d_ax0
---------------- T max_4d_ax1
---------------- T max_4d_ax2
---------------- T max_4d_ax3
---------------- T max_abs
---------------- t max_op_map
---------------- d maximum_node_ops
---------------- T md5_finish
---------------- T md5_start
---------------- T md5_to_string
---------------- T md5_update
---------------- T mean_2d_ax0
---------------- T mean_2d_ax1
---------------- T mean_3d_ax0
---------------- T mean_3d_ax1
---------------- T mean_3d_ax2
---------------- T mean_4d_ax0
---------------- T mean_4d_ax1
---------------- T mean_4d_ax2
---------------- T mean_4d_ax3
---------------- d mean_node_ops
---------------- t mean_op_map
---------------- t mem_pool_allocate
---------------- t mem_pool_dump
---------------- t mem_pool_free
---------------- t mem_pool_get_backend_mem
---------------- t mem_pool_get_mem_block
---------------- T min_2d_ax0
---------------- T min_2d_ax1
---------------- T min_3d_ax0
---------------- T min_3d_ax1
---------------- T min_3d_ax2
---------------- T min_4d_ax0
---------------- T min_4d_ax1
---------------- T min_4d_ax2
---------------- T min_4d_ax3
---------------- T min_abs
---------------- d minimum_node_ops
---------------- t mish_op_map
---------------- T mkanchor
                 U mkdir
---------------- T multi
---------------- t mvn_op_map
---------------- T net_connect
---------------- T net_connect_timeout
---------------- T net_free
---------------- T net_recv
---------------- T net_recv_timeout
---------------- T net_send
---------------- T net_set_block
---------------- T net_set_nonblock
---------------- T nms_rpn_boxes
---------------- T nms_sorted_bboxes
---------------- t nms_sorted_bboxes.596
---------------- T node_in_list
---------------- T node_in_precision
---------------- t noop_op_map
---------------- d normalize_node_ops
---------------- t normalize_op_map
---------------- t op_map
                 U open
---------------- d open_report_stat
                 U optarg
---------------- t output_stderr
---------------- d pad_node_ops
---------------- t pad_op_map
---------------- D param
---------------- T parse_cpu_param
---------------- T parse_cpuid
---------------- d permute_node_ops
---------------- t permute_op_map
---------------- d plugin_list
---------------- t pooling_op_map
---------------- t postrun
---------------- t postrun.1377
---------------- t postrun.1456
---------------- t postrun.425
---------------- t postrun.435
---------------- t postrun.447
---------------- t postrun.460
---------------- t postrun.572
---------------- t postrun.863
---------------- t postrun.873
---------------- t postrun.883
---------------- t postrun.950
---------------- T postrun_graph
                 U pow
                 U powf
---------------- t prelu_op_map
---------------- t prerun
---------------- t prerun.1008
---------------- t prerun.1019
---------------- t prerun.1060
---------------- t prerun.1078
---------------- t prerun.1089
---------------- t prerun.1099
---------------- t prerun.1128
---------------- t prerun.1137
---------------- t prerun.1156
---------------- t prerun.1180
---------------- t prerun.1200
---------------- t prerun.1211
---------------- t prerun.1261
---------------- t prerun.1271
---------------- t prerun.1282
---------------- t prerun.1293
---------------- t prerun.1303
---------------- t prerun.1355
---------------- t prerun.1365
---------------- t prerun.1375
---------------- t prerun.1424
---------------- t prerun.1453
---------------- t prerun.1493
---------------- t prerun.417
---------------- t prerun.423
---------------- t prerun.433
---------------- t prerun.445
---------------- t prerun.458
---------------- t prerun.478
---------------- t prerun.498
---------------- t prerun.508
---------------- t prerun.519
---------------- t prerun.569
---------------- t prerun.581
---------------- t prerun.599
---------------- t prerun.619
---------------- t prerun.662
---------------- t prerun.673
---------------- t prerun.694
---------------- t prerun.732
---------------- t prerun.785
---------------- t prerun.804
---------------- t prerun.815
---------------- t prerun.825
---------------- t prerun.861
---------------- t prerun.871
---------------- t prerun.881
---------------- t prerun.912
---------------- t prerun.960
---------------- T prerun_exec_graph
---------------- T prerun_graph
---------------- T prerun_graph_multithread
---------------- T print_tensor_data_to_file
---------------- T print_tensor_data_value
---------------- T print_topk
                 U printf
---------------- d priorbox_node_ops
---------------- t priorbox_op_map
---------------- T prod_2d_ax0
---------------- T prod_2d_ax1
---------------- T prod_3d_ax0
---------------- T prod_3d_ax1
---------------- T prod_3d_ax2
---------------- T prod_4d_ax0
---------------- T prod_4d_ax1
---------------- T prod_4d_ax2
---------------- T prod_4d_ax3
---------------- t psroipooling_op_map
                 U pthread_attr_init
                 U pthread_attr_setdetachstate
                 U pthread_create
                 U pthread_join
                 U pthread_mutex_destroy
                 U pthread_mutex_init
                 U pthread_mutex_lock
                 U pthread_mutex_unlock
                 U pthread_mutexattr_init
                 U pthread_mutexattr_settype
---------------- T push_vector_data
                 U puts
---------------- T pxr24_to_fp32
---------------- t quick_sort
---------------- t quick_sort_fp32
                 U rand
---------------- T ratio_enum
                 U read
                 U readlink
                 U realloc
---------------- t reciprocal_op_map
---------------- d reducel2_node_ops
---------------- t reducel2_op_map
---------------- t reduction_op_map
---------------- T ref_batchnorm_fp32
---------------- T ref_batchnorm_uint8
---------------- T ref_bias_fp32
---------------- T ref_ceil_fp32
---------------- T ref_ceil_uint8
---------------- T ref_clip_fp32
---------------- T ref_clip_int8
---------------- T ref_clip_uint8
---------------- T ref_comparison_fp32
---------------- T ref_concat_fp32
---------------- T ref_concat_int8
---------------- T ref_concat_uint8
---------------- T ref_conv_fp16
---------------- T ref_conv_fp32
---------------- T ref_conv_int8
---------------- T ref_conv_uint8
---------------- T ref_depthtospace_fp32
---------------- T ref_depthtospace_int8
---------------- T ref_depthtospace_uint8
---------------- T ref_dpp_fp32
---------------- T ref_dpp_uint8
---------------- t ref_eltwise_fp32
---------------- t ref_eltwise_int8
---------------- t ref_eltwise_uint8
---------------- T ref_elu_fp32
---------------- T ref_elu_uint8
---------------- T ref_embed_fp32
---------------- T ref_expand_fp32
---------------- T ref_gelu_fp32
---------------- T ref_gelu_uint8
---------------- T ref_gru_case1_fp32
---------------- T ref_gru_default_fp32
---------------- T ref_gru_with_bias_fp32
---------------- T ref_hardsigmoid_fp32
---------------- T ref_hardsigmoid_uint8
---------------- T ref_hardswish_fp32
---------------- T ref_hardswish_uint8
---------------- T ref_instancenorm_fp32
---------------- T ref_instancenorm_uint8
---------------- T ref_interp_fp32
---------------- T ref_interp_int8
---------------- T ref_interp_uint8
---------------- T ref_l2normalization_fp32
---------------- T ref_l2normalization_uint8
---------------- T ref_l2pool_fp32
---------------- T ref_lstm_default_fp32
---------------- T ref_lstm_with_bias_bidirection_fp32
---------------- T ref_lstm_with_bias_case1_fp32
---------------- T ref_lstm_with_bias_fp32
---------------- T ref_lstm_with_peepholes_fp32
---------------- T ref_mish_fp32
---------------- T ref_mish_uint8
---------------- T ref_mvn_fp32
---------------- d ref_node_ops
---------------- T ref_pooling_fp16
---------------- T ref_pooling_fp32
---------------- T ref_pooling_int8
---------------- T ref_pooling_uint8
---------------- T ref_proposal_local_anchor
---------------- T ref_reciprocal_fp32
---------------- t ref_reduce_fp32
---------------- T ref_relu1_fp32
---------------- T ref_relu6_fp32
---------------- T ref_relu6_uint8
---------------- T ref_relu_fp16
---------------- T ref_relu_fp32
---------------- T ref_relu_int8
---------------- T ref_relu_uint8
---------------- T ref_reverse_fp32
---------------- T ref_reverse_uint8
---------------- T ref_round_fp32
---------------- T ref_rpn_fp32
---------------- T ref_scale_fp32
---------------- T ref_selu_fp32
---------------- T ref_selu_uint8
---------------- T ref_shuffle_channel_fp32
---------------- T ref_shuffle_channel_int8
---------------- T ref_shuffle_channel_uint8
---------------- T ref_sigmoid_fp32
---------------- T ref_sigmoid_int8
---------------- T ref_sigmoid_uint8
---------------- t ref_slice_common
---------------- T ref_softmax_fp32
---------------- T ref_softmax_int8
---------------- T ref_softmax_uint8
---------------- T ref_softplus_fp32
---------------- T ref_spacetodepth_fp32
---------------- T ref_spacetodepth_uint8
---------------- T ref_sparsetodense_fp32
---------------- T ref_spatialtransformer_fp32
---------------- T ref_spatialtransformer_uint8
---------------- T ref_split_fp32
---------------- T ref_split_int8
---------------- T ref_split_uint8
---------------- T ref_squareddifference_fp32
---------------- T ref_squareddifference_uint8
---------------- T ref_squeeze_fp32
---------------- T ref_squeeze_uint8
---------------- T ref_strided_slice_fp32
---------------- T ref_strided_slice_uint8
---------------- T ref_tanh_fp32
---------------- T ref_tanh_uint8
---------------- T ref_threshold_fp32
---------------- T ref_threshold_uint8
---------------- T ref_unary_fp32
---------------- T ref_unary_uint8
---------------- T ref_unsqueeze_fp32
---------------- T ref_unsqueeze_uint8
---------------- T ref_zeroslike_fp32
---------------- T ref_zeroslike_uint8
---------------- t region_op_map
---------------- T register_absval_op
---------------- T register_absval_ref_op
---------------- T register_add_n_op
---------------- T register_add_n_ref_op
---------------- T register_all_cpu_ops
---------------- T register_all_devices
---------------- T register_all_op_prototype
---------------- T register_all_serializer
---------------- T register_all_tm2_ops
---------------- T register_argmax_op
---------------- T register_argmax_ref_op
---------------- T register_argmin_op
---------------- T register_argmin_ref_op
---------------- T register_batchnorm_op
---------------- T register_batchnorm_ref_op
---------------- T register_batchtospacend_op
---------------- T register_batchtospacend_ref_op
---------------- T register_bias_op
---------------- T register_bias_ref_op
---------------- T register_broadmul_op
---------------- T register_broadmul_ref_op
---------------- T register_builtin_node_ops
---------------- T register_cast_op
---------------- T register_cast_ref_op
---------------- T register_ceil_op
---------------- T register_ceil_ref_op
---------------- T register_clip_op
---------------- T register_clip_ref_op
---------------- T register_comparison_op
---------------- T register_comparison_ref_op
---------------- T register_concat_op
---------------- T register_concat_ref_op
---------------- T register_const_op
---------------- T register_conv_direct_hcl_int8_x86_op
---------------- T register_conv_dw_hcl_x86_op
---------------- T register_conv_hcl_x86_op
---------------- T register_conv_ref_op
---------------- T register_convolution_op
---------------- T register_cpu_device
---------------- T register_crop_op
---------------- T register_crop_ref_op
---------------- T register_custom_node_ops
---------------- T register_deconv_ref_op
---------------- T register_deconvolution_op
---------------- T register_depthtospace_op
---------------- T register_depthtospace_ref_op
---------------- T register_detection_output_op
---------------- T register_detection_output_ref_op
---------------- T register_detection_postprocess_op
---------------- T register_detection_postprocess_ref_op
---------------- T register_device
---------------- T register_dropout_op
---------------- T register_dropout_ref_op
---------------- T register_eltwise_op
---------------- T register_eltwise_ref_op
---------------- T register_elu_op
---------------- T register_elu_ref_op
---------------- T register_embedding_op
---------------- T register_embedding_ref_op
---------------- T register_expand_op
---------------- T register_expand_ref_op
---------------- T register_expanddims_op
---------------- T register_expanddims_ref_op
---------------- T register_fc_hcl_x86_op
---------------- T register_fc_op
---------------- T register_fc_ref_op
---------------- T register_flatten_op
---------------- T register_flatten_ref_op
---------------- T register_gather_op
---------------- T register_gather_ref_op
---------------- T register_gelu_op
---------------- T register_gelu_ref_op
---------------- T register_gemm_op
---------------- T register_generic_op
---------------- T register_gru_op
---------------- T register_gru_ref_op
---------------- T register_hardsigmoid_op
---------------- T register_hardsigmoid_ref_op
---------------- T register_hardswish_op
---------------- T register_hardswish_ref_op
---------------- T register_input_op
---------------- T register_input_ref_op
---------------- T register_instancenorm_op
---------------- T register_instancenorm_ref_op
---------------- T register_interp_op
---------------- T register_interp_ref_op
---------------- T register_l2normalization_op
---------------- T register_l2normalization_ref_op
---------------- T register_l2pool_op
---------------- T register_l2pool_ref_op
---------------- T register_layernorm_op
---------------- T register_layernorm_ref_op
---------------- T register_logical_op
---------------- T register_logical_ref_op
---------------- T register_logistic_ref_op
---------------- T register_logsoftmax_op
---------------- T register_logsoftmax_ref_op
---------------- T register_lrn_op
---------------- T register_lrn_ref_op
---------------- T register_lstm_op
---------------- T register_lstm_ref_op
---------------- T register_matmul_op
---------------- T register_matmul_ref_op
---------------- T register_maximum_op
---------------- T register_maximum_ref_op
---------------- T register_mean_op
---------------- T register_mean_ref_op
---------------- T register_minimum_op
---------------- T register_minimum_ref_op
---------------- T register_mish_op
---------------- T register_mish_ref_op
---------------- T register_mvn_op
---------------- T register_mvn_ref_op
---------------- T register_noop_op
---------------- T register_noop_ref_op
---------------- T register_normalize_op
---------------- T register_normalize_ref_op
---------------- T register_op
---------------- t register_op_loader
---------------- T register_op_name
---------------- T register_pad_op
---------------- T register_pad_ref_op
---------------- T register_permute_op
---------------- T register_permute_ref_op
---------------- T register_pooling_op
---------------- T register_pooling_ref_op
---------------- T register_prelu_op
---------------- T register_prelu_ref_op
---------------- T register_priorbox_op
---------------- T register_priorbox_ref_op
---------------- T register_psroipooling_op
---------------- T register_psroipooling_ref_op
---------------- T register_reciprocal_op
---------------- T register_reciprocal_ref_op
---------------- T register_reducel2_op
---------------- T register_reducel2_ref_op
---------------- T register_reduction_op
---------------- T register_reduction_ref_op
---------------- T register_region_op
---------------- T register_region_ref_op
---------------- T register_relu1_op
---------------- T register_relu1_ref_op
---------------- T register_relu6_op
---------------- T register_relu6_ref_op
---------------- T register_relu_op
---------------- T register_relu_ref_op
---------------- T register_reorg_op
---------------- T register_reorg_ref_op
---------------- T register_reshape_op
---------------- T register_reshape_ref_op
---------------- T register_resize_op
---------------- T register_resize_ref_op
---------------- T register_reverse_op
---------------- T register_reverse_ref_op
---------------- T register_rnn_op
---------------- T register_rnn_ref_op
---------------- T register_roialign_op
---------------- T register_roialign_ref_op
---------------- T register_roipooling_op
---------------- T register_roipooling_ref_op
---------------- T register_round_op
---------------- T register_round_ref_op
---------------- T register_rpn_op
---------------- T register_rpn_ref_op
---------------- T register_scale_op
---------------- T register_scale_ref_op
---------------- T register_scatter_op
---------------- T register_scatter_ref_op
---------------- T register_selu_op
---------------- T register_selu_ref_op
---------------- T register_serializer
---------------- T register_shape_op
---------------- T register_shape_ref_op
---------------- T register_shuffle_channel_op
---------------- T register_shuffle_channel_ref_op
---------------- T register_sigmoid_op
---------------- T register_sigmoid_ref_op
---------------- T register_slice_op
---------------- T register_slice_ref_op
---------------- T register_softmax_op
---------------- T register_softmax_ref_op
---------------- T register_softplus_op
---------------- T register_softplus_ref_op
---------------- T register_spacetobatchnd_op
---------------- T register_spacetobatchnd_ref_op
---------------- T register_spacetodepth_op
---------------- T register_spacetodepth_ref_op
---------------- T register_sparsetodense_op
---------------- T register_sparsetodense_ref_op
---------------- T register_spatialtransformer_op
---------------- T register_spatialtransformer_ref_op
---------------- T register_split_op
---------------- T register_split_ref_op
---------------- T register_squareddifference_op
---------------- T register_squareddifference_ref_op
---------------- T register_squeeze_op
---------------- T register_squeeze_ref_op
---------------- T register_strided_slice_op
---------------- T register_strided_slice_ref_op
---------------- T register_swap_axis_op
---------------- T register_swap_axis_ref_op
---------------- T register_tanh_op
---------------- T register_tanh_ref_op
---------------- T register_threshold_op
---------------- T register_threshold_ref_op
---------------- T register_tile_op
---------------- T register_tile_ref_op
---------------- T register_tm2_add_n_op
---------------- T register_tm2_argmax_op
---------------- T register_tm2_argmin_op
---------------- T register_tm2_batchnorm_op
---------------- T register_tm2_batchtospacend_op
---------------- T register_tm2_bias_op
---------------- T register_tm2_broadmul_op
---------------- T register_tm2_cast_op
---------------- T register_tm2_ceil_op
---------------- T register_tm2_clip_op
---------------- T register_tm2_comparison_op
---------------- T register_tm2_concat_op
---------------- T register_tm2_conv_op
---------------- T register_tm2_crop_op
---------------- T register_tm2_deconv_op
---------------- T register_tm2_depthtospace_op
---------------- T register_tm2_detection_output_op
---------------- T register_tm2_detection_postprocess_op
---------------- T register_tm2_dropout_op
---------------- T register_tm2_eltwise_op
---------------- T register_tm2_elu_op
---------------- T register_tm2_embedding_op
---------------- T register_tm2_expand_op
---------------- T register_tm2_expanddims_op
---------------- T register_tm2_fc_op
---------------- T register_tm2_flatten_op
---------------- T register_tm2_gather_op
---------------- T register_tm2_gelu_op
---------------- T register_tm2_gemm_op
---------------- T register_tm2_generic_op
---------------- T register_tm2_gru_op
---------------- T register_tm2_hardsigmoid_op
---------------- T register_tm2_hardswish_op
---------------- T register_tm2_instancenorm_op
---------------- T register_tm2_interp_op
---------------- T register_tm2_l2normalization_op
---------------- T register_tm2_l2pool_op
---------------- T register_tm2_layernorm_op
---------------- T register_tm2_logical_op
---------------- T register_tm2_logistic_op
---------------- T register_tm2_logsoftmax_op
---------------- T register_tm2_lrn_op
---------------- T register_tm2_lstm_op
---------------- T register_tm2_matmul_op
---------------- T register_tm2_maximum_op
---------------- T register_tm2_mean_op
---------------- T register_tm2_mish_op
---------------- T register_tm2_mvn_op
---------------- T register_tm2_noop_op
---------------- T register_tm2_normalize_op
---------------- T register_tm2_pad_op
---------------- T register_tm2_permute_op
---------------- T register_tm2_pool_op
---------------- T register_tm2_prelu_op
---------------- T register_tm2_priorbox_op
---------------- T register_tm2_psroipooling_op
---------------- T register_tm2_reciprocal_op
---------------- T register_tm2_reducel2_op
---------------- T register_tm2_reduction_op
---------------- T register_tm2_region_op
---------------- T register_tm2_relu1_op
---------------- T register_tm2_relu6_op
---------------- T register_tm2_relu_op
---------------- T register_tm2_reorg_op
---------------- T register_tm2_reshape_op
---------------- T register_tm2_resize_op
---------------- T register_tm2_reverse_op
---------------- T register_tm2_rnn_op
---------------- T register_tm2_roialign_op
---------------- T register_tm2_roipooling_op
---------------- T register_tm2_round_op
---------------- T register_tm2_rpn_op
---------------- T register_tm2_scale_op
---------------- T register_tm2_scatter_op
---------------- T register_tm2_selu_op
---------------- T register_tm2_serializer
---------------- T register_tm2_shape_op
---------------- T register_tm2_shuffle_channel_op
---------------- T register_tm2_sigmoid_op
---------------- T register_tm2_slice_op
---------------- T register_tm2_softmax_op
---------------- T register_tm2_softplus_op
---------------- T register_tm2_spacetobatchnd_op
---------------- T register_tm2_spacetodepth_op
---------------- T register_tm2_sparsetodense_op
---------------- T register_tm2_spatialtransformer_op
---------------- T register_tm2_split_op
---------------- T register_tm2_squareddifference_op
---------------- T register_tm2_squeeze_op
---------------- T register_tm2_strided_slice_op
---------------- T register_tm2_swap_axis_op
---------------- T register_tm2_tanh_op
---------------- T register_tm2_threshold_op
---------------- T register_tm2_tile_op
---------------- T register_tm2_topkv2_op
---------------- T register_tm2_transpose_op
---------------- T register_tm2_unary_op
---------------- T register_tm2_unsqueeze_op
---------------- T register_tm2_upsample_op
---------------- T register_tm2_where_op
---------------- T register_tm2_zeroslike_op
---------------- T register_topkv2_op
---------------- T register_topkv2_ref_op
---------------- T register_transpose_op
---------------- T register_transpose_ref_op
---------------- T register_unary_op
---------------- T register_unary_ref_op
---------------- T register_unsqueeze_op
---------------- T register_unsqueeze_ref_op
---------------- T register_upsample_op
---------------- T register_upsample_ref_op
---------------- T register_where_op
---------------- T register_where_ref_op
---------------- T register_zeroslike_op
---------------- T register_zeroslike_ref_op
---------------- T release_cpu
---------------- T release_cpu_node_ops_registry
---------------- T release_device_mem
---------------- T release_device_registry
---------------- T release_exec_graph
---------------- T release_exec_node
---------------- T release_graph_node
---------------- T release_graph_tensor
---------------- T release_ir_subgraph
---------------- T release_mem_pool
---------------- t release_node
---------------- t release_node.1001
---------------- t release_node.1011
---------------- t release_node.1022
---------------- t release_node.1032
---------------- t release_node.1043
---------------- t release_node.1053
---------------- t release_node.1063
---------------- t release_node.1071
---------------- t release_node.1081
---------------- t release_node.1092
---------------- t release_node.1102
---------------- t release_node.1111
---------------- t release_node.1121
---------------- t release_node.1131
---------------- t release_node.1140
---------------- t release_node.1149
---------------- t release_node.1159
---------------- t release_node.1183
---------------- t release_node.1193
---------------- t release_node.1203
---------------- t release_node.1214
---------------- t release_node.1222
---------------- t release_node.1232
---------------- t release_node.1244
---------------- t release_node.1254
---------------- t release_node.1264
---------------- t release_node.1274
---------------- t release_node.1285
---------------- t release_node.1296
---------------- t release_node.1306
---------------- t release_node.1314
---------------- t release_node.1322
---------------- t release_node.1330
---------------- t release_node.1339
---------------- t release_node.1348
---------------- t release_node.1358
---------------- t release_node.1368
---------------- t release_node.1379
---------------- t release_node.1388
---------------- t release_node.1397
---------------- t release_node.1406
---------------- t release_node.1416
---------------- t release_node.1427
---------------- t release_node.1434
---------------- t release_node.1442
---------------- t release_node.1458
---------------- t release_node.1497
---------------- t release_node.427
---------------- t release_node.437
---------------- t release_node.449
---------------- t release_node.462
---------------- t release_node.471
---------------- t release_node.481
---------------- t release_node.491
---------------- t release_node.501
---------------- t release_node.511
---------------- t release_node.522
---------------- t release_node.532
---------------- t release_node.541
---------------- t release_node.552
---------------- t release_node.562
---------------- t release_node.574
---------------- t release_node.584
---------------- t release_node.592
---------------- t release_node.602
---------------- t release_node.612
---------------- t release_node.622
---------------- t release_node.636
---------------- t release_node.645
---------------- t release_node.655
---------------- t release_node.665
---------------- t release_node.677
---------------- t release_node.687
---------------- t release_node.697
---------------- t release_node.707
---------------- t release_node.715
---------------- t release_node.724
---------------- t release_node.735
---------------- t release_node.745
---------------- t release_node.755
---------------- t release_node.766
---------------- t release_node.777
---------------- t release_node.788
---------------- t release_node.797
---------------- t release_node.807
---------------- t release_node.818
---------------- t release_node.828
---------------- t release_node.837
---------------- t release_node.846
---------------- t release_node.855
---------------- t release_node.865
---------------- t release_node.875
---------------- t release_node.885
---------------- t release_node.895
---------------- t release_node.905
---------------- t release_node.915
---------------- t release_node.923
---------------- t release_node.931
---------------- t release_node.940
---------------- t release_node.952
---------------- t release_node.964
---------------- t release_node.973
---------------- t release_node.982
---------------- t release_node.992
---------------- T release_online_report_fmt_dat
---------------- t release_op
---------------- t release_op.1516
---------------- t release_op.1524
---------------- t release_op.1532
---------------- t release_op.1540
---------------- t release_op.1548
---------------- t release_op.1556
---------------- t release_op.1564
---------------- t release_op.1571
---------------- t release_op.1579
---------------- t release_op.1587
---------------- t release_op.1595
---------------- t release_op.1605
---------------- t release_op.1612
---------------- t release_op.1621
---------------- t release_op.1629
---------------- t release_op.1638
---------------- t release_op.1646
---------------- t release_op.1654
---------------- t release_op.1663
---------------- t release_op.1670
---------------- t release_op.1679
---------------- t release_op.1687
---------------- t release_op.1695
---------------- t release_op.1703
---------------- t release_op.1711
---------------- t release_op.1720
---------------- t release_op.1728
---------------- t release_op.1736
---------------- t release_op.1744
---------------- t release_op.1752
---------------- t release_op.1761
---------------- t release_op.1769
---------------- t release_op.1777
---------------- t release_op.1784
---------------- t release_op.1791
---------------- t release_op.1799
---------------- t release_op.1807
---------------- t release_op.1815
---------------- t release_op.1822
---------------- t release_op.1830
---------------- t release_op.1838
---------------- t release_op.1846
---------------- t release_op.1854
---------------- t release_op.1887
---------------- t release_op.1895
---------------- t release_op.1902
---------------- t release_op.1909
---------------- t release_op.1916
---------------- t release_op.1924
---------------- t release_op.1932
---------------- t release_op.1940
---------------- t release_op.1948
---------------- t release_op.1956
---------------- t release_op.1964
---------------- t release_op.1972
---------------- t release_op.1980
---------------- t release_op.1988
---------------- t release_op.1995
---------------- t release_op.2003
---------------- t release_op.2011
---------------- t release_op.2019
---------------- t release_op.2027
---------------- t release_op.2036
---------------- t release_op.2045
---------------- t release_op.2053
---------------- t release_op.2062
---------------- t release_op.2070
---------------- t release_op.2078
---------------- t release_op.2086
---------------- t release_op.2094
---------------- t release_op.2102
---------------- t release_op.2110
---------------- t release_op.2117
---------------- t release_op.2125
---------------- t release_op.2133
---------------- t release_op.2141
---------------- t release_op.2150
---------------- t release_op.2158
---------------- t release_op.2166
---------------- t release_op.2174
---------------- t release_op.2182
---------------- t release_op.2190
---------------- t release_op.2198
---------------- t release_op.2208
---------------- t release_op.2216
---------------- t release_op.2225
---------------- t release_op.2233
---------------- t release_op.2241
---------------- t release_op.2249
---------------- t release_op.2257
---------------- t release_op.2266
---------------- t release_op.2274
---------------- t release_op.2282
---------------- t release_op.2290
---------------- t release_op.2298
---------------- t release_op.2306
---------------- t release_op.2314
---------------- T release_op_name_registry
---------------- T release_op_registry
---------------- T release_report_data
---------------- T release_serializer_registry
---------------- T release_tengine
---------------- T release_tengine_report_mgr
---------------- t release_tm2_serializer
---------------- T release_vector
---------------- t relu1_op_map
---------------- t relu6_op_map
---------------- t relu_op_map
---------------- T remove_context_device
---------------- T remove_custom_kernel
---------------- T remove_timer
---------------- T remove_vector_via_index
---------------- T remove_vector_via_pointer
---------------- t reorg_op_map
---------------- T replace_string_character
---------------- T report_fmt_data_2_json
---------------- T report_fmt_data_2_url_keyval_string
---------------- D report_mgr_context
---------------- T request_tengine_version
---------------- t resample_row_1
---------------- t reshape
---------------- t reshape.1030
---------------- t reshape.1041
---------------- t reshape.1051
---------------- t reshape.1119
---------------- t reshape.1191
---------------- t reshape.1230
---------------- t reshape.1242
---------------- t reshape.1414
---------------- t reshape.1455
---------------- t reshape.1495
---------------- t reshape.550
---------------- t reshape.571
---------------- t reshape.675
---------------- t reshape.705
---------------- t reshape.775
---------------- t reshape.844
---------------- t reshape.893
---------------- t reshape.949
---------------- t reshape.962
---------------- t reshape.990
---------------- t reshape_node
---------------- d reshape_node_ops
---------------- t reshape_op_map
---------------- T resize_bilinear_image
---------------- T resize_image
---------------- t resize_op_map
---------------- T resize_vector
---------------- t reverse_op_map
---------------- T rgb2bgr_permute
---------------- T rgb2gray
---------------- t rnn_op_map
---------------- t roi_pooling_op_map
---------------- t roialign_op_map
---------------- t round_op_map
---------------- d rpn_node_ops
---------------- t rpn_op_map
---------------- t run
---------------- t run.1009
---------------- t run.1020
---------------- t run.1029
---------------- t run.1040
---------------- t run.1050
---------------- t run.1061
---------------- t run.1069
---------------- t run.1079
---------------- t run.1090
---------------- t run.1100
---------------- t run.1109
---------------- t run.1118
---------------- t run.1129
---------------- t run.1138
---------------- t run.1147
---------------- t run.1157
---------------- t run.1181
---------------- t run.1190
---------------- t run.1201
---------------- t run.1212
---------------- t run.1220
---------------- t run.1229
---------------- t run.1241
---------------- t run.1252
---------------- t run.1262
---------------- t run.1272
---------------- t run.1283
---------------- t run.1294
---------------- t run.1304
---------------- t run.1312
---------------- t run.1320
---------------- t run.1328
---------------- t run.1337
---------------- t run.1346
---------------- t run.1356
---------------- t run.1366
---------------- t run.1376
---------------- t run.1386
---------------- t run.1395
---------------- t run.1404
---------------- t run.1413
---------------- t run.1425
---------------- t run.1432
---------------- t run.1440
---------------- t run.1454
---------------- t run.1494
---------------- t run.418
---------------- t run.424
---------------- t run.434
---------------- t run.446
---------------- t run.459
---------------- t run.469
---------------- t run.479
---------------- t run.489
---------------- t run.499
---------------- t run.509
---------------- t run.520
---------------- t run.530
---------------- t run.539
---------------- t run.549
---------------- t run.560
---------------- t run.570
---------------- t run.582
---------------- t run.590
---------------- t run.600
---------------- t run.610
---------------- t run.620
---------------- t run.634
---------------- t run.643
---------------- t run.653
---------------- t run.663
---------------- t run.674
---------------- t run.685
---------------- t run.695
---------------- t run.704
---------------- t run.713
---------------- t run.722
---------------- t run.733
---------------- t run.743
---------------- t run.753
---------------- t run.764
---------------- t run.774
---------------- t run.786
---------------- t run.795
---------------- t run.805
---------------- t run.816
---------------- t run.826
---------------- t run.835
---------------- t run.843
---------------- t run.853
---------------- t run.862
---------------- t run.872
---------------- t run.882
---------------- t run.892
---------------- t run.903
---------------- t run.913
---------------- t run.921
---------------- t run.929
---------------- t run.938
---------------- t run.948
---------------- t run.961
---------------- t run.971
---------------- t run.980
---------------- t run.989
---------------- t run.999
---------------- T run_graph
---------------- T run_l2pool
---------------- T save_image
---------------- T scale_enum
---------------- t scale_op_map
---------------- t scatter_op_map
---------------- t sched_postrun
---------------- t sched_prerun
---------------- t sched_run
---------------- t sched_wait
---------------- t score
---------------- t score.1002
---------------- t score.1012
---------------- t score.1023
---------------- t score.1033
---------------- t score.1044
---------------- t score.1054
---------------- t score.1064
---------------- t score.1072
---------------- t score.1082
---------------- t score.1093
---------------- t score.1103
---------------- t score.1112
---------------- t score.1122
---------------- t score.1132
---------------- t score.1141
---------------- t score.1150
---------------- t score.1160
---------------- t score.1184
---------------- t score.1194
---------------- t score.1204
---------------- t score.1215
---------------- t score.1223
---------------- t score.1233
---------------- t score.1245
---------------- t score.1255
---------------- t score.1265
---------------- t score.1275
---------------- t score.1286
---------------- t score.1297
---------------- t score.1307
---------------- t score.1315
---------------- t score.1323
---------------- t score.1331
---------------- t score.1340
---------------- t score.1349
---------------- t score.1359
---------------- t score.1369
---------------- t score.1380
---------------- t score.1389
---------------- t score.1398
---------------- t score.1407
---------------- t score.1417
---------------- t score.1428
---------------- t score.1435
---------------- t score.1443
---------------- t score.1459
---------------- t score.1498
---------------- t score.428
---------------- t score.438
---------------- t score.450
---------------- t score.463
---------------- t score.472
---------------- t score.482
---------------- t score.492
---------------- t score.502
---------------- t score.512
---------------- t score.523
---------------- t score.533
---------------- t score.542
---------------- t score.553
---------------- t score.563
---------------- t score.575
---------------- t score.585
---------------- t score.593
---------------- t score.603
---------------- t score.613
---------------- t score.623
---------------- t score.637
---------------- t score.646
---------------- t score.656
---------------- t score.666
---------------- t score.678
---------------- t score.688
---------------- t score.698
---------------- t score.708
---------------- t score.716
---------------- t score.725
---------------- t score.736
---------------- t score.746
---------------- t score.756
---------------- t score.767
---------------- t score.778
---------------- t score.789
---------------- t score.798
---------------- t score.808
---------------- t score.819
---------------- t score.829
---------------- t score.838
---------------- t score.847
---------------- t score.856
---------------- t score.866
---------------- t score.876
---------------- t score.886
---------------- t score.896
---------------- t score.906
---------------- t score.916
---------------- t score.924
---------------- t score.932
---------------- t score.941
---------------- t score.953
---------------- t score.965
---------------- t score.974
---------------- t score.983
---------------- t score.993
                 U select
---------------- t selu_op_map
---------------- T set_context_attr
---------------- T set_context_device
---------------- T set_cpu_affine
---------------- T set_custom_kernel
---------------- T set_data
---------------- T set_default_device
---------------- T set_graph_attr
---------------- T set_graph_device
---------------- T set_graph_input_node
---------------- T set_graph_layout
---------------- T set_graph_output_node
---------------- T set_graph_thread
---------------- T set_graph_thread_mask
---------------- T set_ir_graph_input_node
---------------- T set_ir_graph_output_node
---------------- T set_ir_node_input_tensor
---------------- T set_ir_node_output_tensor
---------------- T set_ir_tensor_consumer
---------------- T set_ir_tensor_quantization_parameter
---------------- T set_ir_tensor_shape
---------------- T set_log_level
---------------- T set_log_output
---------------- T set_node_attr_float
---------------- T set_node_attr_generic
---------------- T set_node_attr_int
---------------- T set_node_attr_pointer
---------------- T set_node_input_tensor
---------------- T set_node_output_tensor
---------------- t set_output_func
---------------- T set_report_status
---------------- T set_tengine_report_stat
---------------- T set_tensor_buffer
---------------- T set_tensor_data
---------------- T set_tensor_data_type
---------------- T set_tensor_layout
---------------- T set_tensor_quant_param
---------------- T set_tensor_shape
---------------- T set_vector_data
                 U setsockopt
---------------- t sgemm_fp
---------------- t shape_op_map
---------------- T show_usage
---------------- t shuffle_channel_op_map
                 U shutdown
---------------- d sigmoid_node_ops
---------------- t sigmoid_op_map
                 U signal
                 U sin
---------------- d slice_node_ops
---------------- t slice_op_map
                 U snprintf
                 U socket
---------------- t softmax_op_map
---------------- t softplus_op_map
---------------- t sort_cls_score
---------------- T sort_rpn_boxes_by_score
---------------- t spacetobatchnd_op_map
---------------- t spacetodepth_op_map
---------------- t sparsetodense_op_map
---------------- t spatialtransformer_op_map
---------------- T split_graph_node_to_sub_graph
---------------- t split_op_map
                 U sprintf
                 U sqrt
                 U sqrtf
---------------- T sqsum_2d_ax0
---------------- T sqsum_2d_ax1
---------------- T sqsum_3d_ax0
---------------- T sqsum_3d_ax1
---------------- T sqsum_3d_ax2
---------------- T sqsum_4d_ax0
---------------- T sqsum_4d_ax1
---------------- T sqsum_4d_ax2
---------------- T sqsum_4d_ax3
---------------- t squareddifference_op_map
---------------- d squeeze_node_ops
---------------- t squeeze_op_map
                 U srand
---------------- T start_thread
                 U stat
---------------- t stbi__YCbCr_to_RGB_simd
---------------- t stbi__at_eof
---------------- d stbi__bmask
---------------- t stbi__bmp_parse_header
---------------- t stbi__build_huffman
---------------- d stbi__check_png_header.png_sig
---------------- d stbi__compute_huffman_codes.length_dezigzag
---------------- t stbi__compute_transparency
---------------- t stbi__compute_transparency16
---------------- t stbi__convert_format
---------------- t stbi__convert_format16
---------------- t stbi__create_png_image_raw
---------------- t stbi__de_iphone
---------------- d stbi__de_iphone_flag
---------------- t stbi__decode_jpeg_header
---------------- d stbi__depth_scale_table
---------------- t stbi__do_zlib
---------------- D stbi__flip_vertically_on_write
---------------- t stbi__free_jpeg_components
---------------- d stbi__g_failure_reason
---------------- t stbi__get16be
---------------- t stbi__get32be
---------------- t stbi__get32le
---------------- t stbi__get8
---------------- t stbi__getn
---------------- t stbi__gif_header
---------------- t stbi__gif_load_next
---------------- t stbi__gif_parse_colortable
---------------- t stbi__gif_test
---------------- d stbi__h2l_gamma_i
---------------- d stbi__h2l_scale_i
---------------- t stbi__hdr_convert
---------------- t stbi__hdr_gettoken
---------------- t stbi__hdr_info
---------------- t stbi__hdr_load
---------------- t stbi__hdr_test
---------------- t stbi__hdr_to_ldr
---------------- t stbi__idct_simd
---------------- t stbi__info_main
---------------- t stbi__is_16_main
---------------- d stbi__jbias
---------------- t stbi__jpeg_decode_block
---------------- t stbi__jpeg_decode_block_prog_dc
---------------- d stbi__jpeg_dezigzag
---------------- t stbi__jpeg_huff_decode
---------------- d stbi__l2h_gamma
---------------- d stbi__l2h_scale
---------------- t stbi__load_and_postprocess_16bit
---------------- t stbi__load_and_postprocess_8bit
---------------- t stbi__load_main
---------------- t stbi__loadf_main
---------------- t stbi__mad3sizes_valid
---------------- t stbi__malloc_mad3
---------------- t stbi__out_gif_code
---------------- t stbi__parse_png_file
---------------- d stbi__parse_png_file.invalid_chunk
---------------- t stbi__pic_info
---------------- t stbi__pic_is4
---------------- t stbi__pic_load
---------------- t stbi__pic_test
---------------- t stbi__pnm_info
---------------- t stbi__pnm_load
---------------- t stbi__pnm_skip_whitespace
---------------- t stbi__pnm_test
---------------- t stbi__process_frame_header
---------------- d stbi__process_frame_header.rgb
---------------- t stbi__process_marker
---------------- d stbi__process_marker.tag
---------------- d stbi__process_marker.tag.36
---------------- t stbi__psd_info
---------------- t stbi__psd_load
---------------- t stbi__resample_row_generic
---------------- t stbi__resample_row_h_2
---------------- t stbi__resample_row_hv_2_simd
---------------- t stbi__resample_row_v_2
---------------- d stbi__shiftsigned.mul_table
---------------- d stbi__shiftsigned.shift_table
---------------- t stbi__skip
---------------- d stbi__stdio_callbacks
---------------- t stbi__stdio_eof
---------------- t stbi__stdio_read
---------------- t stbi__stdio_skip
---------------- t stbi__stdio_write
---------------- t stbi__tga_info
---------------- t stbi__tga_load
---------------- t stbi__tga_read_rgb16
---------------- t stbi__tga_test
---------------- d stbi__unpremultiply_on_load
---------------- d stbi__vertically_flip_on_load
---------------- t stbi__zbuild_huffman
---------------- d stbi__zdefault_distance
---------------- d stbi__zdefault_length
---------------- d stbi__zdist_base
---------------- d stbi__zdist_extra
---------------- t stbi__zhuffman_decode
---------------- d stbi__zlength_base
---------------- d stbi__zlength_extra
---------------- T stbi_convert_iphone_png_to_rgb
---------------- T stbi_failure_reason
---------------- T stbi_flip_vertically_on_write
---------------- T stbi_hdr_to_ldr_gamma
---------------- T stbi_hdr_to_ldr_scale
---------------- T stbi_image_free
---------------- T stbi_info
---------------- T stbi_info_from_callbacks
---------------- T stbi_info_from_file
---------------- T stbi_info_from_memory
---------------- T stbi_is_16_bit
---------------- T stbi_is_16_bit_from_callbacks
---------------- T stbi_is_16_bit_from_file
---------------- T stbi_is_16_bit_from_memory
---------------- T stbi_is_hdr
---------------- T stbi_is_hdr_from_callbacks
---------------- T stbi_is_hdr_from_file
---------------- T stbi_is_hdr_from_memory
---------------- T stbi_ldr_to_hdr_gamma
---------------- T stbi_ldr_to_hdr_scale
---------------- T stbi_load
---------------- T stbi_load_16
---------------- T stbi_load_16_from_callbacks
---------------- T stbi_load_16_from_memory
---------------- T stbi_load_from_callbacks
---------------- T stbi_load_from_file
---------------- T stbi_load_from_file_16
---------------- T stbi_load_from_memory
---------------- T stbi_load_gif_from_memory
---------------- T stbi_loadf
---------------- T stbi_loadf_from_callbacks
---------------- T stbi_loadf_from_file
---------------- T stbi_loadf_from_memory
---------------- T stbi_set_flip_vertically_on_load
---------------- T stbi_set_unpremultiply_on_load
---------------- T stbi_write_bmp
---------------- T stbi_write_bmp_to_func
---------------- D stbi_write_force_png_filter
---------------- T stbi_write_hdr
---------------- t stbi_write_hdr_core
---------------- T stbi_write_hdr_to_func
---------------- T stbi_write_jpg
---------------- t stbi_write_jpg_core
---------------- d stbi_write_jpg_core.UVAC_HT
---------------- d stbi_write_jpg_core.UVDC_HT
---------------- d stbi_write_jpg_core.UVQT
---------------- d stbi_write_jpg_core.YAC_HT
---------------- d stbi_write_jpg_core.YDC_HT
---------------- d stbi_write_jpg_core.YQT
---------------- d stbi_write_jpg_core.aasf
---------------- d stbi_write_jpg_core.head0
---------------- d stbi_write_jpg_core.head2
---------------- d stbi_write_jpg_core.std_ac_chrominance_nrcodes
---------------- d stbi_write_jpg_core.std_ac_chrominance_values
---------------- d stbi_write_jpg_core.std_ac_luminance_nrcodes
---------------- d stbi_write_jpg_core.std_ac_luminance_values
---------------- d stbi_write_jpg_core.std_dc_chrominance_nrcodes
---------------- d stbi_write_jpg_core.std_dc_chrominance_values
---------------- d stbi_write_jpg_core.std_dc_luminance_nrcodes
---------------- d stbi_write_jpg_core.std_dc_luminance_values
---------------- T stbi_write_jpg_to_func
---------------- T stbi_write_png
---------------- D stbi_write_png_compression_level
---------------- T stbi_write_png_to_func
---------------- T stbi_write_png_to_mem
---------------- T stbi_write_tga
---------------- t stbi_write_tga_core
---------------- T stbi_write_tga_to_func
---------------- D stbi_write_tga_with_rle
---------------- T stbi_zlib_compress
---------------- d stbi_zlib_compress.distc
---------------- d stbi_zlib_compress.disteb
---------------- d stbi_zlib_compress.lengthc
---------------- d stbi_zlib_compress.lengtheb
---------------- T stbi_zlib_decode_buffer
---------------- T stbi_zlib_decode_malloc
---------------- T stbi_zlib_decode_malloc_guesssize
---------------- T stbi_zlib_decode_malloc_guesssize_headerflag
---------------- T stbi_zlib_decode_noheader_buffer
---------------- T stbi_zlib_decode_noheader_malloc
---------------- d stbiw__crc32.crc_table
---------------- t stbiw__encode_png_line
---------------- d stbiw__encode_png_line.firstmap
---------------- d stbiw__encode_png_line.mapping
---------------- d stbiw__jpg_ZigZag
---------------- t stbiw__jpg_processDU
---------------- T stbiw__linear_to_rgbe
---------------- t stbiw__outfile
---------------- T stbiw__write_dump_data
---------------- T stbiw__write_hdr_scanline
---------------- t stbiw__write_pixel
---------------- T stbiw__write_run_data
---------------- t stbiw__writef
---------------- t stbiw__writefv
                 U stderr
                 U stdout
---------------- T stop_thread
                 U stpcpy
                 U strchr
                 U strcmp
                 U strcpy
---------------- T strcpy_s
                 U strdup
                 U strftime
---------------- d strided_slice_node_ops
---------------- t strided_slice_op_map
                 U strlen
                 U strncmp
                 U strncpy
                 U strrchr
                 U strstr
                 U strtod
                 U strtok
                 U strtol
                 U strtoul
---------------- T strtrim
---------------- T subtract
---------------- T sum_2d_ax0
---------------- T sum_2d_ax1
---------------- T sum_3d_ax0
---------------- T sum_3d_ax1
---------------- T sum_3d_ax2
---------------- T sum_4d_ax0
---------------- T sum_4d_ax1
---------------- T sum_4d_ax2
---------------- T sum_4d_ax3
---------------- T sum_5d_ax1
---------------- T sum_5d_ax1_uint8
---------------- T sumexp_4d_ax0
---------------- T sumexp_4d_ax1
---------------- T sumexp_4d_ax2
---------------- T sumexp_4d_ax3
---------------- d swap_axis_node_ops
---------------- t swap_axis_op_map
---------------- d sync_scheduler
---------------- T sys_free
---------------- T sys_malloc
---------------- T sys_realloc
                 U syscall
                 U tan
                 U tanh
---------------- t tanh_op_map
                 U tanhf
---------------- T tengine_classify
---------------- T tengine_resize_f32
---------------- T tensor_in_precision
---------------- t threshold_op_map
---------------- t tile_op_map
                 U time
---------------- t tm2_load_add_n
---------------- t tm2_load_argmax
---------------- t tm2_load_argmin
---------------- t tm2_load_batchnorm
---------------- t tm2_load_batchtospacend
---------------- t tm2_load_bias
---------------- t tm2_load_broadmul
---------------- t tm2_load_cast
---------------- t tm2_load_ceil
---------------- t tm2_load_clip
---------------- t tm2_load_comparison
---------------- t tm2_load_concat
---------------- t tm2_load_conv
---------------- t tm2_load_crop
---------------- t tm2_load_deconv
---------------- t tm2_load_depthtospace
---------------- t tm2_load_detection
---------------- t tm2_load_detection_postprocess
---------------- t tm2_load_dropout
---------------- t tm2_load_eltwise
---------------- t tm2_load_elu
---------------- t tm2_load_embedding
---------------- t tm2_load_expand
---------------- t tm2_load_expanddims
---------------- t tm2_load_fc
---------------- t tm2_load_flatten
---------------- t tm2_load_gather
---------------- t tm2_load_gelu
---------------- t tm2_load_gemm
---------------- t tm2_load_generic
---------------- t tm2_load_gru
---------------- t tm2_load_hard_sigmoid
---------------- t tm2_load_hardswish
---------------- t tm2_load_instancenorm
---------------- t tm2_load_interp
---------------- t tm2_load_l2normalization
---------------- t tm2_load_l2pool
---------------- t tm2_load_layernorm
---------------- t tm2_load_logical
---------------- t tm2_load_logistic
---------------- t tm2_load_logsoftmax
---------------- t tm2_load_lrn
---------------- t tm2_load_lstm
---------------- t tm2_load_matmul
---------------- t tm2_load_max
---------------- t tm2_load_mean
---------------- t tm2_load_mish
---------------- t tm2_load_mvn
---------------- t tm2_load_noop
---------------- t tm2_load_normalize
---------------- t tm2_load_pad
---------------- t tm2_load_permute
---------------- t tm2_load_pooling
---------------- t tm2_load_prelu
---------------- t tm2_load_priorbox
---------------- t tm2_load_psroipooling
---------------- t tm2_load_reciprocal
---------------- t tm2_load_reducel2
---------------- t tm2_load_reduction
---------------- t tm2_load_region
---------------- t tm2_load_relu
---------------- t tm2_load_relu1
---------------- t tm2_load_relu6
---------------- t tm2_load_reorg
---------------- t tm2_load_reshape
---------------- t tm2_load_resize
---------------- t tm2_load_reverse
---------------- t tm2_load_rnn
---------------- t tm2_load_roi_pooling
---------------- t tm2_load_roialign
---------------- t tm2_load_round
---------------- t tm2_load_rpn
---------------- t tm2_load_scale
---------------- t tm2_load_scatter
---------------- t tm2_load_selu
---------------- t tm2_load_shape
---------------- t tm2_load_shuffle_channel
---------------- t tm2_load_sigmoid
---------------- t tm2_load_slice
---------------- t tm2_load_softmax
---------------- t tm2_load_softplus
---------------- t tm2_load_spacetobatchnd
---------------- t tm2_load_spacetodepth
---------------- t tm2_load_sparsetodense
---------------- t tm2_load_spatialtransformer
---------------- t tm2_load_split
---------------- t tm2_load_squareddifference
---------------- t tm2_load_squeeze
---------------- t tm2_load_strided_slice
---------------- t tm2_load_swap_axis
---------------- t tm2_load_tanh
---------------- t tm2_load_threshold
---------------- t tm2_load_tile
---------------- t tm2_load_topkv2
---------------- t tm2_load_transpose
---------------- t tm2_load_unary
---------------- t tm2_load_unsqueeze
---------------- t tm2_load_upsample
---------------- t tm2_load_where
---------------- t tm2_load_zeroslike
---------------- d tm2_serializer
---------------- t topkv2_op_map
---------------- T tranpose
---------------- T transform
---------------- T transpose2d
---------------- T transpose3d
---------------- T transpose4d
---------------- T transpose5d
---------------- T transpose6d
---------------- t transpose_op_map
---------------- T trigger_timer
---------------- t unary_op_map
---------------- t unload_graph
---------------- T unload_tengine_plugin
---------------- T unlock
---------------- T unlock_mutex
---------------- T unregister_absval_op
---------------- T unregister_absval_ref_op
---------------- T unregister_add_n_op
---------------- T unregister_add_n_ref_op
---------------- T unregister_all_cpu_ops
---------------- T unregister_all_devices
---------------- T unregister_all_op_prototype
---------------- T unregister_all_serializer
---------------- T unregister_all_tm2_ops
---------------- T unregister_argmax_op
---------------- T unregister_argmax_ref_op
---------------- T unregister_argmin_op
---------------- T unregister_argmin_ref_op
---------------- T unregister_batchnorm_op
---------------- T unregister_batchnorm_ref_op
---------------- T unregister_batchtospacend_op
---------------- T unregister_batchtospacend_ref_op
---------------- T unregister_bias_op
---------------- T unregister_bias_ref_op
---------------- T unregister_broadmul_op
---------------- T unregister_broadmul_ref_op
---------------- T unregister_builtin_node_ops
---------------- T unregister_cast_op
---------------- T unregister_cast_ref_op
---------------- T unregister_ceil_op
---------------- T unregister_ceil_ref_op
---------------- T unregister_clip_op
---------------- T unregister_clip_ref_op
---------------- T unregister_comparison_op
---------------- T unregister_comparison_ref_op
---------------- T unregister_concat_op
---------------- T unregister_concat_ref_op
---------------- T unregister_const_op
---------------- T unregister_conv_direct_hcl_int8_x86_op
---------------- T unregister_conv_dw_hcl_x86_op
---------------- T unregister_conv_hcl_x86_op
---------------- T unregister_conv_ref_op
---------------- T unregister_convolution_op
---------------- T unregister_cpu_device
---------------- T unregister_crop_op
---------------- T unregister_crop_ref_op
---------------- T unregister_custom_node_ops
---------------- T unregister_deconv_ref_op
---------------- T unregister_deconvolution_op
---------------- T unregister_depthtospace_op
---------------- T unregister_depthtospace_ref_op
---------------- T unregister_detection_output_op
---------------- T unregister_detection_output_ref_op
---------------- T unregister_detection_postprocess_op
---------------- T unregister_detection_postprocess_ref_op
---------------- T unregister_device
---------------- T unregister_dropout_op
---------------- T unregister_dropout_ref_op
---------------- T unregister_eltwise_op
---------------- T unregister_eltwise_ref_op
---------------- T unregister_elu_op
---------------- T unregister_elu_ref_op
---------------- T unregister_embedding_op
---------------- T unregister_embedding_ref_op
---------------- T unregister_expand_op
---------------- T unregister_expand_ref_op
---------------- T unregister_expanddims_op
---------------- T unregister_expanddims_ref_op
---------------- T unregister_fc_hcl_x86_op
---------------- T unregister_fc_op
---------------- T unregister_fc_ref_op
---------------- T unregister_flatten_op
---------------- T unregister_flatten_ref_op
---------------- T unregister_gather_op
---------------- T unregister_gather_ref_op
---------------- T unregister_gelu_op
---------------- T unregister_gelu_ref_op
---------------- T unregister_gemm_op
---------------- T unregister_generic_op
---------------- T unregister_gru_op
---------------- T unregister_gru_ref_op
---------------- T unregister_hardsigmoid_op
---------------- T unregister_hardsigmoid_ref_op
---------------- T unregister_hardswish_op
---------------- T unregister_hardswish_ref_op
---------------- T unregister_input_op
---------------- T unregister_input_ref_op
---------------- T unregister_instancenorm_op
---------------- T unregister_instancenorm_ref_op
---------------- T unregister_interp_op
---------------- T unregister_interp_ref_op
---------------- T unregister_l2normalization_op
---------------- T unregister_l2normalization_ref_op
---------------- T unregister_l2pool_op
---------------- T unregister_l2pool_ref_op
---------------- T unregister_layernorm_op
---------------- T unregister_layernorm_ref_op
---------------- T unregister_logical_op
---------------- T unregister_logical_ref_op
---------------- T unregister_logistic_ref_op
---------------- T unregister_logsoftmax_op
---------------- T unregister_logsoftmax_ref_op
---------------- T unregister_lrn_op
---------------- T unregister_lrn_ref_op
---------------- T unregister_lstm_op
---------------- T unregister_lstm_ref_op
---------------- T unregister_matmul_op
---------------- T unregister_matmul_ref_op
---------------- T unregister_maximum_op
---------------- T unregister_maximum_ref_op
---------------- T unregister_mean_op
---------------- T unregister_mean_ref_op
---------------- T unregister_minimum_op
---------------- T unregister_minimum_ref_op
---------------- T unregister_mish_op
---------------- T unregister_mish_ref_op
---------------- T unregister_mvn_op
---------------- T unregister_mvn_ref_op
---------------- T unregister_noop_op
---------------- T unregister_noop_ref_op
---------------- T unregister_normalize_op
---------------- T unregister_normalize_ref_op
---------------- T unregister_op
---------------- t unregister_op_loader
---------------- T unregister_op_name
---------------- T unregister_pad_op
---------------- T unregister_pad_ref_op
---------------- T unregister_permute_op
---------------- T unregister_permute_ref_op
---------------- T unregister_pooling_op
---------------- T unregister_pooling_ref_op
---------------- T unregister_prelu_op
---------------- T unregister_prelu_ref_op
---------------- T unregister_priorbox_op
---------------- T unregister_priorbox_ref_op
---------------- T unregister_psroipooling_op
---------------- T unregister_psroipooling_ref_op
---------------- T unregister_reciprocal_op
---------------- T unregister_reciprocal_ref_op
---------------- T unregister_reducel2_op
---------------- T unregister_reducel2_ref_op
---------------- T unregister_reduction_op
---------------- T unregister_reduction_ref_op
---------------- T unregister_region_op
---------------- T unregister_region_ref_op
---------------- T unregister_relu1_op
---------------- T unregister_relu1_ref_op
---------------- T unregister_relu6_op
---------------- T unregister_relu6_ref_op
---------------- T unregister_relu_op
---------------- T unregister_relu_ref_op
---------------- T unregister_reorg_op
---------------- T unregister_reorg_ref_op
---------------- T unregister_reshape_op
---------------- T unregister_reshape_ref_op
---------------- T unregister_resize_op
---------------- T unregister_resize_ref_op
---------------- T unregister_reverse_op
---------------- T unregister_reverse_ref_op
---------------- T unregister_rnn_op
---------------- T unregister_rnn_ref_op
---------------- T unregister_roialign_op
---------------- T unregister_roialign_ref_op
---------------- T unregister_roipooling_op
---------------- T unregister_roipooling_ref_op
---------------- T unregister_round_op
---------------- T unregister_round_ref_op
---------------- T unregister_rpn_op
---------------- T unregister_rpn_ref_op
---------------- T unregister_scale_op
---------------- T unregister_scale_ref_op
---------------- T unregister_scatter_op
---------------- T unregister_scatter_ref_op
---------------- T unregister_selu_op
---------------- T unregister_selu_ref_op
---------------- T unregister_serializer
---------------- T unregister_shape_op
---------------- T unregister_shape_ref_op
---------------- T unregister_shuffle_channel_op
---------------- T unregister_shuffle_channel_ref_op
---------------- T unregister_sigmoid_op
---------------- T unregister_sigmoid_ref_op
---------------- T unregister_slice_op
---------------- T unregister_slice_ref_op
---------------- T unregister_softmax_op
---------------- T unregister_softmax_ref_op
---------------- T unregister_softplus_op
---------------- T unregister_softplus_ref_op
---------------- T unregister_spacetobatchnd_op
---------------- T unregister_spacetobatchnd_ref_op
---------------- T unregister_spacetodepth_op
---------------- T unregister_spacetodepth_ref_op
---------------- T unregister_sparsetodense_op
---------------- T unregister_sparsetodense_ref_op
---------------- T unregister_spatialtransformer_op
---------------- T unregister_spatialtransformer_ref_op
---------------- T unregister_split_op
---------------- T unregister_split_ref_op
---------------- T unregister_squareddifference_op
---------------- T unregister_squareddifference_ref_op
---------------- T unregister_squeeze_op
---------------- T unregister_squeeze_ref_op
---------------- T unregister_strided_slice_op
---------------- T unregister_strided_slice_ref_op
---------------- T unregister_swap_axis_op
---------------- T unregister_swap_axis_ref_op
---------------- T unregister_tanh_op
---------------- T unregister_tanh_ref_op
---------------- T unregister_threshold_op
---------------- T unregister_threshold_ref_op
---------------- T unregister_tile_op
---------------- T unregister_tile_ref_op
---------------- T unregister_tm2_add_n_op
---------------- T unregister_tm2_argmax_op
---------------- T unregister_tm2_argmin_op
---------------- T unregister_tm2_batchnorm_op
---------------- T unregister_tm2_batchtospacend_op
---------------- T unregister_tm2_bias_op
---------------- T unregister_tm2_broadmul_op
---------------- T unregister_tm2_cast_op
---------------- T unregister_tm2_ceil_op
---------------- T unregister_tm2_clip_op
---------------- T unregister_tm2_comparison_op
---------------- T unregister_tm2_concat_op
---------------- T unregister_tm2_conv_op
---------------- T unregister_tm2_crop_op
---------------- T unregister_tm2_deconv_op
---------------- T unregister_tm2_depthtospace_op
---------------- T unregister_tm2_detection_output_op
---------------- T unregister_tm2_detection_postprocess_op
---------------- T unregister_tm2_dropout_op
---------------- T unregister_tm2_eltwise_op
---------------- T unregister_tm2_elu_op
---------------- T unregister_tm2_embedding_op
---------------- T unregister_tm2_expand_op
---------------- T unregister_tm2_expanddims_op
---------------- T unregister_tm2_fc_op
---------------- T unregister_tm2_flatten_op
---------------- T unregister_tm2_gather_op
---------------- T unregister_tm2_gelu_op
---------------- T unregister_tm2_gemm_op
---------------- T unregister_tm2_generic_op
---------------- T unregister_tm2_gru_op
---------------- T unregister_tm2_hardsigmoid_op
---------------- T unregister_tm2_hardswish_op
---------------- T unregister_tm2_instancenorm_op
---------------- T unregister_tm2_interp_op
---------------- T unregister_tm2_l2normalization_op
---------------- T unregister_tm2_l2pool_op
---------------- T unregister_tm2_layernorm_op
---------------- T unregister_tm2_logical_op
---------------- T unregister_tm2_logistic_op
---------------- T unregister_tm2_logsoftmax_op
---------------- T unregister_tm2_lrn_op
---------------- T unregister_tm2_lstm_op
---------------- T unregister_tm2_matmul_op
---------------- T unregister_tm2_maximum_op
---------------- T unregister_tm2_mean_op
---------------- T unregister_tm2_mish_op
---------------- T unregister_tm2_mvn_op
---------------- T unregister_tm2_noop_op
---------------- T unregister_tm2_normalize_op
---------------- T unregister_tm2_pad_op
---------------- T unregister_tm2_permute_op
---------------- T unregister_tm2_pool_op
---------------- T unregister_tm2_prelu_op
---------------- T unregister_tm2_priorbox_op
---------------- T unregister_tm2_psroipooling_op
---------------- T unregister_tm2_reciprocal_op
---------------- T unregister_tm2_reducel2_op
---------------- T unregister_tm2_reduction_op
---------------- T unregister_tm2_region_op
---------------- T unregister_tm2_relu1_op
---------------- T unregister_tm2_relu6_op
---------------- T unregister_tm2_relu_op
---------------- T unregister_tm2_reorg_op
---------------- T unregister_tm2_reshape_op
---------------- T unregister_tm2_resize_op
---------------- T unregister_tm2_reverse_op
---------------- T unregister_tm2_rnn_op
---------------- T unregister_tm2_roialign_op
---------------- T unregister_tm2_roipooling_op
---------------- T unregister_tm2_round_op
---------------- T unregister_tm2_rpn_op
---------------- T unregister_tm2_scale_op
---------------- T unregister_tm2_scatter_op
---------------- T unregister_tm2_selu_op
---------------- T unregister_tm2_serializer
---------------- T unregister_tm2_shape_op
---------------- T unregister_tm2_shuffle_channel_op
---------------- T unregister_tm2_sigmoid_op
---------------- T unregister_tm2_slice_op
---------------- T unregister_tm2_softmax_op
---------------- T unregister_tm2_softplus_op
---------------- T unregister_tm2_spacetobatchnd_op
---------------- T unregister_tm2_spacetodepth_op
---------------- T unregister_tm2_sparsetodense_op
---------------- T unregister_tm2_spatialtransformer_op
---------------- T unregister_tm2_split_op
---------------- T unregister_tm2_squareddifference_op
---------------- T unregister_tm2_squeeze_op
---------------- T unregister_tm2_strided_slice_op
---------------- T unregister_tm2_swap_axis_op
---------------- T unregister_tm2_tanh_op
---------------- T unregister_tm2_threshold_op
---------------- T unregister_tm2_tile_op
---------------- T unregister_tm2_topkv2_op
---------------- T unregister_tm2_transpose_op
---------------- T unregister_tm2_unary_op
---------------- T unregister_tm2_unsqueeze_op
---------------- T unregister_tm2_upsample_op
---------------- T unregister_tm2_where_op
---------------- T unregister_tm2_zeroslike_op
---------------- T unregister_topkv2_op
---------------- T unregister_topkv2_ref_op
---------------- T unregister_transpose_op
---------------- T unregister_transpose_ref_op
---------------- T unregister_unary_op
---------------- T unregister_unary_ref_op
---------------- T unregister_unsqueeze_op
---------------- T unregister_unsqueeze_ref_op
---------------- T unregister_upsample_op
---------------- T unregister_upsample_ref_op
---------------- T unregister_where_op
---------------- T unregister_where_ref_op
---------------- T unregister_zeroslike_op
---------------- T unregister_zeroslike_ref_op
---------------- d unsqueeze_node_ops
---------------- t unsqueeze_op_map
---------------- T update_ACTION
---------------- T update_API_VERSION
---------------- T update_APPID
---------------- T update_ARCH
---------------- T update_CPUFREQ
---------------- T update_CPUID
---------------- T update_CPUNUM
---------------- T update_HCL_VERSION
---------------- T update_IP
---------------- T update_KERNEL
---------------- T update_KEY_TOKEN
---------------- T update_MEM
---------------- T update_OS
---------------- T update_PID
---------------- T update_PROC
---------------- T update_REPORT_DATE
---------------- T update_SESS
---------------- T update_SIGN
---------------- T update_TENGINE_VERSION
---------------- T update_UID
---------------- t upsample_op_map
                 U usleep
                 U vsnprintf
---------------- T wait_graph
---------------- T whctrs
---------------- t where_op_map
---------------- T wino_conv_hcl_postrun
---------------- T wino_conv_hcl_prerun
---------------- T wino_conv_hcl_run
---------------- t worker_run
                 U write
---------------- t zeroslike_op_map
