                 U __assert_fail
                 U __errno_location
                 U __isoc99_fscanf
                 U acos
                 U asin
                 U atan
                 U bcmp
                 U calloc
                 U close
                 U connect
                 U cos
                 U dlclose
                 U dlerror
                 U dlopen
                 U dlsym
                 U erf
                 U exit
                 U exp
                 U expf
                 U fclose
                 U fcntl
                 U feof
                 U fgets
                 U fopen
                 U fprintf
                 U fputc
                 U fputs
                 U fread
                 U free
                 U freeaddrinfo
                 U frexp
                 U fseek
                 U fstat
                 U ftell
                 U fwrite
                 U getaddrinfo
                 U getenv
                 U getopt
                 U getpid
                 U getsockopt
                 U gettimeofday
                 U inet_ntop
                 U ioctl
                 U ldexp
                 U localtime
                 U log
                 U malloc
                 U mkdir
                 U open
                 U optarg
                 U pow
                 U powf
                 U printf
                 U pthread_attr_init
                 U pthread_attr_setdetachstate
                 U pthread_create
                 U pthread_join
                 U pthread_mutex_destroy
                 U pthread_mutex_init
                 U pthread_mutex_lock
                 U pthread_mutex_unlock
                 U pthread_mutexattr_init
                 U pthread_mutexattr_settype
                 U puts
                 U rand
                 U read
                 U readlink
                 U realloc
                 U select
                 U setsockopt
                 U shutdown
                 U signal
                 U sin
                 U snprintf
                 U socket
                 U sprintf
                 U sqrt
                 U sqrtf
                 U srand
                 U stat
                 U stderr
                 U stdout
                 U stpcpy
                 U strchr
                 U strcmp
                 U strcpy
                 U strdup
                 U strftime
                 U strlen
                 U strncmp
                 U strncpy
                 U strrchr
                 U strstr
                 U strtod
                 U strtok
                 U strtol
                 U strtoul
                 U syscall
                 U tan
                 U tanh
                 U tanhf
                 U time
                 U usleep
                 U vsnprintf
                 U write
