Determining if the include file direct.h exists failed with the following output:
Change Dir: /home/jimi/PaperExperiment/CompilerOptimization/CompilerResult/libsndfile/LLVM14-O2-g/CMakeBuild/CMakeFiles/CMakeTmp

Run Build Command(s):/usr/bin/gmake -f Makefile cmTC_547d8/fast && /usr/bin/gmake  -f CMakeFiles/cmTC_547d8.dir/build.make CMakeFiles/cmTC_547d8.dir/build
gmake[1]: Entering directory '/home/jimi/PaperExperiment/CompilerOptimization/CompilerResult/libsndfile/LLVM14-O2-g/CMakeBuild/CMakeFiles/CMakeTmp'
Building C object CMakeFiles/cmTC_547d8.dir/CheckIncludeFile.c.o
/usr/bin/clang-14   -std=gnu99 -MD -MT CMakeFiles/cmTC_547d8.dir/CheckIncludeFile.c.o -MF CMakeFiles/cmTC_547d8.dir/CheckIncludeFile.c.o.d -o CMakeFiles/cmTC_547d8.dir/CheckIncludeFile.c.o -c /home/jimi/PaperExperiment/CompilerOptimization/CompilerResult/libsndfile/LLVM14-O2-g/CMakeBuild/CMakeFiles/CMakeTmp/CheckIncludeFile.c
/home/jimi/PaperExperiment/CompilerOptimization/CompilerResult/libsndfile/LLVM14-O2-g/CMakeBuild/CMakeFiles/CMakeTmp/CheckIncludeFile.c:1:10: fatal error: 'direct.h' file not found
#include <direct.h>
         ^~~~~~~~~~
1 error generated.
gmake[1]: *** [CMakeFiles/cmTC_547d8.dir/build.make:79: CMakeFiles/cmTC_547d8.dir/CheckIncludeFile.c.o] Error 1
gmake[1]: Leaving directory '/home/jimi/PaperExperiment/CompilerOptimization/CompilerResult/libsndfile/LLVM14-O2-g/CMakeBuild/CMakeFiles/CMakeTmp'
gmake: *** [Makefile:127: cmTC_547d8/fast] Error 2



Determining if the include file io.h exists failed with the following output:
Change Dir: /home/jimi/PaperExperiment/CompilerOptimization/CompilerResult/libsndfile/LLVM14-O2-g/CMakeBuild/CMakeFiles/CMakeTmp

Run Build Command(s):/usr/bin/gmake -f Makefile cmTC_aab20/fast && /usr/bin/gmake  -f CMakeFiles/cmTC_aab20.dir/build.make CMakeFiles/cmTC_aab20.dir/build
gmake[1]: Entering directory '/home/jimi/PaperExperiment/CompilerOptimization/CompilerResult/libsndfile/LLVM14-O2-g/CMakeBuild/CMakeFiles/CMakeTmp'
Building C object CMakeFiles/cmTC_aab20.dir/CheckIncludeFile.c.o
/usr/bin/clang-14   -std=gnu99 -MD -MT CMakeFiles/cmTC_aab20.dir/CheckIncludeFile.c.o -MF CMakeFiles/cmTC_aab20.dir/CheckIncludeFile.c.o.d -o CMakeFiles/cmTC_aab20.dir/CheckIncludeFile.c.o -c /home/jimi/PaperExperiment/CompilerOptimization/CompilerResult/libsndfile/LLVM14-O2-g/CMakeBuild/CMakeFiles/CMakeTmp/CheckIncludeFile.c
/home/jimi/PaperExperiment/CompilerOptimization/CompilerResult/libsndfile/LLVM14-O2-g/CMakeBuild/CMakeFiles/CMakeTmp/CheckIncludeFile.c:1:10: fatal error: 'io.h' file not found
#include <io.h>
         ^~~~~~
1 error generated.
gmake[1]: *** [CMakeFiles/cmTC_aab20.dir/build.make:79: CMakeFiles/cmTC_aab20.dir/CheckIncludeFile.c.o] Error 1
gmake[1]: Leaving directory '/home/jimi/PaperExperiment/CompilerOptimization/CompilerResult/libsndfile/LLVM14-O2-g/CMakeBuild/CMakeFiles/CMakeTmp'
gmake: *** [Makefile:127: cmTC_aab20/fast] Error 2



Determining if the function sqlite3_close exists in the sqlite3 failed with the following output:
Change Dir: /home/jimi/PaperExperiment/CompilerOptimization/CompilerResult/libsndfile/LLVM14-O2-g/CMakeBuild/CMakeFiles/CMakeTmp

Run Build Command(s):/usr/bin/gmake -f Makefile cmTC_3c45b/fast && /usr/bin/gmake  -f CMakeFiles/cmTC_3c45b.dir/build.make CMakeFiles/cmTC_3c45b.dir/build
gmake[1]: Entering directory '/home/jimi/PaperExperiment/CompilerOptimization/CompilerResult/libsndfile/LLVM14-O2-g/CMakeBuild/CMakeFiles/CMakeTmp'
Building C object CMakeFiles/cmTC_3c45b.dir/CheckFunctionExists.c.o
/usr/bin/clang-14   -DCHECK_FUNCTION_EXISTS=sqlite3_close -std=gnu99 -MD -MT CMakeFiles/cmTC_3c45b.dir/CheckFunctionExists.c.o -MF CMakeFiles/cmTC_3c45b.dir/CheckFunctionExists.c.o.d -o CMakeFiles/cmTC_3c45b.dir/CheckFunctionExists.c.o -c /usr/share/cmake-3.22/Modules/CheckFunctionExists.c
Linking C executable cmTC_3c45b
/usr/bin/cmake -E cmake_link_script CMakeFiles/cmTC_3c45b.dir/link.txt --verbose=1
/usr/bin/clang-14  -DCHECK_FUNCTION_EXISTS=sqlite3_close CMakeFiles/cmTC_3c45b.dir/CheckFunctionExists.c.o -o cmTC_3c45b  -lsqlite3 -lm 
/usr/bin/ld: cannot find -lsqlite3: No such file or directory
clang: error: linker command failed with exit code 1 (use -v to see invocation)
gmake[1]: *** [CMakeFiles/cmTC_3c45b.dir/build.make:100: cmTC_3c45b] Error 1
gmake[1]: Leaving directory '/home/jimi/PaperExperiment/CompilerOptimization/CompilerResult/libsndfile/LLVM14-O2-g/CMakeBuild/CMakeFiles/CMakeTmp'
gmake: *** [Makefile:127: cmTC_3c45b/fast] Error 2



