                 U __assert_fail
                 U __ctype_b_loc
                 U __ctype_tolower_loc
                 U __errno_location
                 U __isoc99_sscanf
                 U access
                 U bcmp
                 U calloc
                 U close
                 U exit
                 U fclose
                 U fmod
                 U fopen
                 U fprintf
                 U fread
                 U free
                 U frexp
                 U fseek
                 U fstat
                 U fsync
                 U ftruncate
                 U fwrite
                 U getenv
                 U gettimeofday
                 U gmtime_r
                 U ldexp
                 U lseek
                 U malloc
                 U open
                 U printf
                 U putc
                 U putchar
                 U puts
                 U read
                 U realloc
                 U remove
                 U snprintf
                 U stat
                 U stderr
                 U stdout
                 U strcmp
                 U strerror
                 U strlen
                 U strncat
                 U strncmp
                 U strncpy
                 U strnlen
                 U strrchr
                 U strstr
                 U strtod
                 U strtol
                 U strtoll
                 U time
                 U vsnprintf
                 U write
