---------------- t AddBit
---------------- t AddLZ77Block
---------------- t AddNonCompressedBlock
---------------- t BoundaryPM
---------------- t CalculateBlockSymbolSizeSmall
---------------- t CalculateTreeSize
---------------- t EncodeTree
---------------- d EncodeTree.order
---------------- t GetCostFixed
---------------- d GetCostModelMinCost.dsymbols
---------------- t GetCostStat
---------------- t GetDynamicLengths
---------------- t LZ77OptimalRun
---------------- t LeafComparator
---------------- T OptimizeHuffmanForRle
---------------- T ZopfliAllocHash
---------------- T ZopfliAppendLZ77Store
---------------- T ZopfliBlockSplit
---------------- T ZopfliBlockSplitLZ77
---------------- T ZopfliBlockSplitSimple
---------------- T ZopfliCacheToSublen
---------------- T ZopfliCalculateBitLengths
---------------- T ZopfliCalculateBlockSize
---------------- T ZopfliCalculateBlockSizeAutoType
---------------- T ZopfliCalculateEntropy
---------------- T ZopfliCleanBlockState
---------------- T ZopfliCleanCache
---------------- T ZopfliCleanHash
---------------- T ZopfliCleanLZ77Store
---------------- T ZopfliCompress
---------------- T ZopfliCopyLZ77Store
---------------- T ZopfliDeflate
---------------- T ZopfliDeflatePart
---------------- T ZopfliFindLongestMatch
---------------- d ZopfliGetDistSymbolExtraBits.table
---------------- d ZopfliGetLengthExtraBits.table
---------------- d ZopfliGetLengthExtraBits.table.78
---------------- d ZopfliGetLengthExtraBitsValue.table
---------------- d ZopfliGetLengthSymbol.table
---------------- d ZopfliGetLengthSymbol.table.40
---------------- d ZopfliGetLengthSymbol.table.65
---------------- d ZopfliGetLengthSymbolExtraBits.table
---------------- T ZopfliGzipCompress
---------------- T ZopfliInitBlockState
---------------- T ZopfliInitCache
---------------- T ZopfliInitLZ77Store
---------------- T ZopfliInitOptions
---------------- T ZopfliLZ77GetByteRange
---------------- T ZopfliLZ77GetHistogram
---------------- T ZopfliLZ77Greedy
---------------- T ZopfliLZ77Optimal
---------------- T ZopfliLZ77OptimalFixed
---------------- T ZopfliLengthLimitedCodeLengths
---------------- T ZopfliLengthsToSymbols
---------------- T ZopfliMaxCachedSublen
---------------- T ZopfliResetHash
---------------- T ZopfliStoreLitLenDist
---------------- T ZopfliSublenToCache
---------------- T ZopfliUpdateHash
---------------- T ZopfliVerifyLenDist
---------------- T ZopfliWarmupHash
---------------- T ZopfliZlibCompress
                 U __assert_fail
---------------- d crc32_table
                 U exit
                 U fclose
                 U fopen
                 U fprintf
                 U fread
                 U free
                 U fseek
                 U ftell
                 U fwrite
                 U log
---------------- T main
                 U malloc
                 U qsort
                 U realloc
                 U rewind
                 U stderr
                 U stdout
                 U strcmp
                 U strcpy
                 U strlen
                 U strtol
