                 U __assert_fail
                 U exit
                 U fclose
                 U fopen
                 U fprintf
                 U fread
                 U free
                 U fseek
                 U ftell
                 U fwrite
                 U log
                 U malloc
                 U qsort
                 U realloc
                 U rewind
                 U stderr
                 U stdout
                 U strcmp
                 U strcpy
                 U strlen
                 U strtol
